Component: ARM Compiler 6.16 Tool: armlink [5dfeaa00]

==============================================================================

Section Cross References

    startup_stm32f103xb.o(STACK) refers (Special) to heapauxi.o(.text) for __use_two_region_memory
    startup_stm32f103xb.o(HEAP) refers (Special) to heapauxi.o(.text) for __use_two_region_memory
    startup_stm32f103xb.o(RESET) refers (Special) to heapauxi.o(.text) for __use_two_region_memory
    startup_stm32f103xb.o(RESET) refers to startup_stm32f103xb.o(STACK) for __initial_sp
    startup_stm32f103xb.o(RESET) refers to startup_stm32f103xb.o(.text) for Reset_Handler
    startup_stm32f103xb.o(RESET) refers to stm32f1xx_it.o(.text) for NMI_Handler
    startup_stm32f103xb.o(.text) refers (Special) to heapauxi.o(.text) for __use_two_region_memory
    startup_stm32f103xb.o(.text) refers to system_stm32f1xx.o(.text) for SystemInit
    startup_stm32f103xb.o(.text) refers to __main.o(!!!main) for __main
    startup_stm32f103xb.o(.text) refers to startup_stm32f103xb.o(HEAP) for Heap_Mem
    startup_stm32f103xb.o(.text) refers to startup_stm32f103xb.o(STACK) for Stack_Mem
    main.o(.text) refers to stm32f1xx_hal.o(.text) for HAL_Init
    main.o(.text) refers to stm32f1xx_hal_rcc.o(.text) for HAL_RCC_OscConfig
    main.o(.text) refers to stm32f1xx_hal_gpio.o(.text) for HAL_GPIO_WritePin
    main.o(.text) refers to main.o(.bss.htim2) for htim2
    main.o(.text) refers to stm32f1xx_hal_tim.o(.text) for HAL_TIM_Base_Init
    main.o(.text) refers to stm32f1xx_hal_tim_ex.o(.text) for HAL_TIMEx_MasterConfigSynchronization
    main.o(.text) refers to stm32f1xx_hal_msp.o(.text) for HAL_TIM_MspPostInit
    main.o(.text) refers to main.o(.bss.huart1) for huart1
    main.o(.text) refers to stm32f1xx_hal_uart.o(.text) for HAL_UART_Init
    main.o(.text) refers to main.o(.bss.htim1) for htim1
    main.o(.text) refers to main.o(.bss.htim3) for htim3
    main.o(.text) refers to main.o(.bss.htim4) for htim4
    main.o(.text) refers to cnc-logic.o(.text) for InitDevice
    main.o(.ARM.exidx) refers to main.o(.text) for [Anonymous Symbol]
    cnc-logic.o(.text) refers to main.o(.text) for GetPeriph
    cnc-logic.o(.text) refers to cnc-logic.o(.bss..L_MergedGlobals) for .L_MergedGlobals
    cnc-logic.o(.text) refers to cnc-logic.o(.bss.uartRxBuffer) for uartRxBuffer
    cnc-logic.o(.text) refers to stm32f1xx_hal_uart.o(.text) for HAL_UART_Receive_IT
    cnc-logic.o(.text) refers to strchr.o(.text) for strchr
    cnc-logic.o(.text) refers to atof.o(i.atof) for atof
    cnc-logic.o(.text) refers to d2f.o(x$fpl$d2f) for __aeabi_d2f
    cnc-logic.o(.text) refers to ffix.o(x$fpl$ffix) for __aeabi_f2iz
    cnc-logic.o(.text) refers to faddsub_clz.o(x$fpl$fadd) for __aeabi_fadd
    cnc-logic.o(.text) refers to fcmp.o(x$fpl$fcmp) for __aeabi_fcmplt
    cnc-logic.o(.text) refers to faddsub_clz.o(x$fpl$fsub) for __aeabi_fsub
    cnc-logic.o(.text) refers to f2d.o(x$fpl$f2d) for __aeabi_f2d
    cnc-logic.o(.text) refers to ddiv.o(x$fpl$ddiv) for __aeabi_ddiv
    cnc-logic.o(.text) refers to dfix.o(x$fpl$dfix) for __aeabi_d2iz
    cnc-logic.o(.ARM.exidx) refers to cnc-logic.o(.text) for [Anonymous Symbol]
    stm32f1xx_it.o(.text) refers to stm32f1xx_hal.o(.text) for HAL_IncTick
    stm32f1xx_it.o(.text) refers to main.o(.bss.huart1) for huart1
    stm32f1xx_it.o(.text) refers to stm32f1xx_hal_uart.o(.text) for HAL_UART_IRQHandler
    stm32f1xx_it.o(.ARM.exidx) refers to stm32f1xx_it.o(.text) for [Anonymous Symbol]
    stm32f1xx_hal_msp.o(.text) refers to stm32f1xx_hal_gpio.o(.text) for HAL_GPIO_Init
    stm32f1xx_hal_msp.o(.text) refers to stm32f1xx_hal_cortex.o(.text) for HAL_NVIC_SetPriority
    stm32f1xx_hal_msp.o(.ARM.exidx) refers to stm32f1xx_hal_msp.o(.text) for [Anonymous Symbol]
    stm32f1xx_hal_gpio_ex.o(.ARM.exidx) refers to stm32f1xx_hal_gpio_ex.o(.text) for [Anonymous Symbol]
    stm32f1xx_hal_tim.o(.text) refers to stm32f1xx_hal_msp.o(.text) for HAL_TIM_Base_MspInit
    stm32f1xx_hal_tim.o(.text) refers to stm32f1xx_hal_dma.o(.text) for HAL_DMA_Start_IT
    stm32f1xx_hal_tim.o(.text) refers to stm32f1xx_hal_tim.o(.rodata.cst16) for .Lswitch.table.HAL_TIM_IC_Start_IT
    stm32f1xx_hal_tim.o(.text) refers to stm32f1xx_hal_tim_ex.o(.text) for HAL_TIMEx_CommutCallback
    stm32f1xx_hal_tim.o(.ARM.exidx) refers to stm32f1xx_hal_tim.o(.text) for [Anonymous Symbol]
    stm32f1xx_hal_tim_ex.o(.text) refers to stm32f1xx_hal_tim.o(.text) for TIM_Base_SetConfig
    stm32f1xx_hal_tim_ex.o(.text) refers to stm32f1xx_hal_dma.o(.text) for HAL_DMA_Start_IT
    stm32f1xx_hal_tim_ex.o(.ARM.exidx) refers to stm32f1xx_hal_tim_ex.o(.text) for [Anonymous Symbol]
    stm32f1xx_hal.o(.text) refers to stm32f1xx_hal_cortex.o(.text) for HAL_NVIC_SetPriorityGrouping
    stm32f1xx_hal.o(.text) refers to stm32f1xx_hal_msp.o(.text) for HAL_MspInit
    stm32f1xx_hal.o(.text) refers to stm32f1xx_hal.o(.data..L_MergedGlobals) for .L_MergedGlobals
[...]
    i.ldexp                                  0x0800c0a4   Section        0  ldexp.o(i.ldexp)
    locale$$code                             0x0800c118   Section       44  lc_numeric_c.o(locale$$code)
    locale$$code                             0x0800c144   Section       44  lc_ctype_c.o(locale$$code)
    x$fpl$d2f                                0x0800c170   Section       98  d2f.o(x$fpl$d2f)
    x$fpl$dcheck1                            0x0800c1d4   Section       16  dcheck1.o(x$fpl$dcheck1)
    x$fpl$dcmpinf                            0x0800c1e4   Section       24  dcmpi.o(x$fpl$dcmpinf)
    x$fpl$ddiv                               0x0800c1fc   Section      692  ddiv.o(x$fpl$ddiv)
    ddiv_entry                               0x0800c203   Thumb Code     0  ddiv.o(x$fpl$ddiv)
    x$fpl$deqf                               0x0800c4b0   Section      120  deqf.o(x$fpl$deqf)
    x$fpl$dfix                               0x0800c528   Section       94  dfix.o(x$fpl$dfix)
    x$fpl$dleqf                              0x0800c588   Section      120  dleqf.o(x$fpl$dleqf)
    x$fpl$dnaninf                            0x0800c600   Section      156  dnaninf.o(x$fpl$dnaninf)
    x$fpl$dretinf                            0x0800c69c   Section       12  dretinf.o(x$fpl$dretinf)
    x$fpl$drleqf                             0x0800c6a8   Section      108  drleqf.o(x$fpl$drleqf)
    x$fpl$f2d                                0x0800c714   Section       86  f2d.o(x$fpl$f2d)
    x$fpl$fadd                               0x0800c76c   Section      196  faddsub_clz.o(x$fpl$fadd)
    _fadd1                                   0x0800c77b   Thumb Code     0  faddsub_clz.o(x$fpl$fadd)
    x$fpl$fcmp                               0x0800c830   Section       84  fcmp.o(x$fpl$fcmp)
    x$fpl$fcmpinf                            0x0800c884   Section       24  fcmpi.o(x$fpl$fcmpinf)
    x$fpl$feqf                               0x0800c89c   Section      104  feqf.o(x$fpl$feqf)
    x$fpl$ffix                               0x0800c904   Section       54  ffix.o(x$fpl$ffix)
    x$fpl$fgeqf                              0x0800c93c   Section      104  fgeqf.o(x$fpl$fgeqf)
    x$fpl$fleqf                              0x0800c9a4   Section      104  fleqf.o(x$fpl$fleqf)
    x$fpl$fnaninf                            0x0800ca0c   Section      140  fnaninf.o(x$fpl$fnaninf)
    x$fpl$fretinf                            0x0800ca98   Section       10  fretinf.o(x$fpl$fretinf)
    x$fpl$fsub                               0x0800caa4   Section      234  faddsub_clz.o(x$fpl$fsub)
    _fsub1                                   0x0800cab3   Thumb Code     0  faddsub_clz.o(x$fpl$fsub)
    x$fpl$ieeestatus                         0x0800cb8e   Section        6  istatus.o(x$fpl$ieeestatus)
    x$fpl$retnan                             0x0800cb94   Section      100  retnan.o(x$fpl$retnan)
    x$fpl$scalbn                             0x0800cbf8   Section       92  scalbn.o(x$fpl$scalbn)
    x$fpl$scanf1                             0x0800cc54   Section        4  scanf1.o(x$fpl$scanf1)
    x$fpl$scanf2                             0x0800cc58   Section        8  scanf2.o(x$fpl$scanf2)
    x$fpl$trapveneer                         0x0800cc60   Section       48  trapv.o(x$fpl$trapveneer)
    tenpwrs_x                                0x0800cc90   Data          60  bigflt0.o(.constdata)
    .constdata                               0x0800cc90   Section      148  bigflt0.o(.constdata)
    x$fpl$usenofp                            0x0800cc90   Section        0  usenofp.o(x$fpl$usenofp)
    tenpwrs_i                                0x0800cccc   Data          64  bigflt0.o(.constdata)
    HAL_RCC_GetSysClockFreq.aPredivFactorTable 0x0800cd3c   Data           2  stm32f1xx_hal_rcc.o(.rodata.HAL_RCC_GetSysClockFreq.aPredivFactorTable)
    [Anonymous Symbol]                       0x0800cd3c   Section        0  stm32f1xx_hal_rcc.o(.rodata.HAL_RCC_GetSysClockFreq.aPredivFactorTable)
    .Lswitch.table.HAL_TIM_IC_Start_IT       0x0800cd40   Data          16  stm32f1xx_hal_tim.o(.rodata.cst16)
    .Lswitch.table.HAL_TIM_IC_Stop_IT        0x0800cd50   Data          16  stm32f1xx_hal_tim.o(.rodata.cst16)
    HAL_RCC_GetSysClockFreq.aPLLMULFactorTable 0x0800cd60   Data          16  stm32f1xx_hal_rcc.o(.rodata.cst16)
    [Anonymous Symbol]                       0x0800cd60   Section        0  stm32f1xx_hal_rcc.o(.rodata.cst16)
    c$$dinf                                  0x0800cd90   Section        8  fpconst.o(c$$dinf)
    c$$dmax                                  0x0800cd98   Section        8  fpconst.o(c$$dmax)
    locale$$data                             0x0800cda0   Section       28  lc_numeric_c.o(locale$$data)
    __lcnum_c_name                           0x0800cda4   Data           2  lc_numeric_c.o(locale$$data)
    __lcnum_c_start                          0x0800cdac   Data           0  lc_numeric_c.o(locale$$data)
    __lcnum_c_point                          0x0800cdb8   Data           0  lc_numeric_c.o(locale$$data)
    __lcnum_c_thousands                      0x0800cdba   Data           0  lc_numeric_c.o(locale$$data)
    __lcnum_c_grouping                       0x0800cdbb   Data           0  lc_numeric_c.o(locale$$data)
    __lcnum_c_end                            0x0800cdbc   Data           0  lc_numeric_c.o(locale$$data)
    locale$$data                             0x0800cdbc   Section      272  lc_ctype_c.o(locale$$data)
    __lcctype_c_name                         0x0800cdc0   Data           2  lc_ctype_c.o(locale$$data)
    __lcctype_c_start                        0x0800cdc8   Data           0  lc_ctype_c.o(locale$$data)
    __lcctype_c_end                          0x0800cecc   Data           0  lc_ctype_c.o(locale$$data)
    .L_MergedGlobals                         0x20000000   Data           8  stm32f1xx_hal.o(.data..L_MergedGlobals)
    [Anonymous Symbol]                       0x20000000   Section        0  stm32f1xx_hal.o(.data..L_MergedGlobals)
    .bss                                     0x20000010   Section       96  libspace.o(.bss)
    .L_MergedGlobals                         0x20000070   Data          92  cnc-logic.o(.bss..L_MergedGlobals)
    [Anonymous Symbol]                       0x20000070   Section        0  cnc-logic.o(.bss..L_MergedGlobals)
    Heap_Mem                                 0x20000340   Data         512  startup_stm32f103xb.o(HEAP)
    HEAP                                     0x20000340   Section      512  startup_stm32f103xb.o(HEAP)
    Stack_Mem                                0x20000540   Data        1024  startup_stm32f103xb.o(STACK)
    STACK                                    0x20000540   Section     1024  startup_stm32f103xb.o(STACK)
    __initial_sp                             0x20000940   Data           0  startup_stm32f103xb.o(STACK)

    Global Symbols

    Symbol Name                              Value     Ov Type        Size  Object(Section)

    BuildAttributes$$THM_ISAv4$P$D$K$B$S$PE$A:L22UL41UL21$X:L11$S22US41US21$IEEE1$IW$~IW$USESV6$~STKCKD$USESV7$~SHL$OTIME$ROPI$IEEEX$EBA8$UX$STANDARDLIB$REQ8$PRES8$EABIv2 0x00000000   Number         0  anon$$obj.o ABSOLUTE
    __fp_init_empty                          0x00000000   Number         0  fpinit_empty.o ABSOLUTE
    __ARM_exceptions_init                     - Undefined Weak Reference
    __alloca_initialize                       - Undefined Weak Reference
    __arm_preinit_                            - Undefined Weak Reference
    __cpp_initialize__aeabi_                  - Undefined Weak Reference
    __cxa_finalize                            - Undefined Weak Reference
    __sigvec_lookup                           - Undefined Weak Reference
    _atexit_init                              - Undefined Weak Reference
    _call_atexit_fns                          - Undefined Weak Reference
    _clock_init                               - Undefined Weak Reference
    _fp_trap_init                             - Undefined Weak Reference
    _fp_trap_shutdown                         - Undefined Weak Reference
    _get_lc_collate                           - Undefined Weak Reference
    _get_lc_monetary                          - Undefined Weak Reference
    _get_lc_time                              - Undefined Weak Reference
    _getenv_init                              - Undefined Weak Reference
    _handle_redirection                       - Undefined Weak Reference
    _init_alloc                               - Undefined Weak Reference
    _init_user_alloc                          - Undefined Weak Reference
    _initio                                   - Undefined Weak Reference
    _rand_init                                - Undefined Weak Reference
    _signal_finish                            - Undefined Weak Reference
    _signal_init                              - Undefined Weak Reference
    _terminate_alloc                          - Undefined Weak Reference
    _terminate_user_alloc                     - Undefined Weak Reference
    _terminateio                              - Undefined Weak Reference
    __Vectors_Size                           0x000000ec   Number         0  startup_stm32f103xb.o ABSOLUTE
    __Vectors                                0x08000000   Data           4  startup_stm32f103xb.o(RESET)
    __Vectors_End                            0x080000ec   Data           0  startup_stm32f103xb.o(RESET)
    __main                                   0x080000ed   Thumb Code     8  __main.o(!!!main)
    __scatterload                            0x080000f5   Thumb Code     0  __scatter.o(!!!scatter)
    __scatterload_rt2                        0x080000f5   Thumb Code    44  __scatter.o(!!!scatter)
    __scatterload_rt2_thumb_only             0x080000f5   Thumb Code     0  __scatter.o(!!!scatter)
    __scatterload_null                       0x08000103   Thumb Code     0  __scatter.o(!!!scatter)
    __scatterload_copy                       0x08000129   Thumb Code    26  __scatter_copy.o(!!handler_copy)
    __scatterload_zeroinit                   0x08000145   Thumb Code    28  __scatter_zi.o(!!handler_zi)
    __rt_lib_init                            0x08000161   Thumb Code     0  libinit.o(.ARM.Collect$$libinit$$00000000)
    __rt_lib_init_fp_1                       0x08000163   Thumb Code     0  libinit2.o(.ARM.Collect$$libinit$$00000002)
    __rt_lib_init_heap_1                     0x08000163   Thumb Code     0  libinit2.o(.ARM.Collect$$libinit$$0000000A)
    __rt_lib_init_lc_common                  0x08000163   Thumb Code     0  libinit2.o(.ARM.Collect$$libinit$$0000000F)
    __rt_lib_init_preinit_1                  0x08000163   Thumb Code     0  libinit2.o(.ARM.Collect$$libinit$$00000004)
    __rt_lib_init_rand_1                     0x08000163   Thumb Code     0  libinit2.o(.ARM.Collect$$libinit$$0000000E)
    __rt_lib_init_user_alloc_1               0x08000163   Thumb Code     0  libinit2.o(.ARM.Collect$$libinit$$0000000C)
    __rt_lib_init_lc_collate_1               0x08000169   Thumb Code     0  libinit2.o(.ARM.Collect$$libinit$$00000011)
    __rt_lib_init_lc_ctype_2                 0x08000169   Thumb Code     0  libinit2.o(.ARM.Collect$$libinit$$00000012)
    __rt_lib_init_lc_ctype_1                 0x08000175   Thumb Code     0  libinit2.o(.ARM.Collect$$libinit$$00000013)
    __rt_lib_init_lc_monetary_1              0x08000175   Thumb Code     0  libinit2.o(.ARM.Collect$$libinit$$00000015)
    __rt_lib_init_lc_numeric_2               0x08000175   Thumb Code     0  libinit2.o(.ARM.Collect$$libinit$$00000016)
    __rt_lib_init_alloca_1                   0x0800017f   Thumb Code     0  libinit2.o(.ARM.Collect$$libinit$$0000002E)
    __rt_lib_init_argv_1                     0x0800017f   Thumb Code     0  libinit2.o(.ARM.Collect$$libinit$$0000002C)
    __rt_lib_init_atexit_1                   0x0800017f   Thumb Code     0  libinit2.o(.ARM.Collect$$libinit$$0000001B)
    __rt_lib_init_clock_1                    0x0800017f   Thumb Code     0  libinit2.o(.ARM.Collect$$libinit$$00000021)
    __rt_lib_init_cpp_1                      0x0800017f   Thumb Code     0  libinit2.o(.ARM.Collect$$libinit$$00000032)
    __rt_lib_init_exceptions_1               0x0800017f   Thumb Code     0  libinit2.o(.ARM.Collect$$libinit$$00000030)
    __rt_lib_init_fp_trap_1                  0x0800017f   Thumb Code     0  libinit2.o(.ARM.Collect$$libinit$$0000001F)
    __rt_lib_init_getenv_1                   0x0800017f   Thumb Code     0  libinit2.o(.ARM.Collect$$libinit$$00000023)
    __rt_lib_init_lc_numeric_1               0x0800017f   Thumb Code     0  libinit2.o(.ARM.Collect$$libinit$$00000017)
    __rt_lib_init_lc_time_1                  0x0800017f   Thumb Code     0  libinit2.o(.ARM.Collect$$libinit$$00000019)
    __rt_lib_init_return                     0x0800017f   Thumb Code     0  libinit2.o(.ARM.Collect$$libinit$$00000033)
    __rt_lib_init_signal_1                   0x0800017f   Thumb Code     0  libinit2.o(.ARM.Collect$$libinit$$0000001D)
    __rt_lib_init_stdio_1                    0x0800017f   Thumb Code     0  libinit2.o(.ARM.Collect$$libinit$$00000025)
    __rt_lib_shutdown                        0x08000181   Thumb Code     0  libshutdown.o(.ARM.Collect$$libshutdown$$00000000)
    __rt_lib_shutdown_cpp_1                  0x08000183   Thumb Code     0  libshutdown2.o(.ARM.Collect$$libshutdown$$00000002)
    __rt_lib_shutdown_fp_trap_1              0x08000183   Thumb Code     0  libshutdown2.o(.ARM.Collect$$libshutdown$$00000007)
    __rt_lib_shutdown_heap_1                 0x08000183   Thumb Code     0  libshutdown2.o(.ARM.Collect$$libshutdown$$0000000F)
    __rt_lib_shutdown_return                 0x08000183   Thumb Code     0  libshutdown2.o(.ARM.Collect$$libshutdown$$00000010)
    __rt_lib_shutdown_signal_1               0x08000183   Thumb Code     0  libshutdown2.o(.ARM.Collect$$libshutdown$$0000000A)
    __rt_lib_shutdown_stdio_1                0x08000183   Thumb Code     0  libshutdown2.o(.ARM.Collect$$libshutdown$$00000004)
    __rt_lib_shutdown_user_alloc_1           0x08000183   Thumb Code     0  libshutdown2.o(.ARM.Collect$$libshutdown$$0000000C)
    __rt_entry                               0x08000185   Thumb Code     0  __rtentry.o(.ARM.Collect$$rtentry$$00000000)
    __rt_entry_presh_1                       0x08000185   Thumb Code     0  __rtentry2.o(.ARM.Collect$$rtentry$$00000002)
    __rt_entry_sh                            0x08000185   Thumb Code     0  __rtentry4.o(.ARM.Collect$$rtentry$$00000004)
    __rt_entry_li                            0x0800018b   Thumb Code     0  __rtentry2.o(.ARM.Collect$$rtentry$$0000000A)
    __rt_entry_postsh_1                      0x0800018b   Thumb Code     0  __rtentry2.o(.ARM.Collect$$rtentry$$00000009)
    __rt_entry_main                          0x0800018f   Thumb Code     0  __rtentry2.o(.ARM.Collect$$rtentry$$0000000D)
    __rt_entry_postli_1                      0x0800018f   Thumb Code     0  __rtentry2.o(.ARM.Collect$$rtentry$$0000000C)
    __rt_exit                                0x08000197   Thumb Code     0  rtexit.o(.ARM.Collect$$rtexit$$00000000)
    __rt_exit_ls                             0x08000199   Thumb Code     0  rtexit2.o(.ARM.Collect$$rtexit$$00000003)
    __rt_exit_prels_1                        0x08000199   Thumb Code     0  rtexit2.o(.ARM.Collect$$rtexit$$00000002)
    __rt_exit_exit                           0x0800019d   Thumb Code     0  rtexit2.o(.ARM.Collect$$rtexit$$00000004)
    Reset_Handler                            0x080001a5   Thumb Code     8  startup_stm32f103xb.o(.text)
    ADC1_2_IRQHandler                        0x080001bf   Thumb Code     0  startup_stm32f103xb.o(.text)
    CAN1_RX1_IRQHandler                      0x080001bf   Thumb Code     0  startup_stm32f103xb.o(.text)
    CAN1_SCE_IRQHandler                      0x080001bf   Thumb Code     0  startup_stm32f103xb.o(.text)
    DMA1_Channel1_IRQHandler                 0x080001bf   Thumb Code     0  startup_stm32f103xb.o(.text)
    DMA1_Channel2_IRQHandler                 0x080001bf   Thumb Code     0  startup_stm32f103xb.o(.text)
    DMA1_Channel3_IRQHandler                 0x080001bf   Thumb Code     0  startup_stm32f103xb.o(.text)
    DMA1_Channel4_IRQHandler                 0x080001bf   Thumb Code     0  startup_stm32f103xb.o(.text)
    DMA1_Channel5_IRQHandler                 0x080001bf   Thumb Code     0  startup_stm32f103xb.o(.text)
    DMA1_Channel6_IRQHandler                 0x080001bf   Thumb Code     0  startup_stm32f103xb.o(.text)
    DMA1_Channel7_IRQHandler                 0x080001bf   Thumb Code     0  startup_stm32f103xb.o(.text)
    EXTI0_IRQHandler                         0x080001bf   Thumb Code     0  startup_stm32f103xb.o(.text)
    EXTI15_10_IRQHandler                     0x080001bf   Thumb Code     0  startup_stm32f103xb.o(.text)
    EXTI1_IRQHandler                         0x080001bf   Thumb Code     0  startup_stm32f103xb.o(.text)
    EXTI2_IRQHandler                         0x080001bf   Thumb Code     0  startup_stm32f103xb.o(.text)
    EXTI3_IRQHandler                         0x080001bf   Thumb Code     0  startup_stm32f103xb.o(.text)
    EXTI4_IRQHandler                         0x080001bf   Thumb Code     0  startup_stm32f103xb.o(.text)
    EXTI9_5_IRQHandler                       0x080001bf   Thumb Code     0  startup_stm32f103xb.o(.text)
    FLASH_IRQHandler                         0x080001bf   Thumb Code     0  startup_stm32f103xb.o(.text)
    I2C1_ER_IRQHandler                       0x080001bf   Thumb Code     0  startup_stm32f103xb.o(.text)
    I2C1_EV_IRQHandler                       0x080001bf   Thumb Code     0  startup_stm32f103xb.o(.text)
    I2C2_ER_IRQHandler                       0x080001bf   Thumb Code     0  startup_stm32f103xb.o(.text)
    I2C2_EV_IRQHandler                       0x080001bf   Thumb Code     0  startup_stm32f103xb.o(.text)
    PVD_IRQHandler                           0x080001bf   Thumb Code     0  startup_stm32f103xb.o(.text)
    RCC_IRQHandler                           0x080001bf   Thumb Code     0  startup_stm32f103xb.o(.text)
    RTC_Alarm_IRQHandler                     0x080001bf   Thumb Code     0  startup_stm32f103xb.o(.text)
    RTC_IRQHandler                           0x080001bf   Thumb Code     0  startup_stm32f103xb.o(.text)
    SPI1_IRQHandler                          0x080001bf   Thumb Code     0  startup_stm32f103xb.o(.text)
    SPI2_IRQHandler                          0x080001bf   Thumb Code     0  startup_stm32f103xb.o(.text)
    TAMPER_IRQHandler                        0x080001bf   Thumb Code     0  startup_stm32f103xb.o(.text)
    TIM1_BRK_IRQHandler                      0x080001bf   Thumb Code     0  startup_stm32f103xb.o(.text)
    TIM1_CC_IRQHandler                       0x080001bf   Thumb Code     0  startup_stm32f103xb.o(.text)
    TIM1_TRG_COM_IRQHandler                  0x080001bf   Thumb Code     0  startup_stm32f103xb.o(.text)
    TIM1_UP_IRQHandler                       0x080001bf   Thumb Code     0  startup_stm32f103xb.o(.text)
    TIM2_IRQHandler                          0x080001bf   Thumb Code     0  startup_stm32f103xb.o(.text)
    TIM3_IRQHandler                          0x080001bf   Thumb Code     0  startup_stm32f103xb.o(.text)
    TIM4_IRQHandler                          0x080001bf   Thumb Code     0  startup_stm32f103xb.o(.text)
    USART2_IRQHandler                        0x080001bf   Thumb Code     0  startup_stm32f103xb.o(.text)
    USART3_IRQHandler                        0x080001bf   Thumb Code     0  startup_stm32f103xb.o(.text)
    USBWakeUp_IRQHandler                     0x080001bf   Thumb Code     0  startup_stm32f103xb.o(.text)
    USB_HP_CAN1_TX_IRQHandler                0x080001bf   Thumb Code     0  startup_stm32f103xb.o(.text)
    USB_LP_CAN1_RX0_IRQHandler               0x080001bf   Thumb Code     0  startup_stm32f103xb.o(.text)
    WWDG_IRQHandler                          0x080001bf   Thumb Code     0  startup_stm32f103xb.o(.text)
    __user_initial_stackheap                 0x080001c1   Thumb Code     0  startup_stm32f103xb.o(.text)
    main                                     0x080001e5   Thumb Code   938  main.o(.text)
    SystemClock_Config                       0x08000591   Thumb Code    96  main.o(.text)
    Error_Handler                            0x080005f1   Thumb Code    10  main.o(.text)
    GetPeriph                                0x080005fd   Thumb Code    10  main.o(.text)
    HAL_UART_RxCpltCallback                  0x08000609   Thumb Code    20  main.o(.text)
    InitDevice                               0x0800061d   Thumb Code    50  cnc-logic.o(.text)
    StartUartReceive                         0x08000651   Thumb Code    40  cnc-logic.o(.text)
    MainLogic                                0x08000679   Thumb Code   294  cnc-logic.o(.text)
    ReportError                              0x080007a1   Thumb Code    54  cnc-logic.o(.text)
    ClearError                               0x080007d9   Thumb Code    16  cnc-logic.o(.text)
    ReportRxSuccess                          0x080007e9   Thumb Code    64  cnc-logic.o(.text)
    RunReceivedCommand                       0x08000829   Thumb Code    68  cnc-logic.o(.text)
    ReportCommandRunSuccess                  0x0800086d   Thumb Code    68  cnc-logic.o(.text)
    ReceiveUart                              0x080008b1   Thumb Code   764  cnc-logic.o(.text)
    CalcCrc8                                 0x08000bad   Thumb Code   428  cnc-logic.o(.text)
    ParseGcode                               0x08000d59   Thumb Code   254  cnc-logic.o(.text)
    GetGcodeArg                              0x08000e59   Thumb Code    26  cnc-logic.o(.text)
    SetFeedRate                              0x08000e75   Thumb Code     2  cnc-logic.o(.text)
    G00                                      0x08000e79   Thumb Code   210  cnc-logic.o(.text)
    G01                                      0x08000f4d   Thumb Code   210  cnc-logic.o(.text)
    G02                                      0x08001021   Thumb Code     2  cnc-logic.o(.text)
    G03                                      0x08001025   Thumb Code     2  cnc-logic.o(.text)
    G90                                      0x08001029   Thumb Code    16  cnc-logic.o(.text)
    G91                                      0x08001039   Thumb Code    16  cnc-logic.o(.text)
    CalcTargetX                              0x08001049   Thumb Code    34  cnc-logic.o(.text)
    CalcTargetY                              0x0800106d   Thumb Code    34  cnc-logic.o(.text)
    MoveTo                                   0x08001091   Thumb Code   160  cnc-logic.o(.text)
    NMI_Handler                              0x08001131   Thumb Code     2  stm32f1xx_it.o(.text)
    HardFault_Handler                        0x08001135   Thumb Code     2  stm32f1xx_it.o(.text)
    MemManage_Handler                        0x08001139   Thumb Code     2  stm32f1xx_it.o(.text)
    BusFault_Handler                         0x0800113d   Thumb Code     2  stm32f1xx_it.o(.text)
    UsageFault_Handler                       0x08001141   Thumb Code     2  stm32f1xx_it.o(.text)
    SVC_Handler                              0x08001145   Thumb Code     2  stm32f1xx_it.o(.text)
    DebugMon_Handler                         0x08001149   Thumb Code     2  stm32f1xx_it.o(.text)
    PendSV_Handler                           0x0800114d   Thumb Code     2  stm32f1xx_it.o(.text)
    SysTick_Handler                          0x08001151   Thumb Code     4  stm32f1xx_it.o(.text)
    USART1_IRQHandler                        0x08001155   Thumb Code    12  stm32f1xx_it.o(.text)
    HAL_MspInit                              0x08001161   Thumb Code    66  stm32f1xx_hal_msp.o(.text)
    HAL_TIM_PWM_MspInit                      0x080011a5   Thumb Code    50  stm32f1xx_hal_msp.o(.text)
    HAL_TIM_Base_MspInit                     0x080011d9   Thumb Code   126  stm32f1xx_hal_msp.o(.text)
    HAL_TIM_MspPostInit                      0x08001259   Thumb Code   122  stm32f1xx_hal_msp.o(.text)
    HAL_TIM_PWM_MspDeInit                    0x080012d5   Thumb Code    34  stm32f1xx_hal_msp.o(.text)
    HAL_TIM_Base_MspDeInit                   0x080012f9   Thumb Code    68  stm32f1xx_hal_msp.o(.text)
    HAL_UART_MspInit                         0x0800133d   Thumb Code   138  stm32f1xx_hal_msp.o(.text)
    HAL_UART_MspDeInit                       0x080013c9   Thumb Code    58  stm32f1xx_hal_msp.o(.text)
    HAL_TIM_Base_Init                        0x08001405   Thumb Code   250  stm32f1xx_hal_tim.o(.text)
    TIM_Base_SetConfig                       0x08001505   Thumb Code   174  stm32f1xx_hal_tim.o(.text)
    HAL_TIM_Base_DeInit                      0x080015b5   Thumb Code    96  stm32f1xx_hal_tim.o(.text)
    HAL_TIM_Base_Start                       0x08001619   Thumb Code   102  stm32f1xx_hal_tim.o(.text)
    HAL_TIM_Base_Stop                        0x08001681   Thumb Code    52  stm32f1xx_hal_tim.o(.text)
    HAL_TIM_Base_Start_IT                    0x080016b5   Thumb Code   110  stm32f1xx_hal_tim.o(.text)
    HAL_TIM_Base_Stop_IT                     0x08001725   Thumb Code    60  stm32f1xx_hal_tim.o(.text)
    HAL_TIM_Base_Start_DMA                   0x08001761   Thumb Code   212  stm32f1xx_hal_tim.o(.text)
    TIM_DMAError                             0x08001851   Thumb Code    94  stm32f1xx_hal_tim.o(.text)
    HAL_TIM_Base_Stop_DMA                    0x080018b1   Thumb Code    72  stm32f1xx_hal_tim.o(.text)
    HAL_TIM_OC_Init                          0x080018f9   Thumb Code   250  stm32f1xx_hal_tim.o(.text)
    HAL_TIM_OC_MspInit                       0x080019f5   Thumb Code     2  stm32f1xx_hal_tim.o(.text)
    HAL_TIM_OC_DeInit                        0x080019f9   Thumb Code    96  stm32f1xx_hal_tim.o(.text)
    HAL_TIM_OC_MspDeInit                     0x08001a59   Thumb Code     2  stm32f1xx_hal_tim.o(.text)
    HAL_TIM_OC_Start                         0x08001a5d   Thumb Code   222  stm32f1xx_hal_tim.o(.text)
    TIM_CCxChannelCmd                        0x08001b3d   Thumb Code    36  stm32f1xx_hal_tim.o(.text)
    HAL_TIM_OC_Stop                          0x08001b61   Thumb Code   178  stm32f1xx_hal_tim.o(.text)
    HAL_TIM_OC_Start_IT                      0x08001c15   Thumb Code   294  stm32f1xx_hal_tim.o(.text)
    HAL_TIM_OC_Stop_IT                       0x08001d3d   Thumb Code   190  stm32f1xx_hal_tim.o(.text)
    HAL_TIM_OC_Start_DMA                     0x08001dfd   Thumb Code   578  stm32f1xx_hal_tim.o(.text)
    TIM_DMADelayPulseHalfCplt                0x080020ad   Thumb Code    56  stm32f1xx_hal_tim.o(.text)
    HAL_TIM_OC_Stop_DMA                      0x080020e5   Thumb Code   242  stm32f1xx_hal_tim.o(.text)
    HAL_TIM_PWM_Init                         0x080021d9   Thumb Code   250  stm32f1xx_hal_tim.o(.text)
    HAL_TIM_PWM_DeInit                       0x080022d9   Thumb Code    96  stm32f1xx_hal_tim.o(.text)
    HAL_TIM_PWM_Start                        0x0800233d   Thumb Code   222  stm32f1xx_hal_tim.o(.text)
    HAL_TIM_PWM_Stop                         0x0800241d   Thumb Code   178  stm32f1xx_hal_tim.o(.text)
    HAL_TIM_PWM_Start_IT                     0x080024d1   Thumb Code   294  stm32f1xx_hal_tim.o(.text)
    HAL_TIM_PWM_Stop_IT                      0x080025f9   Thumb Code   190  stm32f1xx_hal_tim.o(.text)
    HAL_TIM_PWM_Start_DMA                    0x080026b9   Thumb Code   578  stm32f1xx_hal_tim.o(.text)
    HAL_TIM_PWM_Stop_DMA                     0x080028fd   Thumb Code   242  stm32f1xx_hal_tim.o(.text)
    HAL_TIM_IC_Init                          0x080029f1   Thumb Code   250  stm32f1xx_hal_tim.o(.text)
    HAL_TIM_IC_MspInit                       0x08002aed   Thumb Code     2  stm32f1xx_hal_tim.o(.text)
    HAL_TIM_IC_DeInit                        0x08002af1   Thumb Code    96  stm32f1xx_hal_tim.o(.text)
    HAL_TIM_IC_MspDeInit                     0x08002b51   Thumb Code     2  stm32f1xx_hal_tim.o(.text)
    HAL_TIM_IC_Start                         0x08002b55   Thumb Code   254  stm32f1xx_hal_tim.o(.text)
    HAL_TIM_IC_Stop                          0x08002c55   Thumb Code   126  stm32f1xx_hal_tim.o(.text)
    HAL_TIM_IC_Start_IT                      0x08002cd5   Thumb Code   318  stm32f1xx_hal_tim.o(.text)
    HAL_TIM_IC_Stop_IT                       0x08002e15   Thumb Code   158  stm32f1xx_hal_tim.o(.text)
    HAL_TIM_IC_Start_DMA                     0x08002eb5   Thumb Code   524  stm32f1xx_hal_tim.o(.text)
    TIM_DMACaptureCplt                       0x080030c1   Thumb Code   118  stm32f1xx_hal_tim.o(.text)
    TIM_DMACaptureHalfCplt                   0x08003139   Thumb Code    56  stm32f1xx_hal_tim.o(.text)
    HAL_TIM_IC_Stop_DMA                      0x08003171   Thumb Code   210  stm32f1xx_hal_tim.o(.text)
    HAL_TIM_OnePulse_Init                    0x08003245   Thumb Code   244  stm32f1xx_hal_tim.o(.text)
    HAL_TIM_OnePulse_MspInit                 0x08003339   Thumb Code     2  stm32f1xx_hal_tim.o(.text)
    HAL_TIM_OnePulse_DeInit                  0x0800333d   Thumb Code    80  stm32f1xx_hal_tim.o(.text)
    HAL_TIM_OnePulse_MspDeInit               0x0800338d   Thumb Code     2  stm32f1xx_hal_tim.o(.text)
    HAL_TIM_OnePulse_Start                   0x08003391   Thumb Code   128  stm32f1xx_hal_tim.o(.text)
    HAL_TIM_OnePulse_Stop                    0x08003411   Thumb Code   128  stm32f1xx_hal_tim.o(.text)
    HAL_TIM_OnePulse_Start_IT                0x08003491   Thumb Code   144  stm32f1xx_hal_tim.o(.text)
    HAL_TIM_OnePulse_Stop_IT                 0x08003521   Thumb Code   144  stm32f1xx_hal_tim.o(.text)
    HAL_TIM_Encoder_Init                     0x080035b1   Thumb Code   344  stm32f1xx_hal_tim.o(.text)
    HAL_TIM_Encoder_MspInit                  0x08003709   Thumb Code     2  stm32f1xx_hal_tim.o(.text)
    HAL_TIM_Encoder_DeInit                   0x0800370d   Thumb Code    80  stm32f1xx_hal_tim.o(.text)
    HAL_TIM_Encoder_MspDeInit                0x0800375d   Thumb Code     2  stm32f1xx_hal_tim.o(.text)
    HAL_TIM_Encoder_Start                    0x08003761   Thumb Code   188  stm32f1xx_hal_tim.o(.text)
    HAL_TIM_Encoder_Stop                     0x0800381d   Thumb Code   170  stm32f1xx_hal_tim.o(.text)
    HAL_TIM_Encoder_Start_IT                 0x080038c9   Thumb Code   230  stm32f1xx_hal_tim.o(.text)
    HAL_TIM_Encoder_Stop_IT                  0x080039b1   Thumb Code   210  stm32f1xx_hal_tim.o(.text)
    HAL_TIM_Encoder_Start_DMA                0x08003a85   Thumb Code   550  stm32f1xx_hal_tim.o(.text)
    HAL_TIM_Encoder_Stop_DMA                 0x08003cad   Thumb Code   232  stm32f1xx_hal_tim.o(.text)
    HAL_TIM_IRQHandler                       0x08003d95   Thumb Code   316  stm32f1xx_hal_tim.o(.text)
    HAL_TIM_IC_CaptureCallback               0x08003ed1   Thumb Code     2  stm32f1xx_hal_tim.o(.text)
    HAL_TIM_OC_DelayElapsedCallback          0x08003ed5   Thumb Code     2  stm32f1xx_hal_tim.o(.text)
    HAL_TIM_PWM_PulseFinishedCallback        0x08003ed9   Thumb Code     2  stm32f1xx_hal_tim.o(.text)
    HAL_TIM_PeriodElapsedCallback            0x08003edd   Thumb Code     2  stm32f1xx_hal_tim.o(.text)
    HAL_TIM_TriggerCallback                  0x08003ee1   Thumb Code     2  stm32f1xx_hal_tim.o(.text)
    HAL_TIM_OC_ConfigChannel                 0x08003ee5   Thumb Code   418  stm32f1xx_hal_tim.o(.text)
    TIM_OC2_SetConfig                        0x08004089   Thumb Code    96  stm32f1xx_hal_tim.o(.text)
    HAL_TIM_IC_ConfigChannel                 0x080040e9   Thumb Code   382  stm32f1xx_hal_tim.o(.text)
    TIM_TI1_SetConfig                        0x08004269   Thumb Code   114  stm32f1xx_hal_tim.o(.text)
    HAL_TIM_PWM_ConfigChannel                0x080042dd   Thumb Code   516  stm32f1xx_hal_tim.o(.text)
    HAL_TIM_OnePulse_ConfigChannel           0x080044e1   Thumb Code   490  stm32f1xx_hal_tim.o(.text)
    HAL_TIM_DMABurst_WriteStart              0x080046cd   Thumb Code    28  stm32f1xx_hal_tim.o(.text)
    HAL_TIM_DMABurst_MultiWriteStart         0x080046e9   Thumb Code   452  stm32f1xx_hal_tim.o(.text)
    HAL_TIM_DMABurst_WriteStop               0x080048c9   Thumb Code   132  stm32f1xx_hal_tim.o(.text)
    HAL_TIM_DMABurst_ReadStart               0x0800494d   Thumb Code    28  stm32f1xx_hal_tim.o(.text)
    HAL_TIM_DMABurst_MultiReadStart          0x08004969   Thumb Code   452  stm32f1xx_hal_tim.o(.text)
    HAL_TIM_DMABurst_ReadStop                0x08004b2d   Thumb Code   132  stm32f1xx_hal_tim.o(.text)
    HAL_TIM_GenerateEvent                    0x08004bb1   Thumb Code    36  stm32f1xx_hal_tim.o(.text)
    HAL_TIM_ConfigOCrefClear                 0x08004bd5   Thumb Code   212  stm32f1xx_hal_tim.o(.text)
    TIM_ETR_SetConfig                        0x08004ca9   Thumb Code    22  stm32f1xx_hal_tim.o(.text)
    HAL_TIM_ConfigClockSource                0x08004cc1   Thumb Code   412  stm32f1xx_hal_tim.o(.text)
    HAL_TIM_ConfigTI1Input                   0x08004e5d   Thumb Code    16  stm32f1xx_hal_tim.o(.text)
    HAL_TIM_SlaveConfigSynchro               0x08004e6d   Thumb Code    88  stm32f1xx_hal_tim.o(.text)
    HAL_TIM_SlaveConfigSynchro_IT            0x08004fa1   Thumb Code    88  stm32f1xx_hal_tim.o(.text)
    HAL_TIM_ReadCapturedValue                0x08004ff9   Thumb Code    52  stm32f1xx_hal_tim.o(.text)
    HAL_TIM_PeriodElapsedHalfCpltCallback    0x0800502d   Thumb Code     2  stm32f1xx_hal_tim.o(.text)
    HAL_TIM_IC_CaptureHalfCpltCallback       0x08005031   Thumb Code     2  stm32f1xx_hal_tim.o(.text)
    HAL_TIM_PWM_PulseFinishedHalfCpltCallback 0x08005035   Thumb Code     2  stm32f1xx_hal_tim.o(.text)
    HAL_TIM_TriggerHalfCpltCallback          0x08005039   Thumb Code     2  stm32f1xx_hal_tim.o(.text)
    HAL_TIM_ErrorCallback                    0x0800503d   Thumb Code     2  stm32f1xx_hal_tim.o(.text)
    HAL_TIM_Base_GetState                    0x08005041   Thumb Code     6  stm32f1xx_hal_tim.o(.text)
    HAL_TIM_OC_GetState                      0x08005049   Thumb Code     6  stm32f1xx_hal_tim.o(.text)
    HAL_TIM_PWM_GetState                     0x08005051   Thumb Code     6  stm32f1xx_hal_tim.o(.text)
    HAL_TIM_IC_GetState                      0x08005059   Thumb Code     6  stm32f1xx_hal_tim.o(.text)
    HAL_TIM_OnePulse_GetState                0x08005061   Thumb Code     6  stm32f1xx_hal_tim.o(.text)
    HAL_TIM_Encoder_GetState                 0x08005069   Thumb Code     6  stm32f1xx_hal_tim.o(.text)
    HAL_TIM_GetActiveChannel                 0x08005071   Thumb Code     4  stm32f1xx_hal_tim.o(.text)
    HAL_TIM_GetChannelState                  0x08005075   Thumb Code    34  stm32f1xx_hal_tim.o(.text)
    HAL_TIM_DMABurstState                    0x08005099   Thumb Code     6  stm32f1xx_hal_tim.o(.text)
    HAL_TIMEx_HallSensor_Init                0x080050a1   Thumb Code   200  stm32f1xx_hal_tim_ex.o(.text)
    HAL_TIMEx_HallSensor_MspInit             0x08005169   Thumb Code     2  stm32f1xx_hal_tim_ex.o(.text)
    HAL_TIMEx_HallSensor_DeInit              0x0800516d   Thumb Code    80  stm32f1xx_hal_tim_ex.o(.text)
    HAL_TIMEx_HallSensor_MspDeInit           0x080051bd   Thumb Code     2  stm32f1xx_hal_tim_ex.o(.text)
    HAL_TIMEx_HallSensor_Start               0x080051c1   Thumb Code   158  stm32f1xx_hal_tim_ex.o(.text)
    HAL_TIMEx_HallSensor_Stop                0x08005261   Thumb Code    66  stm32f1xx_hal_tim_ex.o(.text)
    HAL_TIMEx_HallSensor_Start_IT            0x080052a5   Thumb Code   166  stm32f1xx_hal_tim_ex.o(.text)
    HAL_TIMEx_HallSensor_Stop_IT             0x0800534d   Thumb Code    74  stm32f1xx_hal_tim_ex.o(.text)
    HAL_TIMEx_HallSensor_Start_DMA           0x08005399   Thumb Code   232  stm32f1xx_hal_tim_ex.o(.text)
    HAL_TIMEx_HallSensor_Stop_DMA            0x08005481   Thumb Code    74  stm32f1xx_hal_tim_ex.o(.text)
    HAL_TIMEx_OCN_Start                      0x080054cd   Thumb Code   198  stm32f1xx_hal_tim_ex.o(.text)
    HAL_TIMEx_OCN_Stop                       0x08005595   Thumb Code   146  stm32f1xx_hal_tim_ex.o(.text)
    HAL_TIMEx_OCN_Start_IT                   0x08005629   Thumb Code   214  stm32f1xx_hal_tim_ex.o(.text)
    HAL_TIMEx_OCN_Stop_IT                    0x08005701   Thumb Code   230  stm32f1xx_hal_tim_ex.o(.text)
    HAL_TIMEx_OCN_Start_DMA                  0x080057e9   Thumb Code   466  stm32f1xx_hal_tim_ex.o(.text)
    HAL_TIMEx_OCN_Stop_DMA                   0x08005a59   Thumb Code   192  stm32f1xx_hal_tim_ex.o(.text)
    HAL_TIMEx_PWMN_Start                     0x08005b19   Thumb Code   198  stm32f1xx_hal_tim_ex.o(.text)
    HAL_TIMEx_PWMN_Stop                      0x08005be1   Thumb Code   146  stm32f1xx_hal_tim_ex.o(.text)
    HAL_TIMEx_PWMN_Start_IT                  0x08005c75   Thumb Code   214  stm32f1xx_hal_tim_ex.o(.text)
    HAL_TIMEx_PWMN_Stop_IT                   0x08005d4d   Thumb Code   230  stm32f1xx_hal_tim_ex.o(.text)
    HAL_TIMEx_PWMN_Start_DMA                 0x08005e35   Thumb Code   466  stm32f1xx_hal_tim_ex.o(.text)
    HAL_TIMEx_PWMN_Stop_DMA                  0x08006009   Thumb Code   192  stm32f1xx_hal_tim_ex.o(.text)
    HAL_TIMEx_OnePulseN_Start                0x080060c9   Thumb Code   120  stm32f1xx_hal_tim_ex.o(.text)
    HAL_TIMEx_OnePulseN_Stop                 0x08006141   Thumb Code   128  stm32f1xx_hal_tim_ex.o(.text)
    HAL_TIMEx_OnePulseN_Start_IT             0x080061c1   Thumb Code   136  stm32f1xx_hal_tim_ex.o(.text)
    HAL_TIMEx_OnePulseN_Stop_IT              0x08006249   Thumb Code   144  stm32f1xx_hal_tim_ex.o(.text)
    HAL_TIMEx_ConfigCommutEvent              0x080062d9   Thumb Code   118  stm32f1xx_hal_tim_ex.o(.text)
    HAL_TIMEx_ConfigCommutEvent_IT           0x08006351   Thumb Code   118  stm32f1xx_hal_tim_ex.o(.text)
    HAL_TIMEx_ConfigCommutEvent_DMA          0x080063c9   Thumb Code   154  stm32f1xx_hal_tim_ex.o(.text)
    TIMEx_DMACommutationCplt                 0x08006465   Thumb Code    12  stm32f1xx_hal_tim_ex.o(.text)
    TIMEx_DMACommutationHalfCplt             0x08006471   Thumb Code    12  stm32f1xx_hal_tim_ex.o(.text)
    HAL_TIMEx_MasterConfigSynchronization    0x0800647d   Thumb Code   122  stm32f1xx_hal_tim_ex.o(.text)
    HAL_TIMEx_ConfigBreakDeadTime            0x080064f9   Thumb Code    76  stm32f1xx_hal_tim_ex.o(.text)
    HAL_TIMEx_RemapConfig                    0x08006545   Thumb Code     4  stm32f1xx_hal_tim_ex.o(.text)
    HAL_TIMEx_CommutCallback                 0x08006549   Thumb Code     2  stm32f1xx_hal_tim_ex.o(.text)
    HAL_TIMEx_CommutHalfCpltCallback         0x0800654d   Thumb Code     2  stm32f1xx_hal_tim_ex.o(.text)
    HAL_TIMEx_BreakCallback                  0x08006551   Thumb Code     2  stm32f1xx_hal_tim_ex.o(.text)
    HAL_TIMEx_HallSensor_GetState            0x08006555   Thumb Code     6  stm32f1xx_hal_tim_ex.o(.text)
    HAL_TIMEx_GetChannelNState               0x0800655d   Thumb Code    34  stm32f1xx_hal_tim_ex.o(.text)
    HAL_Init                                 0x08006581   Thumb Code    38  stm32f1xx_hal.o(.text)
    HAL_InitTick                             0x080065a9   Thumb Code    72  stm32f1xx_hal.o(.text)
    HAL_DeInit                               0x080065f5   Thumb Code    32  stm32f1xx_hal.o(.text)
    HAL_MspDeInit                            0x08006615   Thumb Code     2  stm32f1xx_hal.o(.text)
    HAL_IncTick                              0x08006619   Thumb Code    26  stm32f1xx_hal.o(.text)
    HAL_GetTick                              0x08006635   Thumb Code    12  stm32f1xx_hal.o(.text)
    HAL_GetTickPrio                          0x08006641   Thumb Code    12  stm32f1xx_hal.o(.text)
    HAL_SetTickFreq                          0x0800664d   Thumb Code    38  stm32f1xx_hal.o(.text)
    HAL_GetTickFreq                          0x08006675   Thumb Code    12  stm32f1xx_hal.o(.text)
    HAL_Delay                                0x08006681   Thumb Code    40  stm32f1xx_hal.o(.text)
    HAL_SuspendTick                          0x080066a9   Thumb Code    18  stm32f1xx_hal.o(.text)
    HAL_ResumeTick                           0x080066bd   Thumb Code    18  stm32f1xx_hal.o(.text)
    HAL_GetHalVersion                        0x080066d1   Thumb Code    10  stm32f1xx_hal.o(.text)
    HAL_GetREVID                             0x080066dd   Thumb Code    14  stm32f1xx_hal.o(.text)
    HAL_GetDEVID                             0x080066ed   Thumb Code    16  stm32f1xx_hal.o(.text)
    HAL_GetUIDw0                             0x080066fd   Thumb Code    12  stm32f1xx_hal.o(.text)
    HAL_GetUIDw1                             0x08006709   Thumb Code    12  stm32f1xx_hal.o(.text)
    HAL_GetUIDw2                             0x08006715   Thumb Code    12  stm32f1xx_hal.o(.text)
    HAL_DBGMCU_EnableDBGSleepMode            0x08006721   Thumb Code    18  stm32f1xx_hal.o(.text)
    HAL_DBGMCU_DisableDBGSleepMode           0x08006735   Thumb Code    18  stm32f1xx_hal.o(.text)
    HAL_DBGMCU_EnableDBGStopMode             0x08006749   Thumb Code    18  stm32f1xx_hal.o(.text)
    HAL_DBGMCU_DisableDBGStopMode            0x0800675d   Thumb Code    18  stm32f1xx_hal.o(.text)
    HAL_DBGMCU_EnableDBGStandbyMode          0x08006771   Thumb Code    18  stm32f1xx_hal.o(.text)
    HAL_DBGMCU_DisableDBGStandbyMode         0x08006785   Thumb Code    18  stm32f1xx_hal.o(.text)
    HAL_RCC_DeInit                           0x08006799   Thumb Code   234  stm32f1xx_hal_rcc.o(.text)
    HAL_RCC_OscConfig                        0x08006885   Thumb Code   948  stm32f1xx_hal_rcc.o(.text)
    HAL_RCC_ClockConfig                      0x08006c39   Thumb Code   446  stm32f1xx_hal_rcc.o(.text)
    HAL_RCC_GetSysClockFreq                  0x08006df9   Thumb Code    86  stm32f1xx_hal_rcc.o(.text)
    HAL_RCC_MCOConfig                        0x08006e51   Thumb Code    82  stm32f1xx_hal_rcc.o(.text)
    HAL_RCC_EnableCSS                        0x08006ea5   Thumb Code    12  stm32f1xx_hal_rcc.o(.text)
    HAL_RCC_DisableCSS                       0x08006eb1   Thumb Code    12  stm32f1xx_hal_rcc.o(.text)
    HAL_RCC_GetHCLKFreq                      0x08006ebd   Thumb Code    12  stm32f1xx_hal_rcc.o(.text)
    HAL_RCC_GetPCLK1Freq                     0x08006ec9   Thumb Code    38  stm32f1xx_hal_rcc.o(.text)
    HAL_RCC_GetPCLK2Freq                     0x08006ef1   Thumb Code    38  stm32f1xx_hal_rcc.o(.text)
    HAL_RCC_GetOscConfig                     0x08006f19   Thumb Code   128  stm32f1xx_hal_rcc.o(.text)
    HAL_RCC_GetClockConfig                   0x08006f99   Thumb Code    66  stm32f1xx_hal_rcc.o(.text)
    HAL_RCC_NMI_IRQHandler                   0x08006fdd   Thumb Code    28  stm32f1xx_hal_rcc.o(.text)
    HAL_RCC_CSSCallback                      0x08006ff9   Thumb Code     2  stm32f1xx_hal_rcc.o(.text)
    HAL_GPIO_Init                            0x08006ffd   Thumb Code   530  stm32f1xx_hal_gpio.o(.text)
    HAL_GPIO_DeInit                          0x08007211   Thumb Code   454  stm32f1xx_hal_gpio.o(.text)
    HAL_GPIO_ReadPin                         0x080073d9   Thumb Code    10  stm32f1xx_hal_gpio.o(.text)
    HAL_GPIO_WritePin                        0x080073e5   Thumb Code    10  stm32f1xx_hal_gpio.o(.text)
    HAL_GPIO_TogglePin                       0x080073f1   Thumb Code    16  stm32f1xx_hal_gpio.o(.text)
    HAL_GPIO_LockPin                         0x08007401   Thumb Code    40  stm32f1xx_hal_gpio.o(.text)
    HAL_GPIO_EXTI_IRQHandler                 0x08007429   Thumb Code    22  stm32f1xx_hal_gpio.o(.text)
    HAL_GPIO_EXTI_Callback                   0x08007441   Thumb Code     2  stm32f1xx_hal_gpio.o(.text)
    HAL_DMA_Init                             0x08007445   Thumb Code   136  stm32f1xx_hal_dma.o(.text)
    HAL_DMA_DeInit                           0x080074cd   Thumb Code   100  stm32f1xx_hal_dma.o(.text)
    HAL_DMA_Start                            0x08007531   Thumb Code   108  stm32f1xx_hal_dma.o(.text)
    HAL_DMA_Start_IT                         0x0800759d   Thumb Code   156  stm32f1xx_hal_dma.o(.text)
    HAL_DMA_Abort                            0x08007639   Thumb Code    70  stm32f1xx_hal_dma.o(.text)
    HAL_DMA_Abort_IT                         0x08007681   Thumb Code   182  stm32f1xx_hal_dma.o(.text)
    HAL_DMA_PollForTransfer                  0x08007739   Thumb Code   994  stm32f1xx_hal_dma.o(.text)
    HAL_DMA_IRQHandler                       0x08007b1d   Thumb Code   434  stm32f1xx_hal_dma.o(.text)
    HAL_DMA_RegisterCallback                 0x08007cd1   Thumb Code    70  stm32f1xx_hal_dma.o(.text)
    HAL_DMA_UnRegisterCallback               0x08007d19   Thumb Code   120  stm32f1xx_hal_dma.o(.text)
    HAL_DMA_GetState                         0x08007d91   Thumb Code     6  stm32f1xx_hal_dma.o(.text)
    HAL_DMA_GetError                         0x08007d99   Thumb Code     4  stm32f1xx_hal_dma.o(.text)
    HAL_NVIC_SetPriorityGrouping             0x08007d9d   Thumb Code    32  stm32f1xx_hal_cortex.o(.text)
    HAL_NVIC_SetPriority                     0x08007dbd   Thumb Code    86  stm32f1xx_hal_cortex.o(.text)
    HAL_NVIC_EnableIRQ                       0x08007e15   Thumb Code    32  stm32f1xx_hal_cortex.o(.text)
    HAL_NVIC_DisableIRQ                      0x08007e35   Thumb Code    40  stm32f1xx_hal_cortex.o(.text)
    HAL_NVIC_SystemReset                     0x08007e5d   Thumb Code     4  stm32f1xx_hal_cortex.o(.text)
    HAL_SYSTICK_Config                       0x08007e8d   Thumb Code    44  stm32f1xx_hal_cortex.o(.text)
    HAL_NVIC_GetPriorityGrouping             0x08007eb9   Thumb Code    16  stm32f1xx_hal_cortex.o(.text)
    HAL_NVIC_GetPriority                     0x08007ec9   Thumb Code    88  stm32f1xx_hal_cortex.o(.text)
    HAL_NVIC_SetPendingIRQ                   0x08007f21   Thumb Code    32  stm32f1xx_hal_cortex.o(.text)
    HAL_NVIC_GetPendingIRQ                   0x08007f41   Thumb Code    36  stm32f1xx_hal_cortex.o(.text)
    HAL_NVIC_ClearPendingIRQ                 0x08007f65   Thumb Code    32  stm32f1xx_hal_cortex.o(.text)
    HAL_NVIC_GetActive                       0x08007f85   Thumb Code    36  stm32f1xx_hal_cortex.o(.text)
    HAL_SYSTICK_CLKSourceConfig              0x08007fa9   Thumb Code    24  stm32f1xx_hal_cortex.o(.text)
    HAL_SYSTICK_IRQHandler                   0x08007fc1   Thumb Code     4  stm32f1xx_hal_cortex.o(.text)
    HAL_SYSTICK_Callback                     0x08007fc5   Thumb Code     2  stm32f1xx_hal_cortex.o(.text)
    HAL_UART_Init                            0x08007fc9   Thumb Code   222  stm32f1xx_hal_uart.o(.text)
    HAL_HalfDuplex_Init                      0x080080ad   Thumb Code   230  stm32f1xx_hal_uart.o(.text)
    HAL_LIN_Init                             0x08008195   Thumb Code   244  stm32f1xx_hal_uart.o(.text)
    HAL_MultiProcessor_Init                  0x08008289   Thumb Code   254  stm32f1xx_hal_uart.o(.text)
    HAL_UART_DeInit                          0x08008389   Thumb Code    56  stm32f1xx_hal_uart.o(.text)
    HAL_UART_Transmit                        0x080083c5   Thumb Code   388  stm32f1xx_hal_uart.o(.text)
    HAL_UART_Receive                         0x08008549   Thumb Code   598  stm32f1xx_hal_uart.o(.text)
    HAL_UART_Transmit_IT                     0x080087a1   Thumb Code    56  stm32f1xx_hal_uart.o(.text)
    HAL_UART_Receive_IT                      0x080087d9   Thumb Code    82  stm32f1xx_hal_uart.o(.text)
    UART_Start_Receive_IT                    0x0800882d   Thumb Code    50  stm32f1xx_hal_uart.o(.text)
    HAL_UART_Transmit_DMA                    0x08008861   Thumb Code   202  stm32f1xx_hal_uart.o(.text)
    HAL_UART_Receive_DMA                     0x08008b61   Thumb Code   352  stm32f1xx_hal_uart.o(.text)
    UART_Start_Receive_DMA                   0x08008cc1   Thumb Code   316  stm32f1xx_hal_uart.o(.text)
    HAL_UART_DMAPause                        0x08008dfd   Thumb Code   346  stm32f1xx_hal_uart.o(.text)
    HAL_UART_DMAResume                       0x08008f59   Thumb Code   348  stm32f1xx_hal_uart.o(.text)
    HAL_UART_DMAStop                         0x080090b5   Thumb Code   548  stm32f1xx_hal_uart.o(.text)
    HAL_UARTEx_ReceiveToIdle                 0x080092d9   Thumb Code   410  stm32f1xx_hal_uart.o(.text)
    HAL_UARTEx_ReceiveToIdle_IT              0x08009475   Thumb Code   224  stm32f1xx_hal_uart.o(.text)
    HAL_UARTEx_ReceiveToIdle_DMA             0x08009555   Thumb Code   486  stm32f1xx_hal_uart.o(.text)
    HAL_UARTEx_GetRxEventType                0x0800973d   Thumb Code     4  stm32f1xx_hal_uart.o(.text)
    HAL_UART_Abort                           0x08009741   Thumb Code   482  stm32f1xx_hal_uart.o(.text)
    HAL_UART_AbortTransmit                   0x08009925   Thumb Code   208  stm32f1xx_hal_uart.o(.text)
    HAL_UART_AbortReceive                    0x080099f5   Thumb Code   366  stm32f1xx_hal_uart.o(.text)
    HAL_UART_Abort_IT                        0x08009b65   Thumb Code   520  stm32f1xx_hal_uart.o(.text)
    HAL_UART_AbortCpltCallback               0x08009dc5   Thumb Code     2  stm32f1xx_hal_uart.o(.text)
    HAL_UART_AbortTransmit_IT                0x08009dc9   Thumb Code   236  stm32f1xx_hal_uart.o(.text)
    HAL_UART_AbortTransmitCpltCallback       0x08009ec5   Thumb Code     2  stm32f1xx_hal_uart.o(.text)
    HAL_UART_AbortReceive_IT                 0x08009ec9   Thumb Code   394  stm32f1xx_hal_uart.o(.text)
    HAL_UART_AbortReceiveCpltCallback        0x0800a069   Thumb Code     2  stm32f1xx_hal_uart.o(.text)
    HAL_UART_IRQHandler                      0x0800a06d   Thumb Code  1406  stm32f1xx_hal_uart.o(.text)
    HAL_UART_ErrorCallback                   0x0800a6fd   Thumb Code     2  stm32f1xx_hal_uart.o(.text)
    HAL_UARTEx_RxEventCallback               0x0800a701   Thumb Code     2  stm32f1xx_hal_uart.o(.text)
    HAL_UART_TxCpltCallback                  0x0800a705   Thumb Code     2  stm32f1xx_hal_uart.o(.text)
    HAL_UART_TxHalfCpltCallback              0x0800a709   Thumb Code     2  stm32f1xx_hal_uart.o(.text)
    HAL_UART_RxHalfCpltCallback              0x0800a711   Thumb Code     2  stm32f1xx_hal_uart.o(.text)
    HAL_LIN_SendBreak                        0x0800a715   Thumb Code   114  stm32f1xx_hal_uart.o(.text)
    HAL_MultiProcessor_EnterMuteMode         0x0800a789   Thumb Code   116  stm32f1xx_hal_uart.o(.text)
    HAL_MultiProcessor_ExitMuteMode          0x0800a7fd   Thumb Code   116  stm32f1xx_hal_uart.o(.text)
    HAL_HalfDuplex_EnableTransmitter         0x0800a871   Thumb Code    44  stm32f1xx_hal_uart.o(.text)
    HAL_HalfDuplex_EnableReceiver            0x0800a89d   Thumb Code    46  stm32f1xx_hal_uart.o(.text)
    HAL_UART_GetState                        0x0800a8cd   Thumb Code    14  stm32f1xx_hal_uart.o(.text)
    HAL_UART_GetError                        0x0800a8dd   Thumb Code     4  stm32f1xx_hal_uart.o(.text)
    SystemInit                               0x0800aa59   Thumb Code     2  system_stm32f1xx.o(.text)
    SystemCoreClockUpdate                    0x0800aa5d   Thumb Code   112  system_stm32f1xx.o(.text)
    strchr                                   0x0800aacd   Thumb Code    20  strchr.o(.text)
    __use_two_region_memory                  0x0800aae1   Thumb Code     2  heapauxi.o(.text)
    __rt_heap_escrow$2region                 0x0800aae3   Thumb Code     2  heapauxi.o(.text)
    __rt_heap_expand$2region                 0x0800aae5   Thumb Code     2  heapauxi.o(.text)
    __read_errno                             0x0800aae7   Thumb Code    10  _rserrno.o(.text)
    __set_errno                              0x0800aaf1   Thumb Code    12  _rserrno.o(.text)
    __strtod_int                             0x0800ab41   Thumb Code    94  strtod.o(.text)
    __aeabi_errno_addr                       0x0800abad   Thumb Code     8  rt_errno_addr_intlibspace.o(.text)
    __errno$intlibspace                      0x0800abad   Thumb Code     0  rt_errno_addr_intlibspace.o(.text)
    __rt_errno_addr$intlibspace              0x0800abad   Thumb Code     0  rt_errno_addr_intlibspace.o(.text)
    isspace                                  0x0800abb5   Thumb Code    18  isspace.o(.text)
    _sgetc                                   0x0800abc7   Thumb Code    30  _sgetc.o(.text)
    _sbackspace                              0x0800abe5   Thumb Code    34  _sgetc.o(.text)
    __user_libspace                          0x0800ac09   Thumb Code     8  libspace.o(.text)
    __user_perproc_libspace                  0x0800ac09   Thumb Code     0  libspace.o(.text)
    __user_perthread_libspace                0x0800ac09   Thumb Code     0  libspace.o(.text)
    __user_setup_stackheap                   0x0800ac11   Thumb Code    74  sys_stackheap_outer.o(.text)
    __rt_ctype_table                         0x0800ac5d   Thumb Code    16  rt_ctype_table.o(.text)
    _scanf_really_real                       0x0800aeb9   Thumb Code   684  scanf_fp.o(.text)
    exit                                     0x0800b165   Thumb Code    18  exit.o(.text)
    strcmp                                   0x0800b179   Thumb Code   128  strcmpv7m.o(.text)
    __rt_locale                              0x0800b1f9   Thumb Code     8  rt_locale_intlibspace.o(.text)
    __aeabi_llsl                             0x0800b201   Thumb Code     0  llshl.o(.text)
    _ll_shift_l                              0x0800b201   Thumb Code    38  llshl.o(.text)
    _btod_etento                             0x0800b229   Thumb Code   224  bigflt0.o(.text)
    _scanf_really_hex_real                   0x0800b30d   Thumb Code   786  scanf_hexfp.o(.text)
    _scanf_really_infnan                     0x0800b62d   Thumb Code   292  scanf_infnan.o(.text)
    _sys_exit                                0x0800b761   Thumb Code     8  sys_exit.o(.text)
    _chval                                   0x0800b76d   Thumb Code    28  _chval.o(.text)
    __I$use$semihosting                      0x0800b789   Thumb Code     0  use_no_semi.o(.text)
    __use_no_semihosting_swi                 0x0800b789   Thumb Code     2  use_no_semi.o(.text)
    __semihosting_library_function           0x0800b78b   Thumb Code     0  indicate_semi.o(.text)
    __btod_div_common                        0x0800b78d   Thumb Code   696  btod.o(CL$$btod_div_common)
    _e2d                                     0x0800bac5   Thumb Code   122  btod.o(CL$$btod_e2d)
    _e2e                                     0x0800bb49   Thumb Code   220  btod.o(CL$$btod_e2e)
    _btod_ediv                               0x0800bc25   Thumb Code    42  btod.o(CL$$btod_ediv)
    _btod_edivd                              0x0800bc4f   Thumb Code    42  btod.o(CL$$btod_edivd)
    _btod_emul                               0x0800bc79   Thumb Code    42  btod.o(CL$$btod_emul)
    _btod_emuld                              0x0800bca3   Thumb Code    42  btod.o(CL$$btod_emuld)
    __btod_mult_common                       0x0800bccd   Thumb Code   580  btod.o(CL$$btod_mult_common)
    __mathlib_dbl_overflow                   0x0800bf11   Thumb Code    14  dunder.o(i.__mathlib_dbl_overflow)
    __mathlib_dbl_underflow                  0x0800bf21   Thumb Code    10  dunder.o(i.__mathlib_dbl_underflow)
    __mathlib_narrow                         0x0800bf31   Thumb Code    16  narrow.o(i.__mathlib_narrow)
    __mathlib_tofloat                        0x0800bf41   Thumb Code   184  narrow.o(i.__mathlib_tofloat)
    __support_ldexp                          0x0800bffd   Thumb Code    22  ldexp.o(i.__support_ldexp)
    _is_digit                                0x0800c013   Thumb Code    14  scanf_fp.o(i._is_digit)
    atof                                     0x0800c021   Thumb Code    44  atof.o(i.atof)
    frexp                                    0x0800c04d   Thumb Code    80  frexp.o(i.frexp)
    ldexp                                    0x0800c0a5   Thumb Code   116  ldexp.o(i.ldexp)
    _get_lc_numeric                          0x0800c119   Thumb Code    44  lc_numeric_c.o(locale$$code)
    _get_lc_ctype                            0x0800c145   Thumb Code    44  lc_ctype_c.o(locale$$code)
    __aeabi_d2f                              0x0800c171   Thumb Code     0  d2f.o(x$fpl$d2f)
    _d2f                                     0x0800c171   Thumb Code    98  d2f.o(x$fpl$d2f)
    __fpl_dcheck_NaN1                        0x0800c1d5   Thumb Code    10  dcheck1.o(x$fpl$dcheck1)
    __fpl_dcmp_Inf                           0x0800c1e5   Thumb Code    24  dcmpi.o(x$fpl$dcmpinf)
    __aeabi_ddiv                             0x0800c1fd   Thumb Code     0  ddiv.o(x$fpl$ddiv)
    _ddiv                                    0x0800c1fd   Thumb Code   556  ddiv.o(x$fpl$ddiv)
    __aeabi_cdcmpeq                          0x0800c4b1   Thumb Code     0  deqf.o(x$fpl$deqf)
    _dcmpeq                                  0x0800c4b1   Thumb Code   120  deqf.o(x$fpl$deqf)
    __aeabi_d2iz                             0x0800c529   Thumb Code     0  dfix.o(x$fpl$dfix)
    _dfix                                    0x0800c529   Thumb Code    94  dfix.o(x$fpl$dfix)
    __aeabi_cdcmple                          0x0800c589   Thumb Code     0  dleqf.o(x$fpl$dleqf)
    _dcmple                                  0x0800c589   Thumb Code   120  dleqf.o(x$fpl$dleqf)
    __fpl_dcmple_InfNaN                      0x0800c5eb   Thumb Code     0  dleqf.o(x$fpl$dleqf)
    __fpl_dnaninf                            0x0800c601   Thumb Code   156  dnaninf.o(x$fpl$dnaninf)
    __fpl_dretinf                            0x0800c69d   Thumb Code    12  dretinf.o(x$fpl$dretinf)
    __aeabi_cdrcmple                         0x0800c6a9   Thumb Code     0  drleqf.o(x$fpl$drleqf)
    _drcmple                                 0x0800c6a9   Thumb Code   108  drleqf.o(x$fpl$drleqf)
    __aeabi_f2d                              0x0800c715   Thumb Code     0  f2d.o(x$fpl$f2d)
    _f2d                                     0x0800c715   Thumb Code    86  f2d.o(x$fpl$f2d)
    __aeabi_fadd                             0x0800c76d   Thumb Code     0  faddsub_clz.o(x$fpl$fadd)
    _fadd                                    0x0800c76d   Thumb Code   196  faddsub_clz.o(x$fpl$fadd)
    __aeabi_fcmpeq                           0x0800c831   Thumb Code     0  fcmp.o(x$fpl$fcmp)
    _feq                                     0x0800c831   Thumb Code    14  fcmp.o(x$fpl$fcmp)
    _fneq                                    0x0800c83f   Thumb Code    14  fcmp.o(x$fpl$fcmp)
    __aeabi_fcmpgt                           0x0800c84d   Thumb Code     0  fcmp.o(x$fpl$fcmp)
    _fgr                                     0x0800c84d   Thumb Code    14  fcmp.o(x$fpl$fcmp)
    __aeabi_fcmpge                           0x0800c85b   Thumb Code     0  fcmp.o(x$fpl$fcmp)
    _fgeq                                    0x0800c85b   Thumb Code    14  fcmp.o(x$fpl$fcmp)
    __aeabi_fcmple                           0x0800c869   Thumb Code     0  fcmp.o(x$fpl$fcmp)
    _fleq                                    0x0800c869   Thumb Code    14  fcmp.o(x$fpl$fcmp)
    __aeabi_fcmplt                           0x0800c877   Thumb Code     0  fcmp.o(x$fpl$fcmp)
    _fls                                     0x0800c877   Thumb Code    14  fcmp.o(x$fpl$fcmp)
    __fpl_fcmp_Inf                           0x0800c885   Thumb Code    24  fcmpi.o(x$fpl$fcmpinf)
    __aeabi_cfcmpeq                          0x0800c89d   Thumb Code     0  feqf.o(x$fpl$feqf)
    _fcmpeq                                  0x0800c89d   Thumb Code   104  feqf.o(x$fpl$feqf)
    __aeabi_f2iz                             0x0800c905   Thumb Code     0  ffix.o(x$fpl$ffix)
    _ffix                                    0x0800c905   Thumb Code    54  ffix.o(x$fpl$ffix)
    _fcmpge                                  0x0800c93d   Thumb Code   104  fgeqf.o(x$fpl$fgeqf)
    __aeabi_cfcmple                          0x0800c9a5   Thumb Code     0  fleqf.o(x$fpl$fleqf)
    _fcmple                                  0x0800c9a5   Thumb Code   104  fleqf.o(x$fpl$fleqf)
    __fpl_fcmple_InfNaN                      0x0800c9f7   Thumb Code     0  fleqf.o(x$fpl$fleqf)
    __fpl_fnaninf                            0x0800ca0d   Thumb Code   140  fnaninf.o(x$fpl$fnaninf)
    __fpl_fretinf                            0x0800ca99   Thumb Code    10  fretinf.o(x$fpl$fretinf)
    __aeabi_fsub                             0x0800caa5   Thumb Code     0  faddsub_clz.o(x$fpl$fsub)
    _fsub                                    0x0800caa5   Thumb Code   234  faddsub_clz.o(x$fpl$fsub)
    __ieee_status                            0x0800cb8f   Thumb Code     6  istatus.o(x$fpl$ieeestatus)
    __fpl_return_NaN                         0x0800cb95   Thumb Code   100  retnan.o(x$fpl$retnan)
    __ARM_scalbn                             0x0800cbf9   Thumb Code    92  scalbn.o(x$fpl$scalbn)
    _scanf_real                              0x0800cc55   Thumb Code     4  scanf1.o(x$fpl$scanf1)
    _scanf_hex_real                          0x0800cc59   Thumb Code     4  scanf2.o(x$fpl$scanf2)
    _scanf_infnan                            0x0800cc5d   Thumb Code     4  scanf2.o(x$fpl$scanf2)
    __fpl_cmpreturn                          0x0800cc61   Thumb Code    48  trapv.o(x$fpl$trapveneer)
    __I$use$fp                               0x0800cc90   Number         0  usenofp.o(x$fpl$usenofp)
    AHBPrescTable                            0x0800cd24   Data          16  system_stm32f1xx.o(.rodata.AHBPrescTable)
    APBPrescTable                            0x0800cd34   Data           8  system_stm32f1xx.o(.rodata.APBPrescTable)
    Region$$Table$$Base                      0x0800cd70   Number         0  anon$$obj.o(Region$$Table)
    Region$$Table$$Limit                     0x0800cd90   Number         0  anon$$obj.o(Region$$Table)
    __aeabi_HUGE_VAL                         0x0800cd90   Data           0  fpconst.o(c$$dinf)
    __aeabi_HUGE_VALL                        0x0800cd90   Data           0  fpconst.o(c$$dinf)
    __aeabi_INFINITY                         0x0800cd90   Data           0  fpconst.o(c$$dinf)
    __dInf                                   0x0800cd90   Data           0  fpconst.o(c$$dinf)
    __huge_val                               0x0800cd90   Data           0  fpconst.o(c$$dinf)
    __dbl_max                                0x0800cd98   Data           0  fpconst.o(c$$dmax)
    __ctype                                  0x0800cdc9   Data           0  lc_ctype_c.o(locale$$data)
    uwTickFreq                               0x20000000   Data           1  stm32f1xx_hal.o(.data..L_MergedGlobals)
    uwTickPrio                               0x20000004   Data           4  stm32f1xx_hal.o(.data..L_MergedGlobals)
    SystemCoreClock                          0x20000008   Data           4  system_stm32f1xx.o(.data.SystemCoreClock)
    __libspace_start                         0x20000010   Data          96  libspace.o(.bss)
    __temporary_stack_top$libspace           0x20000070   Data           0  libspace.o(.bss)
    cmdLen                                   0x20000070   Data           1  cnc-logic.o(.bss..L_MergedGlobals)
    sqn                                      0x20000071   Data           1  cnc-logic.o(.bss..L_MergedGlobals)
    receivedCrc                              0x20000072   Data           1  cnc-logic.o(.bss..L_MergedGlobals)
    signReceivedFlag                         0x20000073   Data           1  cnc-logic.o(.bss..L_MergedGlobals)
    lenReceivedFlag                          0x20000074   Data           1  cnc-logic.o(.bss..L_MergedGlobals)
    sqnReceivedFlag                          0x20000075   Data           1  cnc-logic.o(.bss..L_MergedGlobals)
    addrReceivedFlag                         0x20000076   Data           1  cnc-logic.o(.bss..L_MergedGlobals)
    uartRxComplete                           0x20000077   Data           1  cnc-logic.o(.bss..L_MergedGlobals)
    wrongSignFlag                            0x20000078   Data           1  cnc-logic.o(.bss..L_MergedGlobals)
    wrongLenFlag                             0x20000079   Data           1  cnc-logic.o(.bss..L_MergedGlobals)
    wrongSqnFlag                             0x2000007a   Data           1  cnc-logic.o(.bss..L_MergedGlobals)
    wrongAddrFlag                            0x2000007b   Data           1  cnc-logic.o(.bss..L_MergedGlobals)
    wrongCrcFlag                             0x2000007c   Data           1  cnc-logic.o(.bss..L_MergedGlobals)
    packageTooBigFlag                        0x2000007d   Data           1  cnc-logic.o(.bss..L_MergedGlobals)
    badPackageFlag                           0x2000007e   Data           1  cnc-logic.o(.bss..L_MergedGlobals)
    unknownCmdFlag                           0x2000007f   Data           1  cnc-logic.o(.bss..L_MergedGlobals)
    wrongGcodeFlag                           0x20000080   Data           1  cnc-logic.o(.bss..L_MergedGlobals)
    wrongGcoordFlag                          0x20000081   Data           1  cnc-logic.o(.bss..L_MergedGlobals)
    wrongGspeedFlag                          0x20000082   Data           1  cnc-logic.o(.bss..L_MergedGlobals)
    badCmdFlag                               0x20000083   Data           1  cnc-logic.o(.bss..L_MergedGlobals)
    errorFlag                                0x20000084   Data           1  cnc-logic.o(.bss..L_MergedGlobals)
    commandRunSuccess                        0x20000085   Data           1  cnc-logic.o(.bss..L_MergedGlobals)
    command                                  0x20000086   Data           1  cnc-logic.o(.bss..L_MergedGlobals)
    numberOfReceivedBytes                    0x20000088   Data           2  cnc-logic.o(.bss..L_MergedGlobals)
    stepsQuantityX                           0x2000008c   Data           4  cnc-logic.o(.bss..L_MergedGlobals)
    stepsQuantityY                           0x20000090   Data           4  cnc-logic.o(.bss..L_MergedGlobals)
    periph                                   0x20000094   Data           4  cnc-logic.o(.bss..L_MergedGlobals)
    params                                   0x20000098   Data           4  cnc-logic.o(.bss..L_MergedGlobals)
    Cnc                                      0x2000009c   Data          24  cnc-logic.o(.bss..L_MergedGlobals)
    gArgs                                    0x200000b4   Data          24  cnc-logic.o(.bss..L_MergedGlobals)
    htim1                                    0x200000cc   Data          72  main.o(.bss.htim1)
    htim2                                    0x20000114   Data          72  main.o(.bss.htim2)
    htim3                                    0x2000015c   Data          72  main.o(.bss.htim3)
    htim4                                    0x200001a4   Data          72  main.o(.bss.htim4)
    huart1                                   0x200001ec   Data          72  main.o(.bss.huart1)
    uartRxBuffer                             0x20000234   Data         257  cnc-logic.o(.bss.uartRxBuffer)
    uwTick                                   0x20000338   Data           4  stm32f1xx_hal.o(.bss.uwTick)



==============================================================================

Memory Map of the image

  Image Entry point : 0x080000ed

  Load Region LR_IROM1 (Base: 0x08000000, Size: 0x0000cee0, Max: 0x00010000, ABSOLUTE)

    Execution Region ER_IROM1 (Exec base: 0x08000000, Load base: 0x08000000, Size: 0x0000cecc, Max: 0x00010000, ABSOLUTE)

    Exec Addr    Load Addr    Size         Type   Attr      Idx    E Section Name        Object

    0x08000000   0x08000000   0x000000ec   Data   RO            3    RESET               startup_stm32f103xb.o
    0x080000ec   0x080000ec   0x00000008   Code   RO          200  * !!!main             c_w.l(__main.o)
    0x080000f4   0x080000f4   0x00000034   Code   RO          574    !!!scatter          c_w.l(__scatter.o)
    0x08000128   0x08000128   0x0000001a   Code   RO          576    !!handler_copy      c_w.l(__scatter_copy.o)
    0x08000142   0x08000142   0x00000002   PAD
    0x08000144   0x08000144   0x0000001c   Code   RO          578    !!handler_zi        c_w.l(__scatter_zi.o)
    0x08000160   0x08000160   0x00000002   Code   RO          303    .ARM.Collect$$libinit$$00000000  c_w.l(libinit.o)
    0x08000162   0x08000162   0x00000000   Code   RO          305    .ARM.Collect$$libinit$$00000002  c_w.l(libinit2.o)
    0x08000162   0x08000162   0x00000000   Code   RO          307    .ARM.Collect$$libinit$$00000004  c_w.l(libinit2.o)
    0x08000162   0x08000162   0x00000000   Code   RO          310    .ARM.Collect$$libinit$$0000000A  c_w.l(libinit2.o)
    0x08000162   0x08000162   0x00000000   Code   RO          312    .ARM.Collect$$libinit$$0000000C  c_w.l(libinit2.o)
    0x08000162   0x08000162   0x00000000   Code   RO          314    .ARM.Collect$$libinit$$0000000E  c_w.l(libinit2.o)
    0x08000162   0x08000162   0x00000006   Code   RO          315    .ARM.Collect$$libinit$$0000000F  c_w.l(libinit2.o)
    0x08000168   0x08000168   0x00000000   Code   RO          317    .ARM.Collect$$libinit$$00000011  c_w.l(libinit2.o)
    0x08000168   0x08000168   0x0000000c   Code   RO          318    .ARM.Collect$$libinit$$00000012  c_w.l(libinit2.o)
    0x08000174   0x08000174   0x00000000   Code   RO          319    .ARM.Collect$$libinit$$00000013  c_w.l(libinit2.o)
    0x08000174   0x08000174   0x00000000   Code   RO          321    .ARM.Collect$$libinit$$00000015  c_w.l(libinit2.o)
    0x08000174   0x08000174   0x0000000a   Code   RO          322    .ARM.Collect$$libinit$$00000016  c_w.l(libinit2.o)
    0x0800017e   0x0800017e   0x00000000   Code   RO          323    .ARM.Collect$$libinit$$00000017  c_w.l(libinit2.o)
    0x0800017e   0x0800017e   0x00000000   Code   RO          325    .ARM.Collect$$libinit$$00000019  c_w.l(libinit2.o)
    0x0800017e   0x0800017e   0x00000000   Code   RO          327    .ARM.Collect$$libinit$$0000001B  c_w.l(libinit2.o)
    0x0800017e   0x0800017e   0x00000000   Code   RO          329    .ARM.Collect$$libinit$$0000001D  c_w.l(libinit2.o)
    0x0800017e   0x0800017e   0x00000000   Code   RO          331    .ARM.Collect$$libinit$$0000001F  c_w.l(libinit2.o)
    0x0800017e   0x0800017e   0x00000000   Code   RO          333    .ARM.Collect$$libinit$$00000021  c_w.l(libinit2.o)
    0x0800017e   0x0800017e   0x00000000   Code   RO          335    .ARM.Collect$$libinit$$00000023  c_w.l(libinit2.o)
    0x0800017e   0x0800017e   0x00000000   Code   RO          337    .ARM.Collect$$libinit$$00000025  c_w.l(libinit2.o)
    0x0800017e   0x0800017e   0x00000000   Code   RO          341    .ARM.Collect$$libinit$$0000002C  c_w.l(libinit2.o)
    0x0800017e   0x0800017e   0x00000000   Code   RO          343    .ARM.Collect$$libinit$$0000002E  c_w.l(libinit2.o)
    0x0800017e   0x0800017e   0x00000000   Code   RO          345    .ARM.Collect$$libinit$$00000030  c_w.l(libinit2.o)
    0x0800017e   0x0800017e   0x00000000   Code   RO          347    .ARM.Collect$$libinit$$00000032  c_w.l(libinit2.o)
    0x0800017e   0x0800017e   0x00000002   Code   RO          348    .ARM.Collect$$libinit$$00000033  c_w.l(libinit2.o)
    0x08000180   0x08000180   0x00000002   Code   RO          480    .ARM.Collect$$libshutdown$$00000000  c_w.l(libshutdown.o)
    0x08000182   0x08000182   0x00000000   Code   RO          503    .ARM.Collect$$libshutdown$$00000002  c_w.l(libshutdown2.o)
    0x08000182   0x08000182   0x00000000   Code   RO          505    .ARM.Collect$$libshutdown$$00000004  c_w.l(libshutdown2.o)
    0x08000182   0x08000182   0x00000000   Code   RO          508    .ARM.Collect$$libshutdown$$00000007  c_w.l(libshutdown2.o)
    0x08000182   0x08000182   0x00000000   Code   RO          511    .ARM.Collect$$libshutdown$$0000000A  c_w.l(libshutdown2.o)
    0x08000182   0x08000182   0x00000000   Code   RO          513    .ARM.Collect$$libshutdown$$0000000C  c_w.l(libshutdown2.o)
    0x08000182   0x08000182   0x00000000   Code   RO          516    .ARM.Collect$$libshutdown$$0000000F  c_w.l(libshutdown2.o)
    0x08000182   0x08000182   0x00000002   Code   RO          517    .ARM.Collect$$libshutdown$$00000010  c_w.l(libshutdown2.o)
    0x08000184   0x08000184   0x00000000   Code   RO          230    .ARM.Collect$$rtentry$$00000000  c_w.l(__rtentry.o)
    0x08000184   0x08000184   0x00000000   Code   RO          251    .ARM.Collect$$rtentry$$00000002  c_w.l(__rtentry2.o)
    0x08000184   0x08000184   0x00000006   Code   RO          263    .ARM.Collect$$rtentry$$00000004  c_w.l(__rtentry4.o)
    0x0800018a   0x0800018a   0x00000000   Code   RO          253    .ARM.Collect$$rtentry$$00000009  c_w.l(__rtentry2.o)
    0x0800018a   0x0800018a   0x00000004   Code   RO          254    .ARM.Collect$$rtentry$$0000000A  c_w.l(__rtentry2.o)
    0x0800018e   0x0800018e   0x00000000   Code   RO          256    .ARM.Collect$$rtentry$$0000000C  c_w.l(__rtentry2.o)
    0x0800018e   0x0800018e   0x00000008   Code   RO          257    .ARM.Collect$$rtentry$$0000000D  c_w.l(__rtentry2.o)
    0x08000196   0x08000196   0x00000002   Code   RO          349    .ARM.Collect$$rtexit$$00000000  c_w.l(rtexit.o)
    0x08000198   0x08000198   0x00000000   Code   RO          416    .ARM.Collect$$rtexit$$00000002  c_w.l(rtexit2.o)
    0x08000198   0x08000198   0x00000004   Code   RO          417    .ARM.Collect$$rtexit$$00000003  c_w.l(rtexit2.o)
    0x0800019c   0x0800019c   0x00000006   Code   RO          418    .ARM.Collect$$rtexit$$00000004  c_w.l(rtexit2.o)
    0x080001a2   0x080001a2   0x00000002   PAD
    0x080001a4   0x080001a4   0x00000040   Code   RO            4    .text               startup_stm32f103xb.o
    0x080001e4   0x080001e4   0x00000438   Code   RO           10    .text               main.o
    0x0800061c   0x0800061c   0x00000b14   Code   RO           25    .text               cnc-logic.o
    0x08001130   0x08001130   0x00000030   Code   RO           39    .text               stm32f1xx_it.o
    0x08001160   0x08001160   0x000002a2   Code   RO           46    .text               stm32f1xx_hal_msp.o
    0x08001402   0x08001402   0x00000002   PAD
    0x08001404   0x08001404   0x00003c9a   Code   RO           63    .text               stm32f1xx_hal_tim.o
    0x0800509e   0x0800509e   0x00000002   PAD
    0x080050a0   0x080050a0   0x000014de   Code   RO           73    .text               stm32f1xx_hal_tim_ex.o
    0x0800657e   0x0800657e   0x00000002   PAD
    0x08006580   0x08006580   0x00000216   Code   RO           82    .text               stm32f1xx_hal.o
    0x08006796   0x08006796   0x00000002   PAD
    0x08006798   0x08006798   0x00000862   Code   RO           92    .text               stm32f1xx_hal_rcc.o
    0x08006ffa   0x08006ffa   0x00000002   PAD
    0x08006ffc   0x08006ffc   0x00000446   Code   RO          112    .text               stm32f1xx_hal_gpio.o
    0x08007442   0x08007442   0x00000002   PAD
    0x08007444   0x08007444   0x00000958   Code   RO          121    .text               stm32f1xx_hal_dma.o
    0x08007d9c   0x08007d9c   0x0000022a   Code   RO          130    .text               stm32f1xx_hal_cortex.o
    0x08007fc6   0x08007fc6   0x00000002   PAD
    0x08007fc8   0x08007fc8   0x00002a90   Code   RO          174    .text               stm32f1xx_hal_uart.o
    0x0800aa58   0x0800aa58   0x00000074   Code   RO          183    .text               system_stm32f1xx.o
    0x0800aacc   0x0800aacc   0x00000014   Code   RO          196    .text               c_w.l(strchr.o)
    0x0800aae0   0x0800aae0   0x00000006   Code   RO          198    .text               c_w.l(heapauxi.o)
    0x0800aae6   0x0800aae6   0x00000016   Code   RO          231    .text               c_w.l(_rserrno.o)
    0x0800aafc   0x0800aafc   0x000000b0   Code   RO          233    .text               c_w.l(strtod.o)
    0x0800abac   0x0800abac   0x00000008   Code   RO          268    .text               c_w.l(rt_errno_addr_intlibspace.o)
    0x0800abb4   0x0800abb4   0x00000012   Code   RO          270    .text               c_w.l(isspace.o)
    0x0800abc6   0x0800abc6   0x00000040   Code   RO          272    .text               c_w.l(_sgetc.o)
    0x0800ac06   0x0800ac06   0x00000002   PAD
    0x0800ac08   0x0800ac08   0x00000008   Code   RO          281    .text               c_w.l(libspace.o)
    0x0800ac10   0x0800ac10   0x0000004a   Code   RO          284    .text               c_w.l(sys_stackheap_outer.o)
    0x0800ac5a   0x0800ac5a   0x00000002   PAD
    0x0800ac5c   0x0800ac5c   0x00000010   Code   RO          286    .text               c_w.l(rt_ctype_table.o)
    0x0800ac6c   0x0800ac6c   0x000004f8   Code   RO          288    .text               c_w.l(scanf_fp.o)
    0x0800b164   0x0800b164   0x00000012   Code   RO          294    .text               c_w.l(exit.o)
    0x0800b176   0x0800b176   0x00000002   PAD
    0x0800b178   0x0800b178   0x00000080   Code   RO          296    .text               c_w.l(strcmpv7m.o)
    0x0800b1f8   0x0800b1f8   0x00000008   Code   RO          354    .text               c_w.l(rt_locale_intlibspace.o)
    0x0800b200   0x0800b200   0x00000026   Code   RO          356    .text               c_w.l(llshl.o)
    0x0800b226   0x0800b226   0x00000002   PAD
    0x0800b228   0x0800b228   0x000000e4   Code   RO          360    .text               c_w.l(bigflt0.o)
    0x0800b30c   0x0800b30c   0x00000320   Code   RO          441    .text               c_w.l(scanf_hexfp.o)
    0x0800b62c   0x0800b62c   0x00000134   Code   RO          443    .text               c_w.l(scanf_infnan.o)
    0x0800b760   0x0800b760   0x0000000c   Code   RO          461    .text               c_w.l(sys_exit.o)
    0x0800b76c   0x0800b76c   0x0000001c   Code   RO          472    .text               c_w.l(_chval.o)
    0x0800b788   0x0800b788   0x00000002   Code   RO          493    .text               c_w.l(use_no_semi.o)
    0x0800b78a   0x0800b78a   0x00000000   Code   RO          495    .text               c_w.l(indicate_semi.o)
    0x0800b78a   0x0800b78a   0x00000002   PAD
    0x0800b78c   0x0800b78c   0x00000338   Code   RO          373    CL$$btod_div_common  c_w.l(btod.o)
    0x0800bac4   0x0800bac4   0x00000084   Code   RO          371    CL$$btod_e2d        c_w.l(btod.o)
    0x0800bb48   0x0800bb48   0x000000dc   Code   RO          370    CL$$btod_e2e        c_w.l(btod.o)
    0x0800bc24   0x0800bc24   0x0000002a   Code   RO          367    CL$$btod_ediv       c_w.l(btod.o)
    0x0800bc4e   0x0800bc4e   0x0000002a   Code   RO          369    CL$$btod_edivd      c_w.l(btod.o)
    0x0800bc78   0x0800bc78   0x0000002a   Code   RO          366    CL$$btod_emul       c_w.l(btod.o)
    0x0800bca2   0x0800bca2   0x0000002a   Code   RO          368    CL$$btod_emuld      c_w.l(btod.o)
    0x0800bccc   0x0800bccc   0x00000244   Code   RO          372    CL$$btod_mult_common  c_w.l(btod.o)
    0x0800bf10   0x0800bf10   0x0000000e   Code   RO          524    i.__mathlib_dbl_overflow  m_ws.l(dunder.o)
    0x0800bf1e   0x0800bf1e   0x00000002   PAD
    0x0800bf20   0x0800bf20   0x00000010   Code   RO          526    i.__mathlib_dbl_underflow  m_ws.l(dunder.o)
    0x0800bf30   0x0800bf30   0x00000010   Code   RO          409    i.__mathlib_narrow  m_ws.l(narrow.o)
    0x0800bf40   0x0800bf40   0x000000bc   Code   RO          410    i.__mathlib_tofloat  m_ws.l(narrow.o)
    0x0800bffc   0x0800bffc   0x00000016   Code   RO          488    i.__support_ldexp   m_ws.l(ldexp.o)
    0x0800c012   0x0800c012   0x0000000e   Code   RO          290    i._is_digit         c_w.l(scanf_fp.o)
    0x0800c020   0x0800c020   0x0000002c   Code   RO          227    i.atof              m_ws.l(atof.o)
    0x0800c04c   0x0800c04c   0x00000058   Code   RO          456    i.frexp             m_ws.l(frexp.o)
    0x0800c0a4   0x0800c0a4   0x00000074   Code   RO          489    i.ldexp             m_ws.l(ldexp.o)
    0x0800c118   0x0800c118   0x0000002c   Code   RO          275    locale$$code        c_w.l(lc_numeric_c.o)
    0x0800c144   0x0800c144   0x0000002c   Code   RO          389    locale$$code        c_w.l(lc_ctype_c.o)
    0x0800c170   0x0800c170   0x00000062   Code   RO          202    x$fpl$d2f           fz_ws.l(d2f.o)
    0x0800c1d2   0x0800c1d2   0x00000002   PAD
    0x0800c1d4   0x0800c1d4   0x00000010   Code   RO          518    x$fpl$dcheck1       fz_ws.l(dcheck1.o)
    0x0800c1e4   0x0800c1e4   0x00000018   Code   RO          481    x$fpl$dcmpinf       fz_ws.l(dcmpi.o)
    0x0800c1fc   0x0800c1fc   0x000002b4   Code   RO          205    x$fpl$ddiv          fz_ws.l(ddiv.o)
    0x0800c4b0   0x0800c4b0   0x00000078   Code   RO          451    x$fpl$deqf          fz_ws.l(deqf.o)
    0x0800c528   0x0800c528   0x0000005e   Code   RO          208    x$fpl$dfix          fz_ws.l(dfix.o)
    0x0800c586   0x0800c586   0x00000002   PAD
    0x0800c588   0x0800c588   0x00000078   Code   RO          483    x$fpl$dleqf         fz_ws.l(dleqf.o)
    0x0800c600   0x0800c600   0x0000009c   Code   RO          235    x$fpl$dnaninf       fz_ws.l(dnaninf.o)
    0x0800c69c   0x0800c69c   0x0000000c   Code   RO          237    x$fpl$dretinf       fz_ws.l(dretinf.o)
    0x0800c6a8   0x0800c6a8   0x0000006c   Code   RO          453    x$fpl$drleqf        fz_ws.l(drleqf.o)
    0x0800c714   0x0800c714   0x00000056   Code   RO          212    x$fpl$f2d           fz_ws.l(f2d.o)
    0x0800c76a   0x0800c76a   0x00000002   PAD
    0x0800c76c   0x0800c76c   0x000000c4   Code   RO          214    x$fpl$fadd          fz_ws.l(faddsub_clz.o)
    0x0800c830   0x0800c830   0x00000054   Code   RO          220    x$fpl$fcmp          fz_ws.l(fcmp.o)
    0x0800c884   0x0800c884   0x00000018   Code   RO          277    x$fpl$fcmpinf       fz_ws.l(fcmpi.o)
    0x0800c89c   0x0800c89c   0x00000068   Code   RO          239    x$fpl$feqf          fz_ws.l(feqf.o)
    0x0800c904   0x0800c904   0x00000036   Code   RO          222    x$fpl$ffix          fz_ws.l(ffix.o)
    0x0800c93a   0x0800c93a   0x00000002   PAD
    0x0800c93c   0x0800c93c   0x00000068   Code   RO          241    x$fpl$fgeqf         fz_ws.l(fgeqf.o)
    0x0800c9a4   0x0800c9a4   0x00000068   Code   RO          243    x$fpl$fleqf         fz_ws.l(fleqf.o)
    0x0800ca0c   0x0800ca0c   0x0000008c   Code   RO          245    x$fpl$fnaninf       fz_ws.l(fnaninf.o)
    0x0800ca98   0x0800ca98   0x0000000a   Code   RO          247    x$fpl$fretinf       fz_ws.l(fretinf.o)
    0x0800caa2   0x0800caa2   0x00000002   PAD
    0x0800caa4   0x0800caa4   0x000000ea   Code   RO          216    x$fpl$fsub          fz_ws.l(faddsub_clz.o)
    0x0800cb8e   0x0800cb8e   0x00000006   Code   RO          401    x$fpl$ieeestatus    fz_ws.l(istatus.o)
    0x0800cb94   0x0800cb94   0x00000064   Code   RO          546    x$fpl$retnan        fz_ws.l(retnan.o)
    0x0800cbf8   0x0800cbf8   0x0000005c   Code   RO          485    x$fpl$scalbn        fz_ws.l(scalbn.o)
    0x0800cc54   0x0800cc54   0x00000004   Code   RO          279    x$fpl$scanf1        fz_ws.l(scanf1.o)
    0x0800cc58   0x0800cc58   0x00000008   Code   RO          403    x$fpl$scanf2        fz_ws.l(scanf2.o)
    0x0800cc60   0x0800cc60   0x00000030   Code   RO          554    x$fpl$trapveneer    fz_ws.l(trapv.o)
    0x0800cc90   0x0800cc90   0x00000000   Code   RO          249    x$fpl$usenofp       fz_ws.l(usenofp.o)
    0x0800cc90   0x0800cc90   0x00000094   Data   RO          361    .constdata          c_w.l(bigflt0.o)
    0x0800cd24   0x0800cd24   0x00000010   Data   RO          186    .rodata.AHBPrescTable  system_stm32f1xx.o
    0x0800cd34   0x0800cd34   0x00000008   Data   RO          187    .rodata.APBPrescTable  system_stm32f1xx.o
    0x0800cd3c   0x0800cd3c   0x00000002   Data   RO           95    .rodata.HAL_RCC_GetSysClockFreq.aPredivFactorTable  stm32f1xx_hal_rcc.o
    0x0800cd3e   0x0800cd3e   0x00000002   PAD
    0x0800cd40   0x0800cd40   0x00000020   Data   RO           65    .rodata.cst16       stm32f1xx_hal_tim.o
    0x0800cd60   0x0800cd60   0x00000010   Data   RO           94    .rodata.cst16       stm32f1xx_hal_rcc.o
    0x0800cd70   0x0800cd70   0x00000020   Data   RO          573    Region$$Table       anon$$obj.o
    0x0800cd90   0x0800cd90   0x00000008   Data   RO          395    c$$dinf             fz_ws.l(fpconst.o)
    0x0800cd98   0x0800cd98   0x00000008   Data   RO          398    c$$dmax             fz_ws.l(fpconst.o)
    0x0800cda0   0x0800cda0   0x0000001c   Data   RO          274    locale$$data        c_w.l(lc_numeric_c.o)
    0x0800cdbc   0x0800cdbc   0x00000110   Data   RO          388    locale$$data        c_w.l(lc_ctype_c.o)


    Execution Region RW_IRAM1 (Exec base: 0x20000000, Load base: 0x0800ced0, Size: 0x00000940, Max: 0x00005000, ABSOLUTE)

    Exec Addr    Load Addr    Size         Type   Attr      Idx    E Section Name        Object

    0x20000000   0x0800ced0   0x00000008   Data   RW           85    .data..L_MergedGlobals  stm32f1xx_hal.o
    0x20000008   0x0800ced8   0x00000004   Data   RW          185    .data.SystemCoreClock  system_stm32f1xx.o
    0x2000000c   0x0800cedc   0x00000004   PAD
    0x20000010        -       0x00000060   Zero   RW          282    .bss                c_w.l(libspace.o)
    0x20000070        -       0x0000005c   Zero   RW           31    .bss..L_MergedGlobals  cnc-logic.o
    0x200000cc        -       0x00000048   Zero   RW           13    .bss.htim1          main.o
    0x20000114        -       0x00000048   Zero   RW           14    .bss.htim2          main.o
    0x2000015c        -       0x00000048   Zero   RW           15    .bss.htim3          main.o
    0x200001a4        -       0x00000048   Zero   RW           16    .bss.htim4          main.o
    0x200001ec        -       0x00000048   Zero   RW           12    .bss.huart1         main.o
    0x20000234        -       0x00000101   Zero   RW           28    .bss.uartRxBuffer   cnc-logic.o
    0x20000335   0x0800cedc   0x00000003   PAD
    0x20000338        -       0x00000004   Zero   RW           84    .bss.uwTick         stm32f1xx_hal.o
    0x2000033c   0x0800cedc   0x00000004   PAD
    0x20000340        -       0x00000200   Zero   RW            2    HEAP                startup_stm32f103xb.o
    0x20000540        -       0x00000400   Zero   RW            1    STACK               startup_stm32f103xb.o


==============================================================================

Image component sizes


      Code (inc. data)   RO Data    RW Data    ZI Data      Debug   Object Name

      2836          0          0          0        349      11545   cnc-logic.o
      1080          0          0          0        360       9189   main.o
        64         26        236          0       1536        792   startup_stm32f103xb.o
       534          0          0          8          4       5162   stm32f1xx_hal.o
       554          0          0          0          0       7910   stm32f1xx_hal_cortex.o
      2392         12          0          0          0       7672   stm32f1xx_hal_dma.o
      1094         22          0          0          0       4506   stm32f1xx_hal_gpio.o
       674          0          0          0          0       8134   stm32f1xx_hal_msp.o
      2146          0         18          0          0       7189   stm32f1xx_hal_rcc.o
     15514         66         32          0          0      50197   stm32f1xx_hal_tim.o
      5342          0          0          0          0      18903   stm32f1xx_hal_tim_ex.o
     10896          0          0          0          0      29750   stm32f1xx_hal_uart.o
        48          0          0          0          0       3556   stm32f1xx_it.o
       116          0         24          4          0       1560   system_stm32f1xx.o

    ----------------------------------------------------------------------
     43304        126        344         12       2260     166065   Object Totals
         0          0         32          0          0          0   (incl. Generated)
        14          0          2          0         11          0   (incl. Padding)

    ----------------------------------------------------------------------

      Code (inc. data)   RO Data    RW Data    ZI Data      Debug   Library Member Name

         8          0          0          0          0         68   __main.o
         0          0          0          0          0          0   __rtentry.o
        12          0          0          0          0          0   __rtentry2.o
         6          0          0          0          0          0   __rtentry4.o
        52          8          0          0          0          0   __scatter.o
        26          0          0          0          0          0   __scatter_copy.o
        28          0          0          0          0          0   __scatter_zi.o
        28          0          0          0          0         68   _chval.o
        22          0          0          0          0        100   _rserrno.o
        64          0          0          0          0         84   _sgetc.o
       228          4        148          0          0         96   bigflt0.o
      1924        136          0          0          0        752   btod.o
        18          0          0          0          0         80   exit.o
         6          0          0          0          0        152   heapauxi.o
         0          0          0          0          0          0   indicate_semi.o
        18          0          0          0          0         76   isspace.o
        44         10        272          0          0         76   lc_ctype_c.o
        44         10         28          0          0         76   lc_numeric_c.o
         2          0          0          0          0          0   libinit.o
        30          0          0          0          0          0   libinit2.o
         2          0          0          0          0          0   libshutdown.o
         2          0          0          0          0          0   libshutdown2.o
         8          4          0          0         96         68   libspace.o
        38          0          0          0          0         68   llshl.o
        16          4          0          0          0         76   rt_ctype_table.o
         8          4          0          0          0         68   rt_errno_addr_intlibspace.o
         8          4          0          0          0         68   rt_locale_intlibspace.o
         2          0          0          0          0          0   rtexit.o
        10          0          0          0          0          0   rtexit2.o
      1286         16          0          0          0        236   scanf_fp.o
       800         14          0          0          0        100   scanf_hexfp.o
       308         16          0          0          0        100   scanf_infnan.o
        20          0          0          0          0         68   strchr.o
       128          0          0          0          0         68   strcmpv7m.o
       176         14          0          0          0        124   strtod.o
        12          4          0          0          0         68   sys_exit.o
        74          0          0          0          0         80   sys_stackheap_outer.o
         2          0          0          0          0         68   use_no_semi.o
        98          4          0          0          0         92   d2f.o
        16          4          0          0          0         68   dcheck1.o
        24          0          0          0          0         68   dcmpi.o
       692        140          0          0          0        216   ddiv.o
       120          4          0          0          0         92   deqf.o
        94          4          0          0          0         92   dfix.o
       120          4          0          0          0         92   dleqf.o
       156          4          0          0          0         92   dnaninf.o
        12          0          0          0          0         68   dretinf.o
       108          0          0          0          0         80   drleqf.o
        86          4          0          0          0         84   f2d.o
       430          8          0          0          0        168   faddsub_clz.o
        84          0          0          0          0        196   fcmp.o
        24          0          0          0          0         68   fcmpi.o
       104          4          0          0          0         84   feqf.o
        54          4          0          0          0         84   ffix.o
       104          4          0          0          0         84   fgeqf.o
       104          4          0          0          0         84   fleqf.o
       140          4          0          0          0         84   fnaninf.o
         0          0         16          0          0          0   fpconst.o
        10          0          0          0          0         68   fretinf.o
         6          0          0          0          0         68   istatus.o
       100          0          0          0          0         68   retnan.o
        92          0          0          0          0         68   scalbn.o
         4          0          0          0          0         68   scanf1.o
         8          0          0          0          0         84   scanf2.o
        48          0          0          0          0         68   trapv.o
         0          0          0          0          0          0   usenofp.o
        44          0          0          0          0         84   atof.o
        30          6          0          0          0        136   dunder.o
        88          8          0          0          0         76   frexp.o
       138          0          0          0          0        160   ldexp.o
       204          4          0          0          0        168   narrow.o

    ----------------------------------------------------------------------
      8828        462        464          0         96       5900   Library Totals
        26          0          0          0          0          0   (incl. Padding)

    ----------------------------------------------------------------------

      Code (inc. data)   RO Data    RW Data    ZI Data      Debug   Library Name

      5460        248        448          0         96       2888   c_w.l
      2838        196         16          0          0       2388   fz_ws.l
       504         18          0          0          0        624   m_ws.l

    ----------------------------------------------------------------------
      8828        462        464          0         96       5900   Library Totals

    ----------------------------------------------------------------------

==============================================================================


      Code (inc. data)   RO Data    RW Data    ZI Data      Debug   

     52132        588        808         12       2356     168445   Grand Totals
     52132        588        808         12       2356     168445   ELF Image Totals
     52132        588        808         12          0          0   ROM Totals

==============================================================================

    Total RO  Size (Code + RO Data)                52940 (  51.70kB)
    Total RW  Size (RW Data + ZI Data)              2368 (   2.31kB)
    Total ROM Size (Code + RO Data + RW Data)      52952 (  51.71kB)

==============================================================================

