Component: ARM Compiler 6.16 Tool: armlink [5dfeaa00]

==============================================================================

Section Cross References

    startup_stm32f103xb.o(STACK) refers (Special) to heapauxi.o(.text) for __use_two_region_memory
    startup_stm32f103xb.o(HEAP) refers (Special) to heapauxi.o(.text) for __use_two_region_memory
    startup_stm32f103xb.o(RESET) refers (Special) to heapauxi.o(.text) for __use_two_region_memory
    startup_stm32f103xb.o(RESET) refers to startup_stm32f103xb.o(STACK) for __initial_sp
    startup_stm32f103xb.o(RESET) refers to startup_stm32f103xb.o(.text) for Reset_Handler
    startup_stm32f103xb.o(RESET) refers to stm32f1xx_it.o(.text) for NMI_Handler
    startup_stm32f103xb.o(.text) refers (Special) to heapauxi.o(.text) for __use_two_region_memory
    startup_stm32f103xb.o(.text) refers to system_stm32f1xx.o(.text) for SystemInit
    startup_stm32f103xb.o(.text) refers to __main.o(!!!main) for __main
    startup_stm32f103xb.o(.text) refers to startup_stm32f103xb.o(HEAP) for Heap_Mem
    startup_stm32f103xb.o(.text) refers to startup_stm32f103xb.o(STACK) for Stack_Mem
    cnc-logic.o(.text) refers to main.o(.text) for GetPeriph
    cnc-logic.o(.text) refers to cnc-logic.o(.bss..L_MergedGlobals) for .L_MergedGlobals
    cnc-logic.o(.text) refers to cnc-logic.o(.bss.uartRxBuffer) for uartRxBuffer
    cnc-logic.o(.text) refers to stm32f1xx_hal_uart.o(.text) for HAL_UART_Receive_DMA
    cnc-logic.o(.text) refers to cnc-logic.o(.rodata..L.str.8) for .L.str.8
    cnc-logic.o(.text) refers to cnc-logic.o(.rodata..L.str.9) for .L.str.9
    cnc-logic.o(.text) refers to strlen.o(.text) for strlen
    cnc-logic.o(.text) refers to strchr.o(.text) for strchr
    cnc-logic.o(.text) refers to atof.o(i.atof) for atof
    cnc-logic.o(.text) refers to d2f.o(x$fpl$d2f) for __aeabi_d2f
    cnc-logic.o(.text) refers to ffix.o(x$fpl$ffix) for __aeabi_f2iz
    cnc-logic.o(.text) refers to fcmp.o(x$fpl$fcmp) for __aeabi_fcmplt
    cnc-logic.o(.text) refers to faddsub_clz.o(x$fpl$fadd) for __aeabi_fadd
    cnc-logic.o(.text) refers to faddsub_clz.o(x$fpl$fsub) for __aeabi_fsub
    cnc-logic.o(.text) refers to f2d.o(x$fpl$f2d) for __aeabi_f2d
    cnc-logic.o(.text) refers to ddiv.o(x$fpl$ddiv) for __aeabi_ddiv
    cnc-logic.o(.text) refers to dfix.o(x$fpl$dfix) for __aeabi_d2iz
    cnc-logic.o(.ARM.exidx) refers to cnc-logic.o(.text) for [Anonymous Symbol]
    main.o(.text) refers to stm32f1xx_hal.o(.text) for HAL_Init
    main.o(.text) refers to stm32f1xx_hal_rcc.o(.text) for HAL_RCC_OscConfig
    main.o(.text) refers to stm32f1xx_hal_gpio.o(.text) for HAL_GPIO_WritePin
    main.o(.text) refers to stm32f1xx_hal_cortex.o(.text) for HAL_NVIC_SetPriority
    main.o(.text) refers to main.o(.bss.htim2) for htim2
    main.o(.text) refers to stm32f1xx_hal_tim.o(.text) for HAL_TIM_Base_Init
    main.o(.text) refers to stm32f1xx_hal_tim_ex.o(.text) for HAL_TIMEx_MasterConfigSynchronization
    main.o(.text) refers to stm32f1xx_hal_msp.o(.text) for HAL_TIM_MspPostInit
    main.o(.text) refers to main.o(.bss.huart1) for huart1
    main.o(.text) refers to stm32f1xx_hal_uart.o(.text) for HAL_UART_Init
    main.o(.text) refers to main.o(.bss.htim1) for htim1
    main.o(.text) refers to main.o(.bss.htim3) for htim3
    main.o(.text) refers to main.o(.bss.htim4) for htim4
    main.o(.text) refers to cnc-logic.o(.text) for InitDevice
    main.o(.ARM.exidx) refers to main.o(.text) for [Anonymous Symbol]
    stm32f1xx_it.o(.text) refers to stm32f1xx_hal.o(.text) for HAL_IncTick
    stm32f1xx_it.o(.text) refers to main.o(.bss.hdma_usart1_tx) for hdma_usart1_tx
    stm32f1xx_it.o(.text) refers to stm32f1xx_hal_dma.o(.text) for HAL_DMA_IRQHandler
    stm32f1xx_it.o(.text) refers to main.o(.bss.hdma_usart1_rx) for hdma_usart1_rx
    stm32f1xx_it.o(.text) refers to main.o(.bss.huart1) for huart1
    stm32f1xx_it.o(.text) refers to stm32f1xx_hal_uart.o(.text) for HAL_UART_IRQHandler
    stm32f1xx_it.o(.ARM.exidx) refers to stm32f1xx_it.o(.text) for [Anonymous Symbol]
    stm32f1xx_hal_msp.o(.text) refers to stm32f1xx_hal_gpio.o(.text) for HAL_GPIO_Init
    stm32f1xx_hal_msp.o(.text) refers to main.o(.bss.hdma_usart1_tx) for hdma_usart1_tx
    stm32f1xx_hal_msp.o(.text) refers to stm32f1xx_hal_dma.o(.text) for HAL_DMA_Init
    stm32f1xx_hal_msp.o(.text) refers to main.o(.text) for Error_Handler
    stm32f1xx_hal_msp.o(.text) refers to main.o(.bss.hdma_usart1_rx) for hdma_usart1_rx
    stm32f1xx_hal_msp.o(.text) refers to stm32f1xx_hal_cortex.o(.text) for HAL_NVIC_SetPriority
    stm32f1xx_hal_msp.o(.ARM.exidx) refers to stm32f1xx_hal_msp.o(.text) for [Anonymous Symbol]
    stm32f1xx_hal_gpio_ex.o(.ARM.exidx) refers to stm32f1xx_hal_gpio_ex.o(.text) for [Anonymous Symbol]
    stm32f1xx_hal_tim.o(.text) refers to stm32f1xx_hal_msp.o(.text) for HAL_TIM_Base_MspInit
    stm32f1xx_hal_tim.o(.text) refers to stm32f1xx_hal_dma.o(.text) for HAL_DMA_Start_IT
[...]
    x$fpl$dcheck1                            0x0800c48c   Section       16  dcheck1.o(x$fpl$dcheck1)
    x$fpl$dcmpinf                            0x0800c49c   Section       24  dcmpi.o(x$fpl$dcmpinf)
    x$fpl$ddiv                               0x0800c4b4   Section      692  ddiv.o(x$fpl$ddiv)
    ddiv_entry                               0x0800c4bb   Thumb Code     0  ddiv.o(x$fpl$ddiv)
    x$fpl$deqf                               0x0800c768   Section      120  deqf.o(x$fpl$deqf)
    x$fpl$dfix                               0x0800c7e0   Section       94  dfix.o(x$fpl$dfix)
    x$fpl$dleqf                              0x0800c840   Section      120  dleqf.o(x$fpl$dleqf)
    x$fpl$dnaninf                            0x0800c8b8   Section      156  dnaninf.o(x$fpl$dnaninf)
    x$fpl$dretinf                            0x0800c954   Section       12  dretinf.o(x$fpl$dretinf)
    x$fpl$drleqf                             0x0800c960   Section      108  drleqf.o(x$fpl$drleqf)
    x$fpl$f2d                                0x0800c9cc   Section       86  f2d.o(x$fpl$f2d)
    x$fpl$fadd                               0x0800ca24   Section      196  faddsub_clz.o(x$fpl$fadd)
    _fadd1                                   0x0800ca33   Thumb Code     0  faddsub_clz.o(x$fpl$fadd)
    x$fpl$fcmp                               0x0800cae8   Section       84  fcmp.o(x$fpl$fcmp)
    x$fpl$fcmpinf                            0x0800cb3c   Section       24  fcmpi.o(x$fpl$fcmpinf)
    x$fpl$feqf                               0x0800cb54   Section      104  feqf.o(x$fpl$feqf)
    x$fpl$ffix                               0x0800cbbc   Section       54  ffix.o(x$fpl$ffix)
    x$fpl$fgeqf                              0x0800cbf4   Section      104  fgeqf.o(x$fpl$fgeqf)
    x$fpl$fleqf                              0x0800cc5c   Section      104  fleqf.o(x$fpl$fleqf)
    x$fpl$fnaninf                            0x0800ccc4   Section      140  fnaninf.o(x$fpl$fnaninf)
    x$fpl$fretinf                            0x0800cd50   Section       10  fretinf.o(x$fpl$fretinf)
    x$fpl$fsub                               0x0800cd5c   Section      234  faddsub_clz.o(x$fpl$fsub)
    _fsub1                                   0x0800cd6b   Thumb Code     0  faddsub_clz.o(x$fpl$fsub)
    x$fpl$ieeestatus                         0x0800ce46   Section        6  istatus.o(x$fpl$ieeestatus)
    x$fpl$retnan                             0x0800ce4c   Section      100  retnan.o(x$fpl$retnan)
    x$fpl$scalbn                             0x0800ceb0   Section       92  scalbn.o(x$fpl$scalbn)
    x$fpl$scanf1                             0x0800cf0c   Section        4  scanf1.o(x$fpl$scanf1)
    x$fpl$scanf2                             0x0800cf10   Section        8  scanf2.o(x$fpl$scanf2)
    x$fpl$trapveneer                         0x0800cf18   Section       48  trapv.o(x$fpl$trapveneer)
    tenpwrs_x                                0x0800cf48   Data          60  bigflt0.o(.constdata)
    .constdata                               0x0800cf48   Section      148  bigflt0.o(.constdata)
    x$fpl$usenofp                            0x0800cf48   Section        0  usenofp.o(x$fpl$usenofp)
    tenpwrs_i                                0x0800cf84   Data          64  bigflt0.o(.constdata)
    .L.str.8                                 0x0800cfdc   Data          22  cnc-logic.o(.rodata..L.str.8)
    .L.str.9                                 0x0800cff2   Data          19  cnc-logic.o(.rodata..L.str.9)
    HAL_RCC_GetSysClockFreq.aPredivFactorTable 0x0800d01d   Data           2  stm32f1xx_hal_rcc.o(.rodata.HAL_RCC_GetSysClockFreq.aPredivFactorTable)
    [Anonymous Symbol]                       0x0800d01d   Section        0  stm32f1xx_hal_rcc.o(.rodata.HAL_RCC_GetSysClockFreq.aPredivFactorTable)
    .Lswitch.table.HAL_TIM_IC_Start_IT       0x0800d020   Data          16  stm32f1xx_hal_tim.o(.rodata.cst16)
    .Lswitch.table.HAL_TIM_IC_Stop_IT        0x0800d030   Data          16  stm32f1xx_hal_tim.o(.rodata.cst16)
    HAL_RCC_GetSysClockFreq.aPLLMULFactorTable 0x0800d040   Data          16  stm32f1xx_hal_rcc.o(.rodata.cst16)
    [Anonymous Symbol]                       0x0800d040   Section        0  stm32f1xx_hal_rcc.o(.rodata.cst16)
    c$$dinf                                  0x0800d070   Section        8  fpconst.o(c$$dinf)
    c$$dmax                                  0x0800d078   Section        8  fpconst.o(c$$dmax)
    locale$$data                             0x0800d080   Section       28  lc_numeric_c.o(locale$$data)
    __lcnum_c_name                           0x0800d084   Data           2  lc_numeric_c.o(locale$$data)
    __lcnum_c_start                          0x0800d08c   Data           0  lc_numeric_c.o(locale$$data)
    __lcnum_c_point                          0x0800d098   Data           0  lc_numeric_c.o(locale$$data)
    __lcnum_c_thousands                      0x0800d09a   Data           0  lc_numeric_c.o(locale$$data)
    __lcnum_c_grouping                       0x0800d09b   Data           0  lc_numeric_c.o(locale$$data)
    __lcnum_c_end                            0x0800d09c   Data           0  lc_numeric_c.o(locale$$data)
    locale$$data                             0x0800d09c   Section      272  lc_ctype_c.o(locale$$data)
    __lcctype_c_name                         0x0800d0a0   Data           2  lc_ctype_c.o(locale$$data)
    __lcctype_c_start                        0x0800d0a8   Data           0  lc_ctype_c.o(locale$$data)
    __lcctype_c_end                          0x0800d1ac   Data           0  lc_ctype_c.o(locale$$data)
    .L_MergedGlobals                         0x20000000   Data           8  stm32f1xx_hal.o(.data..L_MergedGlobals)
    [Anonymous Symbol]                       0x20000000   Section        0  stm32f1xx_hal.o(.data..L_MergedGlobals)
    .bss                                     0x20000010   Section       96  libspace.o(.bss)
    .L_MergedGlobals                         0x20000070   Data          92  cnc-logic.o(.bss..L_MergedGlobals)
    [Anonymous Symbol]                       0x20000070   Section        0  cnc-logic.o(.bss..L_MergedGlobals)
    Heap_Mem                                 0x200003c8   Data         512  startup_stm32f103xb.o(HEAP)
    HEAP                                     0x200003c8   Section      512  startup_stm32f103xb.o(HEAP)
    Stack_Mem                                0x200005c8   Data        1024  startup_stm32f103xb.o(STACK)
    STACK                                    0x200005c8   Section     1024  startup_stm32f103xb.o(STACK)
    __initial_sp                             0x200009c8   Data           0  startup_stm32f103xb.o(STACK)

    Global Symbols

    Symbol Name                              Value     Ov Type        Size  Object(Section)

    BuildAttributes$$THM_ISAv4$P$D$K$B$S$PE$A:L22UL41UL21$X:L11$S22US41US21$IEEE1$IW$~IW$USESV6$~STKCKD$USESV7$~SHL$OTIME$ROPI$IEEEX$EBA8$UX$STANDARDLIB$REQ8$PRES8$EABIv2 0x00000000   Number         0  anon$$obj.o ABSOLUTE
    __fp_init_empty                          0x00000000   Number         0  fpinit_empty.o ABSOLUTE
    __ARM_exceptions_init                     - Undefined Weak Reference
    __alloca_initialize                       - Undefined Weak Reference
    __arm_preinit_                            - Undefined Weak Reference
    __cpp_initialize__aeabi_                  - Undefined Weak Reference
    __cxa_finalize                            - Undefined Weak Reference
    __sigvec_lookup                           - Undefined Weak Reference
    _atexit_init                              - Undefined Weak Reference
    _call_atexit_fns                          - Undefined Weak Reference
    _clock_init                               - Undefined Weak Reference
    _fp_trap_init                             - Undefined Weak Reference
    _fp_trap_shutdown                         - Undefined Weak Reference
    _get_lc_collate                           - Undefined Weak Reference
    _get_lc_monetary                          - Undefined Weak Reference
    _get_lc_time                              - Undefined Weak Reference
    _getenv_init                              - Undefined Weak Reference
    _handle_redirection                       - Undefined Weak Reference
    _init_alloc                               - Undefined Weak Reference
    _init_user_alloc                          - Undefined Weak Reference
    _initio                                   - Undefined Weak Reference
    _rand_init                                - Undefined Weak Reference
    _signal_finish                            - Undefined Weak Reference
    _signal_init                              - Undefined Weak Reference
    _terminate_alloc                          - Undefined Weak Reference
    _terminate_user_alloc                     - Undefined Weak Reference
    _terminateio                              - Undefined Weak Reference
    __Vectors_Size                           0x000000ec   Number         0  startup_stm32f103xb.o ABSOLUTE
    __Vectors                                0x08000000   Data           4  startup_stm32f103xb.o(RESET)
    __Vectors_End                            0x080000ec   Data           0  startup_stm32f103xb.o(RESET)
    __main                                   0x080000ed   Thumb Code     8  __main.o(!!!main)
    __scatterload                            0x080000f5   Thumb Code     0  __scatter.o(!!!scatter)
    __scatterload_rt2                        0x080000f5   Thumb Code    44  __scatter.o(!!!scatter)
    __scatterload_rt2_thumb_only             0x080000f5   Thumb Code     0  __scatter.o(!!!scatter)
    __scatterload_null                       0x08000103   Thumb Code     0  __scatter.o(!!!scatter)
    __scatterload_copy                       0x08000129   Thumb Code    26  __scatter_copy.o(!!handler_copy)
    __scatterload_zeroinit                   0x08000145   Thumb Code    28  __scatter_zi.o(!!handler_zi)
    __rt_lib_init                            0x08000161   Thumb Code     0  libinit.o(.ARM.Collect$$libinit$$00000000)
    __rt_lib_init_fp_1                       0x08000163   Thumb Code     0  libinit2.o(.ARM.Collect$$libinit$$00000002)
    __rt_lib_init_heap_1                     0x08000163   Thumb Code     0  libinit2.o(.ARM.Collect$$libinit$$0000000A)
    __rt_lib_init_lc_common                  0x08000163   Thumb Code     0  libinit2.o(.ARM.Collect$$libinit$$0000000F)
    __rt_lib_init_preinit_1                  0x08000163   Thumb Code     0  libinit2.o(.ARM.Collect$$libinit$$00000004)
    __rt_lib_init_rand_1                     0x08000163   Thumb Code     0  libinit2.o(.ARM.Collect$$libinit$$0000000E)
    __rt_lib_init_user_alloc_1               0x08000163   Thumb Code     0  libinit2.o(.ARM.Collect$$libinit$$0000000C)
    __rt_lib_init_lc_collate_1               0x08000169   Thumb Code     0  libinit2.o(.ARM.Collect$$libinit$$00000011)
    __rt_lib_init_lc_ctype_2                 0x08000169   Thumb Code     0  libinit2.o(.ARM.Collect$$libinit$$00000012)
    __rt_lib_init_lc_ctype_1                 0x08000175   Thumb Code     0  libinit2.o(.ARM.Collect$$libinit$$00000013)
    __rt_lib_init_lc_monetary_1              0x08000175   Thumb Code     0  libinit2.o(.ARM.Collect$$libinit$$00000015)
    __rt_lib_init_lc_numeric_2               0x08000175   Thumb Code     0  libinit2.o(.ARM.Collect$$libinit$$00000016)
    __rt_lib_init_alloca_1                   0x0800017f   Thumb Code     0  libinit2.o(.ARM.Collect$$libinit$$0000002E)
    __rt_lib_init_argv_1                     0x0800017f   Thumb Code     0  libinit2.o(.ARM.Collect$$libinit$$0000002C)
    __rt_lib_init_atexit_1                   0x0800017f   Thumb Code     0  libinit2.o(.ARM.Collect$$libinit$$0000001B)
    __rt_lib_init_clock_1                    0x0800017f   Thumb Code     0  libinit2.o(.ARM.Collect$$libinit$$00000021)
    __rt_lib_init_cpp_1                      0x0800017f   Thumb Code     0  libinit2.o(.ARM.Collect$$libinit$$00000032)
    __rt_lib_init_exceptions_1               0x0800017f   Thumb Code     0  libinit2.o(.ARM.Collect$$libinit$$00000030)
    __rt_lib_init_fp_trap_1                  0x0800017f   Thumb Code     0  libinit2.o(.ARM.Collect$$libinit$$0000001F)
    __rt_lib_init_getenv_1                   0x0800017f   Thumb Code     0  libinit2.o(.ARM.Collect$$libinit$$00000023)
    __rt_lib_init_lc_numeric_1               0x0800017f   Thumb Code     0  libinit2.o(.ARM.Collect$$libinit$$00000017)
    __rt_lib_init_lc_time_1                  0x0800017f   Thumb Code     0  libinit2.o(.ARM.Collect$$libinit$$00000019)
    __rt_lib_init_return                     0x0800017f   Thumb Code     0  libinit2.o(.ARM.Collect$$libinit$$00000033)
    __rt_lib_init_signal_1                   0x0800017f   Thumb Code     0  libinit2.o(.ARM.Collect$$libinit$$0000001D)
    __rt_lib_init_stdio_1                    0x0800017f   Thumb Code     0  libinit2.o(.ARM.Collect$$libinit$$00000025)
    __rt_lib_shutdown                        0x08000181   Thumb Code     0  libshutdown.o(.ARM.Collect$$libshutdown$$00000000)
    __rt_lib_shutdown_cpp_1                  0x08000183   Thumb Code     0  libshutdown2.o(.ARM.Collect$$libshutdown$$00000002)
    __rt_lib_shutdown_fp_trap_1              0x08000183   Thumb Code     0  libshutdown2.o(.ARM.Collect$$libshutdown$$00000007)
    __rt_lib_shutdown_heap_1                 0x08000183   Thumb Code     0  libshutdown2.o(.ARM.Collect$$libshutdown$$0000000F)
    __rt_lib_shutdown_return                 0x08000183   Thumb Code     0  libshutdown2.o(.ARM.Collect$$libshutdown$$00000010)
    __rt_lib_shutdown_signal_1               0x08000183   Thumb Code     0  libshutdown2.o(.ARM.Collect$$libshutdown$$0000000A)
    __rt_lib_shutdown_stdio_1                0x08000183   Thumb Code     0  libshutdown2.o(.ARM.Collect$$libshutdown$$00000004)
    __rt_lib_shutdown_user_alloc_1           0x08000183   Thumb Code     0  libshutdown2.o(.ARM.Collect$$libshutdown$$0000000C)
    __rt_entry                               0x08000185   Thumb Code     0  __rtentry.o(.ARM.Collect$$rtentry$$00000000)
    __rt_entry_presh_1                       0x08000185   Thumb Code     0  __rtentry2.o(.ARM.Collect$$rtentry$$00000002)
    __rt_entry_sh                            0x08000185   Thumb Code     0  __rtentry4.o(.ARM.Collect$$rtentry$$00000004)
    __rt_entry_li                            0x0800018b   Thumb Code     0  __rtentry2.o(.ARM.Collect$$rtentry$$0000000A)
    __rt_entry_postsh_1                      0x0800018b   Thumb Code     0  __rtentry2.o(.ARM.Collect$$rtentry$$00000009)
    __rt_entry_main                          0x0800018f   Thumb Code     0  __rtentry2.o(.ARM.Collect$$rtentry$$0000000D)
    __rt_entry_postli_1                      0x0800018f   Thumb Code     0  __rtentry2.o(.ARM.Collect$$rtentry$$0000000C)
    __rt_exit                                0x08000197   Thumb Code     0  rtexit.o(.ARM.Collect$$rtexit$$00000000)
    __rt_exit_ls                             0x08000199   Thumb Code     0  rtexit2.o(.ARM.Collect$$rtexit$$00000003)
    __rt_exit_prels_1                        0x08000199   Thumb Code     0  rtexit2.o(.ARM.Collect$$rtexit$$00000002)
    __rt_exit_exit                           0x0800019d   Thumb Code     0  rtexit2.o(.ARM.Collect$$rtexit$$00000004)
    Reset_Handler                            0x080001a5   Thumb Code     8  startup_stm32f103xb.o(.text)
    ADC1_2_IRQHandler                        0x080001bf   Thumb Code     0  startup_stm32f103xb.o(.text)
    CAN1_RX1_IRQHandler                      0x080001bf   Thumb Code     0  startup_stm32f103xb.o(.text)
    CAN1_SCE_IRQHandler                      0x080001bf   Thumb Code     0  startup_stm32f103xb.o(.text)
    DMA1_Channel1_IRQHandler                 0x080001bf   Thumb Code     0  startup_stm32f103xb.o(.text)
    DMA1_Channel2_IRQHandler                 0x080001bf   Thumb Code     0  startup_stm32f103xb.o(.text)
    DMA1_Channel3_IRQHandler                 0x080001bf   Thumb Code     0  startup_stm32f103xb.o(.text)
    DMA1_Channel6_IRQHandler                 0x080001bf   Thumb Code     0  startup_stm32f103xb.o(.text)
    DMA1_Channel7_IRQHandler                 0x080001bf   Thumb Code     0  startup_stm32f103xb.o(.text)
    EXTI0_IRQHandler                         0x080001bf   Thumb Code     0  startup_stm32f103xb.o(.text)
    EXTI15_10_IRQHandler                     0x080001bf   Thumb Code     0  startup_stm32f103xb.o(.text)
    EXTI1_IRQHandler                         0x080001bf   Thumb Code     0  startup_stm32f103xb.o(.text)
    EXTI2_IRQHandler                         0x080001bf   Thumb Code     0  startup_stm32f103xb.o(.text)
    EXTI3_IRQHandler                         0x080001bf   Thumb Code     0  startup_stm32f103xb.o(.text)
    EXTI4_IRQHandler                         0x080001bf   Thumb Code     0  startup_stm32f103xb.o(.text)
    EXTI9_5_IRQHandler                       0x080001bf   Thumb Code     0  startup_stm32f103xb.o(.text)
    FLASH_IRQHandler                         0x080001bf   Thumb Code     0  startup_stm32f103xb.o(.text)
    I2C1_ER_IRQHandler                       0x080001bf   Thumb Code     0  startup_stm32f103xb.o(.text)
    I2C1_EV_IRQHandler                       0x080001bf   Thumb Code     0  startup_stm32f103xb.o(.text)
    I2C2_ER_IRQHandler                       0x080001bf   Thumb Code     0  startup_stm32f103xb.o(.text)
    I2C2_EV_IRQHandler                       0x080001bf   Thumb Code     0  startup_stm32f103xb.o(.text)
    PVD_IRQHandler                           0x080001bf   Thumb Code     0  startup_stm32f103xb.o(.text)
    RCC_IRQHandler                           0x080001bf   Thumb Code     0  startup_stm32f103xb.o(.text)
    RTC_Alarm_IRQHandler                     0x080001bf   Thumb Code     0  startup_stm32f103xb.o(.text)
    RTC_IRQHandler                           0x080001bf   Thumb Code     0  startup_stm32f103xb.o(.text)
    SPI1_IRQHandler                          0x080001bf   Thumb Code     0  startup_stm32f103xb.o(.text)
    SPI2_IRQHandler                          0x080001bf   Thumb Code     0  startup_stm32f103xb.o(.text)
    TAMPER_IRQHandler                        0x080001bf   Thumb Code     0  startup_stm32f103xb.o(.text)
    TIM1_BRK_IRQHandler                      0x080001bf   Thumb Code     0  startup_stm32f103xb.o(.text)
    TIM1_CC_IRQHandler                       0x080001bf   Thumb Code     0  startup_stm32f103xb.o(.text)
    TIM1_TRG_COM_IRQHandler                  0x080001bf   Thumb Code     0  startup_stm32f103xb.o(.text)
    TIM1_UP_IRQHandler                       0x080001bf   Thumb Code     0  startup_stm32f103xb.o(.text)
    TIM2_IRQHandler                          0x080001bf   Thumb Code     0  startup_stm32f103xb.o(.text)
    TIM3_IRQHandler                          0x080001bf   Thumb Code     0  startup_stm32f103xb.o(.text)
    TIM4_IRQHandler                          0x080001bf   Thumb Code     0  startup_stm32f103xb.o(.text)
    USART2_IRQHandler                        0x080001bf   Thumb Code     0  startup_stm32f103xb.o(.text)
    USART3_IRQHandler                        0x080001bf   Thumb Code     0  startup_stm32f103xb.o(.text)
    USBWakeUp_IRQHandler                     0x080001bf   Thumb Code     0  startup_stm32f103xb.o(.text)
    USB_HP_CAN1_TX_IRQHandler                0x080001bf   Thumb Code     0  startup_stm32f103xb.o(.text)
    USB_LP_CAN1_RX0_IRQHandler               0x080001bf   Thumb Code     0  startup_stm32f103xb.o(.text)
    WWDG_IRQHandler                          0x080001bf   Thumb Code     0  startup_stm32f103xb.o(.text)
    __user_initial_stackheap                 0x080001c1   Thumb Code     0  startup_stm32f103xb.o(.text)
    InitDevice                               0x080001e5   Thumb Code    50  cnc-logic.o(.text)
    StartUartReceive                         0x08000219   Thumb Code    40  cnc-logic.o(.text)
    MainLogic                                0x08000241   Thumb Code   282  cnc-logic.o(.text)
    ReportError                              0x0800035d   Thumb Code   220  cnc-logic.o(.text)
    ClearError                               0x080004cd   Thumb Code    16  cnc-logic.o(.text)
    ReportRxSuccess                          0x080004dd   Thumb Code    64  cnc-logic.o(.text)
    RunReceivedCommand                       0x0800051d   Thumb Code    90  cnc-logic.o(.text)
    ReportCommandRunSuccess                  0x08000579   Thumb Code    68  cnc-logic.o(.text)
    SendErrMsg                               0x080005bd   Thumb Code    34  cnc-logic.o(.text)
    ReceiveUart                              0x080005e1   Thumb Code   764  cnc-logic.o(.text)
    CalcCrc8                                 0x080008dd   Thumb Code   428  cnc-logic.o(.text)
    ParseGcode                               0x08000a89   Thumb Code   406  cnc-logic.o(.text)
    GetGcodeArg                              0x08000c21   Thumb Code    26  cnc-logic.o(.text)
    SetFeedRate                              0x08000c3d   Thumb Code     2  cnc-logic.o(.text)
    G00                                      0x08000c41   Thumb Code   168  cnc-logic.o(.text)
    G01                                      0x08000ce9   Thumb Code   168  cnc-logic.o(.text)
    G02                                      0x08000d91   Thumb Code     2  cnc-logic.o(.text)
    G03                                      0x08000d95   Thumb Code     2  cnc-logic.o(.text)
    G90                                      0x08000d99   Thumb Code    16  cnc-logic.o(.text)
    G91                                      0x08000da9   Thumb Code    16  cnc-logic.o(.text)
    CalcTargetX                              0x08000db9   Thumb Code    34  cnc-logic.o(.text)
    CalcTargetY                              0x08000ddd   Thumb Code    34  cnc-logic.o(.text)
    MoveTo                                   0x08000e01   Thumb Code   116  cnc-logic.o(.text)
    main                                     0x08000e75   Thumb Code   994  main.o(.text)
    SystemClock_Config                       0x08001259   Thumb Code    96  main.o(.text)
    Error_Handler                            0x080012b9   Thumb Code    10  main.o(.text)
    GetPeriph                                0x080012c5   Thumb Code    10  main.o(.text)
    HAL_UART_RxCpltCallback                  0x080012d1   Thumb Code    20  main.o(.text)
    NMI_Handler                              0x080012e5   Thumb Code     2  stm32f1xx_it.o(.text)
    HardFault_Handler                        0x080012e9   Thumb Code     2  stm32f1xx_it.o(.text)
    MemManage_Handler                        0x080012ed   Thumb Code     2  stm32f1xx_it.o(.text)
    BusFault_Handler                         0x080012f1   Thumb Code     2  stm32f1xx_it.o(.text)
    UsageFault_Handler                       0x080012f5   Thumb Code     2  stm32f1xx_it.o(.text)
    SVC_Handler                              0x080012f9   Thumb Code     2  stm32f1xx_it.o(.text)
    DebugMon_Handler                         0x080012fd   Thumb Code     2  stm32f1xx_it.o(.text)
    PendSV_Handler                           0x08001301   Thumb Code     2  stm32f1xx_it.o(.text)
    SysTick_Handler                          0x08001305   Thumb Code     4  stm32f1xx_it.o(.text)
    DMA1_Channel4_IRQHandler                 0x08001309   Thumb Code    12  stm32f1xx_it.o(.text)
    DMA1_Channel5_IRQHandler                 0x08001315   Thumb Code    12  stm32f1xx_it.o(.text)
    USART1_IRQHandler                        0x08001321   Thumb Code    12  stm32f1xx_it.o(.text)
    HAL_MspInit                              0x0800132d   Thumb Code    66  stm32f1xx_hal_msp.o(.text)
    HAL_TIM_PWM_MspInit                      0x08001371   Thumb Code    50  stm32f1xx_hal_msp.o(.text)
    HAL_TIM_Base_MspInit                     0x080013a5   Thumb Code   126  stm32f1xx_hal_msp.o(.text)
    HAL_TIM_MspPostInit                      0x08001425   Thumb Code   176  stm32f1xx_hal_msp.o(.text)
    HAL_TIM_PWM_MspDeInit                    0x080014d5   Thumb Code    34  stm32f1xx_hal_msp.o(.text)
    HAL_TIM_Base_MspDeInit                   0x080014f9   Thumb Code    68  stm32f1xx_hal_msp.o(.text)
    HAL_UART_MspInit                         0x0800153d   Thumb Code   246  stm32f1xx_hal_msp.o(.text)
    HAL_UART_MspDeInit                       0x08001635   Thumb Code    70  stm32f1xx_hal_msp.o(.text)
    HAL_TIM_Base_Init                        0x0800167d   Thumb Code   250  stm32f1xx_hal_tim.o(.text)
    TIM_Base_SetConfig                       0x0800177d   Thumb Code   174  stm32f1xx_hal_tim.o(.text)
    HAL_TIM_Base_DeInit                      0x0800182d   Thumb Code    96  stm32f1xx_hal_tim.o(.text)
    HAL_TIM_Base_Start                       0x08001891   Thumb Code   102  stm32f1xx_hal_tim.o(.text)
    HAL_TIM_Base_Stop                        0x080018f9   Thumb Code    52  stm32f1xx_hal_tim.o(.text)
    HAL_TIM_Base_Start_IT                    0x0800192d   Thumb Code   110  stm32f1xx_hal_tim.o(.text)
    HAL_TIM_Base_Stop_IT                     0x0800199d   Thumb Code    60  stm32f1xx_hal_tim.o(.text)
    HAL_TIM_Base_Start_DMA                   0x080019d9   Thumb Code   212  stm32f1xx_hal_tim.o(.text)
    TIM_DMAError                             0x08001ac9   Thumb Code    94  stm32f1xx_hal_tim.o(.text)
    HAL_TIM_Base_Stop_DMA                    0x08001b29   Thumb Code    72  stm32f1xx_hal_tim.o(.text)
    HAL_TIM_OC_Init                          0x08001b71   Thumb Code   250  stm32f1xx_hal_tim.o(.text)
    HAL_TIM_OC_MspInit                       0x08001c6d   Thumb Code     2  stm32f1xx_hal_tim.o(.text)
    HAL_TIM_OC_DeInit                        0x08001c71   Thumb Code    96  stm32f1xx_hal_tim.o(.text)
    HAL_TIM_OC_MspDeInit                     0x08001cd1   Thumb Code     2  stm32f1xx_hal_tim.o(.text)
    HAL_TIM_OC_Start                         0x08001cd5   Thumb Code   222  stm32f1xx_hal_tim.o(.text)
    TIM_CCxChannelCmd                        0x08001db5   Thumb Code    36  stm32f1xx_hal_tim.o(.text)
    HAL_TIM_OC_Stop                          0x08001dd9   Thumb Code   178  stm32f1xx_hal_tim.o(.text)
    HAL_TIM_OC_Start_IT                      0x08001e8d   Thumb Code   294  stm32f1xx_hal_tim.o(.text)
    HAL_TIM_OC_Stop_IT                       0x08001fb5   Thumb Code   190  stm32f1xx_hal_tim.o(.text)
    HAL_TIM_OC_Start_DMA                     0x08002075   Thumb Code   578  stm32f1xx_hal_tim.o(.text)
    TIM_DMADelayPulseHalfCplt                0x08002325   Thumb Code    56  stm32f1xx_hal_tim.o(.text)
    HAL_TIM_OC_Stop_DMA                      0x0800235d   Thumb Code   242  stm32f1xx_hal_tim.o(.text)
    HAL_TIM_PWM_Init                         0x08002451   Thumb Code   250  stm32f1xx_hal_tim.o(.text)
    HAL_TIM_PWM_DeInit                       0x08002551   Thumb Code    96  stm32f1xx_hal_tim.o(.text)
    HAL_TIM_PWM_Start                        0x080025b5   Thumb Code   222  stm32f1xx_hal_tim.o(.text)
    HAL_TIM_PWM_Stop                         0x08002695   Thumb Code   178  stm32f1xx_hal_tim.o(.text)
    HAL_TIM_PWM_Start_IT                     0x08002749   Thumb Code   294  stm32f1xx_hal_tim.o(.text)
    HAL_TIM_PWM_Stop_IT                      0x08002871   Thumb Code   190  stm32f1xx_hal_tim.o(.text)
    HAL_TIM_PWM_Start_DMA                    0x08002931   Thumb Code   578  stm32f1xx_hal_tim.o(.text)
    HAL_TIM_PWM_Stop_DMA                     0x08002b75   Thumb Code   242  stm32f1xx_hal_tim.o(.text)
    HAL_TIM_IC_Init                          0x08002c69   Thumb Code   250  stm32f1xx_hal_tim.o(.text)
    HAL_TIM_IC_MspInit                       0x08002d65   Thumb Code     2  stm32f1xx_hal_tim.o(.text)
    HAL_TIM_IC_DeInit                        0x08002d69   Thumb Code    96  stm32f1xx_hal_tim.o(.text)
    HAL_TIM_IC_MspDeInit                     0x08002dc9   Thumb Code     2  stm32f1xx_hal_tim.o(.text)
    HAL_TIM_IC_Start                         0x08002dcd   Thumb Code   254  stm32f1xx_hal_tim.o(.text)
    HAL_TIM_IC_Stop                          0x08002ecd   Thumb Code   126  stm32f1xx_hal_tim.o(.text)
    HAL_TIM_IC_Start_IT                      0x08002f4d   Thumb Code   318  stm32f1xx_hal_tim.o(.text)
    HAL_TIM_IC_Stop_IT                       0x0800308d   Thumb Code   158  stm32f1xx_hal_tim.o(.text)
    HAL_TIM_IC_Start_DMA                     0x0800312d   Thumb Code   524  stm32f1xx_hal_tim.o(.text)
    TIM_DMACaptureCplt                       0x08003339   Thumb Code   118  stm32f1xx_hal_tim.o(.text)
    TIM_DMACaptureHalfCplt                   0x080033b1   Thumb Code    56  stm32f1xx_hal_tim.o(.text)
    HAL_TIM_IC_Stop_DMA                      0x080033e9   Thumb Code   210  stm32f1xx_hal_tim.o(.text)
    HAL_TIM_OnePulse_Init                    0x080034bd   Thumb Code   244  stm32f1xx_hal_tim.o(.text)
    HAL_TIM_OnePulse_MspInit                 0x080035b1   Thumb Code     2  stm32f1xx_hal_tim.o(.text)
    HAL_TIM_OnePulse_DeInit                  0x080035b5   Thumb Code    80  stm32f1xx_hal_tim.o(.text)
    HAL_TIM_OnePulse_MspDeInit               0x08003605   Thumb Code     2  stm32f1xx_hal_tim.o(.text)
    HAL_TIM_OnePulse_Start                   0x08003609   Thumb Code   128  stm32f1xx_hal_tim.o(.text)
    HAL_TIM_OnePulse_Stop                    0x08003689   Thumb Code   128  stm32f1xx_hal_tim.o(.text)
    HAL_TIM_OnePulse_Start_IT                0x08003709   Thumb Code   144  stm32f1xx_hal_tim.o(.text)
    HAL_TIM_OnePulse_Stop_IT                 0x08003799   Thumb Code   144  stm32f1xx_hal_tim.o(.text)
    HAL_TIM_Encoder_Init                     0x08003829   Thumb Code   344  stm32f1xx_hal_tim.o(.text)
    HAL_TIM_Encoder_MspInit                  0x08003981   Thumb Code     2  stm32f1xx_hal_tim.o(.text)
    HAL_TIM_Encoder_DeInit                   0x08003985   Thumb Code    80  stm32f1xx_hal_tim.o(.text)
    HAL_TIM_Encoder_MspDeInit                0x080039d5   Thumb Code     2  stm32f1xx_hal_tim.o(.text)
    HAL_TIM_Encoder_Start                    0x080039d9   Thumb Code   188  stm32f1xx_hal_tim.o(.text)
    HAL_TIM_Encoder_Stop                     0x08003a95   Thumb Code   170  stm32f1xx_hal_tim.o(.text)
    HAL_TIM_Encoder_Start_IT                 0x08003b41   Thumb Code   230  stm32f1xx_hal_tim.o(.text)
    HAL_TIM_Encoder_Stop_IT                  0x08003c29   Thumb Code   210  stm32f1xx_hal_tim.o(.text)
    HAL_TIM_Encoder_Start_DMA                0x08003cfd   Thumb Code   550  stm32f1xx_hal_tim.o(.text)
    HAL_TIM_Encoder_Stop_DMA                 0x08003f25   Thumb Code   232  stm32f1xx_hal_tim.o(.text)
    HAL_TIM_IRQHandler                       0x0800400d   Thumb Code   316  stm32f1xx_hal_tim.o(.text)
    HAL_TIM_IC_CaptureCallback               0x08004149   Thumb Code     2  stm32f1xx_hal_tim.o(.text)
    HAL_TIM_OC_DelayElapsedCallback          0x0800414d   Thumb Code     2  stm32f1xx_hal_tim.o(.text)
    HAL_TIM_PWM_PulseFinishedCallback        0x08004151   Thumb Code     2  stm32f1xx_hal_tim.o(.text)
    HAL_TIM_PeriodElapsedCallback            0x08004155   Thumb Code     2  stm32f1xx_hal_tim.o(.text)
    HAL_TIM_TriggerCallback                  0x08004159   Thumb Code     2  stm32f1xx_hal_tim.o(.text)
    HAL_TIM_OC_ConfigChannel                 0x0800415d   Thumb Code   418  stm32f1xx_hal_tim.o(.text)
    TIM_OC2_SetConfig                        0x08004301   Thumb Code    96  stm32f1xx_hal_tim.o(.text)
    HAL_TIM_IC_ConfigChannel                 0x08004361   Thumb Code   382  stm32f1xx_hal_tim.o(.text)
    TIM_TI1_SetConfig                        0x080044e1   Thumb Code   114  stm32f1xx_hal_tim.o(.text)
    HAL_TIM_PWM_ConfigChannel                0x08004555   Thumb Code   516  stm32f1xx_hal_tim.o(.text)
    HAL_TIM_OnePulse_ConfigChannel           0x08004759   Thumb Code   490  stm32f1xx_hal_tim.o(.text)
    HAL_TIM_DMABurst_WriteStart              0x08004945   Thumb Code    28  stm32f1xx_hal_tim.o(.text)
    HAL_TIM_DMABurst_MultiWriteStart         0x08004961   Thumb Code   452  stm32f1xx_hal_tim.o(.text)
    HAL_TIM_DMABurst_WriteStop               0x08004b41   Thumb Code   132  stm32f1xx_hal_tim.o(.text)
    HAL_TIM_DMABurst_ReadStart               0x08004bc5   Thumb Code    28  stm32f1xx_hal_tim.o(.text)
    HAL_TIM_DMABurst_MultiReadStart          0x08004be1   Thumb Code   452  stm32f1xx_hal_tim.o(.text)
    HAL_TIM_DMABurst_ReadStop                0x08004da5   Thumb Code   132  stm32f1xx_hal_tim.o(.text)
    HAL_TIM_GenerateEvent                    0x08004e29   Thumb Code    36  stm32f1xx_hal_tim.o(.text)
    HAL_TIM_ConfigOCrefClear                 0x08004e4d   Thumb Code   212  stm32f1xx_hal_tim.o(.text)
    TIM_ETR_SetConfig                        0x08004f21   Thumb Code    22  stm32f1xx_hal_tim.o(.text)
    HAL_TIM_ConfigClockSource                0x08004f39   Thumb Code   412  stm32f1xx_hal_tim.o(.text)
    HAL_TIM_ConfigTI1Input                   0x080050d5   Thumb Code    16  stm32f1xx_hal_tim.o(.text)
    HAL_TIM_SlaveConfigSynchro               0x080050e5   Thumb Code    88  stm32f1xx_hal_tim.o(.text)
    HAL_TIM_SlaveConfigSynchro_IT            0x08005219   Thumb Code    88  stm32f1xx_hal_tim.o(.text)
    HAL_TIM_ReadCapturedValue                0x08005271   Thumb Code    52  stm32f1xx_hal_tim.o(.text)
    HAL_TIM_PeriodElapsedHalfCpltCallback    0x080052a5   Thumb Code     2  stm32f1xx_hal_tim.o(.text)
    HAL_TIM_IC_CaptureHalfCpltCallback       0x080052a9   Thumb Code     2  stm32f1xx_hal_tim.o(.text)
    HAL_TIM_PWM_PulseFinishedHalfCpltCallback 0x080052ad   Thumb Code     2  stm32f1xx_hal_tim.o(.text)
    HAL_TIM_TriggerHalfCpltCallback          0x080052b1   Thumb Code     2  stm32f1xx_hal_tim.o(.text)
    HAL_TIM_ErrorCallback                    0x080052b5   Thumb Code     2  stm32f1xx_hal_tim.o(.text)
    HAL_TIM_Base_GetState                    0x080052b9   Thumb Code     6  stm32f1xx_hal_tim.o(.text)
    HAL_TIM_OC_GetState                      0x080052c1   Thumb Code     6  stm32f1xx_hal_tim.o(.text)
    HAL_TIM_PWM_GetState                     0x080052c9   Thumb Code     6  stm32f1xx_hal_tim.o(.text)
    HAL_TIM_IC_GetState                      0x080052d1   Thumb Code     6  stm32f1xx_hal_tim.o(.text)
    HAL_TIM_OnePulse_GetState                0x080052d9   Thumb Code     6  stm32f1xx_hal_tim.o(.text)
    HAL_TIM_Encoder_GetState                 0x080052e1   Thumb Code     6  stm32f1xx_hal_tim.o(.text)
    HAL_TIM_GetActiveChannel                 0x080052e9   Thumb Code     4  stm32f1xx_hal_tim.o(.text)
    HAL_TIM_GetChannelState                  0x080052ed   Thumb Code    34  stm32f1xx_hal_tim.o(.text)
    HAL_TIM_DMABurstState                    0x08005311   Thumb Code     6  stm32f1xx_hal_tim.o(.text)
    HAL_TIMEx_HallSensor_Init                0x08005319   Thumb Code   200  stm32f1xx_hal_tim_ex.o(.text)
    HAL_TIMEx_HallSensor_MspInit             0x080053e1   Thumb Code     2  stm32f1xx_hal_tim_ex.o(.text)
    HAL_TIMEx_HallSensor_DeInit              0x080053e5   Thumb Code    80  stm32f1xx_hal_tim_ex.o(.text)
    HAL_TIMEx_HallSensor_MspDeInit           0x08005435   Thumb Code     2  stm32f1xx_hal_tim_ex.o(.text)
    HAL_TIMEx_HallSensor_Start               0x08005439   Thumb Code   158  stm32f1xx_hal_tim_ex.o(.text)
    HAL_TIMEx_HallSensor_Stop                0x080054d9   Thumb Code    66  stm32f1xx_hal_tim_ex.o(.text)
    HAL_TIMEx_HallSensor_Start_IT            0x0800551d   Thumb Code   166  stm32f1xx_hal_tim_ex.o(.text)
    HAL_TIMEx_HallSensor_Stop_IT             0x080055c5   Thumb Code    74  stm32f1xx_hal_tim_ex.o(.text)
    HAL_TIMEx_HallSensor_Start_DMA           0x08005611   Thumb Code   232  stm32f1xx_hal_tim_ex.o(.text)
    HAL_TIMEx_HallSensor_Stop_DMA            0x080056f9   Thumb Code    74  stm32f1xx_hal_tim_ex.o(.text)
    HAL_TIMEx_OCN_Start                      0x08005745   Thumb Code   198  stm32f1xx_hal_tim_ex.o(.text)
    HAL_TIMEx_OCN_Stop                       0x0800580d   Thumb Code   146  stm32f1xx_hal_tim_ex.o(.text)
    HAL_TIMEx_OCN_Start_IT                   0x080058a1   Thumb Code   214  stm32f1xx_hal_tim_ex.o(.text)
    HAL_TIMEx_OCN_Stop_IT                    0x08005979   Thumb Code   230  stm32f1xx_hal_tim_ex.o(.text)
    HAL_TIMEx_OCN_Start_DMA                  0x08005a61   Thumb Code   466  stm32f1xx_hal_tim_ex.o(.text)
    HAL_TIMEx_OCN_Stop_DMA                   0x08005cd1   Thumb Code   192  stm32f1xx_hal_tim_ex.o(.text)
    HAL_TIMEx_PWMN_Start                     0x08005d91   Thumb Code   198  stm32f1xx_hal_tim_ex.o(.text)
    HAL_TIMEx_PWMN_Stop                      0x08005e59   Thumb Code   146  stm32f1xx_hal_tim_ex.o(.text)
    HAL_TIMEx_PWMN_Start_IT                  0x08005eed   Thumb Code   214  stm32f1xx_hal_tim_ex.o(.text)
    HAL_TIMEx_PWMN_Stop_IT                   0x08005fc5   Thumb Code   230  stm32f1xx_hal_tim_ex.o(.text)
    HAL_TIMEx_PWMN_Start_DMA                 0x080060ad   Thumb Code   466  stm32f1xx_hal_tim_ex.o(.text)
    HAL_TIMEx_PWMN_Stop_DMA                  0x08006281   Thumb Code   192  stm32f1xx_hal_tim_ex.o(.text)
    HAL_TIMEx_OnePulseN_Start                0x08006341   Thumb Code   120  stm32f1xx_hal_tim_ex.o(.text)
    HAL_TIMEx_OnePulseN_Stop                 0x080063b9   Thumb Code   128  stm32f1xx_hal_tim_ex.o(.text)
    HAL_TIMEx_OnePulseN_Start_IT             0x08006439   Thumb Code   136  stm32f1xx_hal_tim_ex.o(.text)
    HAL_TIMEx_OnePulseN_Stop_IT              0x080064c1   Thumb Code   144  stm32f1xx_hal_tim_ex.o(.text)
    HAL_TIMEx_ConfigCommutEvent              0x08006551   Thumb Code   118  stm32f1xx_hal_tim_ex.o(.text)
    HAL_TIMEx_ConfigCommutEvent_IT           0x080065c9   Thumb Code   118  stm32f1xx_hal_tim_ex.o(.text)
    HAL_TIMEx_ConfigCommutEvent_DMA          0x08006641   Thumb Code   154  stm32f1xx_hal_tim_ex.o(.text)
    TIMEx_DMACommutationCplt                 0x080066dd   Thumb Code    12  stm32f1xx_hal_tim_ex.o(.text)
    TIMEx_DMACommutationHalfCplt             0x080066e9   Thumb Code    12  stm32f1xx_hal_tim_ex.o(.text)
    HAL_TIMEx_MasterConfigSynchronization    0x080066f5   Thumb Code   122  stm32f1xx_hal_tim_ex.o(.text)
    HAL_TIMEx_ConfigBreakDeadTime            0x08006771   Thumb Code    76  stm32f1xx_hal_tim_ex.o(.text)
    HAL_TIMEx_RemapConfig                    0x080067bd   Thumb Code     4  stm32f1xx_hal_tim_ex.o(.text)
    HAL_TIMEx_CommutCallback                 0x080067c1   Thumb Code     2  stm32f1xx_hal_tim_ex.o(.text)
    HAL_TIMEx_CommutHalfCpltCallback         0x080067c5   Thumb Code     2  stm32f1xx_hal_tim_ex.o(.text)
    HAL_TIMEx_BreakCallback                  0x080067c9   Thumb Code     2  stm32f1xx_hal_tim_ex.o(.text)
    HAL_TIMEx_HallSensor_GetState            0x080067cd   Thumb Code     6  stm32f1xx_hal_tim_ex.o(.text)
    HAL_TIMEx_GetChannelNState               0x080067d5   Thumb Code    34  stm32f1xx_hal_tim_ex.o(.text)
    HAL_Init                                 0x080067f9   Thumb Code    38  stm32f1xx_hal.o(.text)
    HAL_InitTick                             0x08006821   Thumb Code    72  stm32f1xx_hal.o(.text)
    HAL_DeInit                               0x0800686d   Thumb Code    32  stm32f1xx_hal.o(.text)
    HAL_MspDeInit                            0x0800688d   Thumb Code     2  stm32f1xx_hal.o(.text)
    HAL_IncTick                              0x08006891   Thumb Code    26  stm32f1xx_hal.o(.text)
    HAL_GetTick                              0x080068ad   Thumb Code    12  stm32f1xx_hal.o(.text)
    HAL_GetTickPrio                          0x080068b9   Thumb Code    12  stm32f1xx_hal.o(.text)
    HAL_SetTickFreq                          0x080068c5   Thumb Code    38  stm32f1xx_hal.o(.text)
    HAL_GetTickFreq                          0x080068ed   Thumb Code    12  stm32f1xx_hal.o(.text)
    HAL_Delay                                0x080068f9   Thumb Code    40  stm32f1xx_hal.o(.text)
    HAL_SuspendTick                          0x08006921   Thumb Code    18  stm32f1xx_hal.o(.text)
    HAL_ResumeTick                           0x08006935   Thumb Code    18  stm32f1xx_hal.o(.text)
    HAL_GetHalVersion                        0x08006949   Thumb Code    10  stm32f1xx_hal.o(.text)
    HAL_GetREVID                             0x08006955   Thumb Code    14  stm32f1xx_hal.o(.text)
    HAL_GetDEVID                             0x08006965   Thumb Code    16  stm32f1xx_hal.o(.text)
    HAL_GetUIDw0                             0x08006975   Thumb Code    12  stm32f1xx_hal.o(.text)
    HAL_GetUIDw1                             0x08006981   Thumb Code    12  stm32f1xx_hal.o(.text)
    HAL_GetUIDw2                             0x0800698d   Thumb Code    12  stm32f1xx_hal.o(.text)
    HAL_DBGMCU_EnableDBGSleepMode            0x08006999   Thumb Code    18  stm32f1xx_hal.o(.text)
    HAL_DBGMCU_DisableDBGSleepMode           0x080069ad   Thumb Code    18  stm32f1xx_hal.o(.text)
    HAL_DBGMCU_EnableDBGStopMode             0x080069c1   Thumb Code    18  stm32f1xx_hal.o(.text)
    HAL_DBGMCU_DisableDBGStopMode            0x080069d5   Thumb Code    18  stm32f1xx_hal.o(.text)
    HAL_DBGMCU_EnableDBGStandbyMode          0x080069e9   Thumb Code    18  stm32f1xx_hal.o(.text)
    HAL_DBGMCU_DisableDBGStandbyMode         0x080069fd   Thumb Code    18  stm32f1xx_hal.o(.text)
    HAL_RCC_DeInit                           0x08006a11   Thumb Code   234  stm32f1xx_hal_rcc.o(.text)
    HAL_RCC_OscConfig                        0x08006afd   Thumb Code   948  stm32f1xx_hal_rcc.o(.text)
    HAL_RCC_ClockConfig                      0x08006eb1   Thumb Code   446  stm32f1xx_hal_rcc.o(.text)
    HAL_RCC_GetSysClockFreq                  0x08007071   Thumb Code    86  stm32f1xx_hal_rcc.o(.text)
    HAL_RCC_MCOConfig                        0x080070c9   Thumb Code    82  stm32f1xx_hal_rcc.o(.text)
    HAL_RCC_EnableCSS                        0x0800711d   Thumb Code    12  stm32f1xx_hal_rcc.o(.text)
    HAL_RCC_DisableCSS                       0x08007129   Thumb Code    12  stm32f1xx_hal_rcc.o(.text)
    HAL_RCC_GetHCLKFreq                      0x08007135   Thumb Code    12  stm32f1xx_hal_rcc.o(.text)
    HAL_RCC_GetPCLK1Freq                     0x08007141   Thumb Code    38  stm32f1xx_hal_rcc.o(.text)
    HAL_RCC_GetPCLK2Freq                     0x08007169   Thumb Code    38  stm32f1xx_hal_rcc.o(.text)
    HAL_RCC_GetOscConfig                     0x08007191   Thumb Code   128  stm32f1xx_hal_rcc.o(.text)
    HAL_RCC_GetClockConfig                   0x08007211   Thumb Code    66  stm32f1xx_hal_rcc.o(.text)
    HAL_RCC_NMI_IRQHandler                   0x08007255   Thumb Code    28  stm32f1xx_hal_rcc.o(.text)
    HAL_RCC_CSSCallback                      0x08007271   Thumb Code     2  stm32f1xx_hal_rcc.o(.text)
    HAL_GPIO_Init                            0x08007275   Thumb Code   530  stm32f1xx_hal_gpio.o(.text)
    HAL_GPIO_DeInit                          0x08007489   Thumb Code   454  stm32f1xx_hal_gpio.o(.text)
    HAL_GPIO_ReadPin                         0x08007651   Thumb Code    10  stm32f1xx_hal_gpio.o(.text)
    HAL_GPIO_WritePin                        0x0800765d   Thumb Code    10  stm32f1xx_hal_gpio.o(.text)
    HAL_GPIO_TogglePin                       0x08007669   Thumb Code    16  stm32f1xx_hal_gpio.o(.text)
    HAL_GPIO_LockPin                         0x08007679   Thumb Code    40  stm32f1xx_hal_gpio.o(.text)
    HAL_GPIO_EXTI_IRQHandler                 0x080076a1   Thumb Code    22  stm32f1xx_hal_gpio.o(.text)
    HAL_GPIO_EXTI_Callback                   0x080076b9   Thumb Code     2  stm32f1xx_hal_gpio.o(.text)
    HAL_DMA_Init                             0x080076bd   Thumb Code   136  stm32f1xx_hal_dma.o(.text)
    HAL_DMA_DeInit                           0x08007745   Thumb Code   100  stm32f1xx_hal_dma.o(.text)
    HAL_DMA_Start                            0x080077a9   Thumb Code   108  stm32f1xx_hal_dma.o(.text)
    HAL_DMA_Start_IT                         0x08007815   Thumb Code   156  stm32f1xx_hal_dma.o(.text)
    HAL_DMA_Abort                            0x080078b1   Thumb Code    70  stm32f1xx_hal_dma.o(.text)
    HAL_DMA_Abort_IT                         0x080078f9   Thumb Code   182  stm32f1xx_hal_dma.o(.text)
    HAL_DMA_PollForTransfer                  0x080079b1   Thumb Code   994  stm32f1xx_hal_dma.o(.text)
    HAL_DMA_IRQHandler                       0x08007d95   Thumb Code   434  stm32f1xx_hal_dma.o(.text)
    HAL_DMA_RegisterCallback                 0x08007f49   Thumb Code    70  stm32f1xx_hal_dma.o(.text)
    HAL_DMA_UnRegisterCallback               0x08007f91   Thumb Code   120  stm32f1xx_hal_dma.o(.text)
    HAL_DMA_GetState                         0x08008009   Thumb Code     6  stm32f1xx_hal_dma.o(.text)
    HAL_DMA_GetError                         0x08008011   Thumb Code     4  stm32f1xx_hal_dma.o(.text)
    HAL_NVIC_SetPriorityGrouping             0x08008015   Thumb Code    32  stm32f1xx_hal_cortex.o(.text)
    HAL_NVIC_SetPriority                     0x08008035   Thumb Code    86  stm32f1xx_hal_cortex.o(.text)
    HAL_NVIC_EnableIRQ                       0x0800808d   Thumb Code    32  stm32f1xx_hal_cortex.o(.text)
    HAL_NVIC_DisableIRQ                      0x080080ad   Thumb Code    40  stm32f1xx_hal_cortex.o(.text)
    HAL_NVIC_SystemReset                     0x080080d5   Thumb Code     4  stm32f1xx_hal_cortex.o(.text)
    HAL_SYSTICK_Config                       0x08008105   Thumb Code    44  stm32f1xx_hal_cortex.o(.text)
    HAL_NVIC_GetPriorityGrouping             0x08008131   Thumb Code    16  stm32f1xx_hal_cortex.o(.text)
    HAL_NVIC_GetPriority                     0x08008141   Thumb Code    88  stm32f1xx_hal_cortex.o(.text)
    HAL_NVIC_SetPendingIRQ                   0x08008199   Thumb Code    32  stm32f1xx_hal_cortex.o(.text)
    HAL_NVIC_GetPendingIRQ                   0x080081b9   Thumb Code    36  stm32f1xx_hal_cortex.o(.text)
    HAL_NVIC_ClearPendingIRQ                 0x080081dd   Thumb Code    32  stm32f1xx_hal_cortex.o(.text)
    HAL_NVIC_GetActive                       0x080081fd   Thumb Code    36  stm32f1xx_hal_cortex.o(.text)
    HAL_SYSTICK_CLKSourceConfig              0x08008221   Thumb Code    24  stm32f1xx_hal_cortex.o(.text)
    HAL_SYSTICK_IRQHandler                   0x08008239   Thumb Code     4  stm32f1xx_hal_cortex.o(.text)
    HAL_SYSTICK_Callback                     0x0800823d   Thumb Code     2  stm32f1xx_hal_cortex.o(.text)
    HAL_UART_Init                            0x08008241   Thumb Code   222  stm32f1xx_hal_uart.o(.text)
    HAL_HalfDuplex_Init                      0x08008325   Thumb Code   230  stm32f1xx_hal_uart.o(.text)
    HAL_LIN_Init                             0x0800840d   Thumb Code   244  stm32f1xx_hal_uart.o(.text)
    HAL_MultiProcessor_Init                  0x08008501   Thumb Code   254  stm32f1xx_hal_uart.o(.text)
    HAL_UART_DeInit                          0x08008601   Thumb Code    56  stm32f1xx_hal_uart.o(.text)
    HAL_UART_Transmit                        0x0800863d   Thumb Code   388  stm32f1xx_hal_uart.o(.text)
    HAL_UART_Receive                         0x080087c1   Thumb Code   598  stm32f1xx_hal_uart.o(.text)
    HAL_UART_Transmit_IT                     0x08008a19   Thumb Code    56  stm32f1xx_hal_uart.o(.text)
    HAL_UART_Receive_IT                      0x08008a51   Thumb Code    82  stm32f1xx_hal_uart.o(.text)
    UART_Start_Receive_IT                    0x08008aa5   Thumb Code    50  stm32f1xx_hal_uart.o(.text)
    HAL_UART_Transmit_DMA                    0x08008ad9   Thumb Code   202  stm32f1xx_hal_uart.o(.text)
    HAL_UART_Receive_DMA                     0x08008dd9   Thumb Code   352  stm32f1xx_hal_uart.o(.text)
    UART_Start_Receive_DMA                   0x08008f39   Thumb Code   316  stm32f1xx_hal_uart.o(.text)
    HAL_UART_DMAPause                        0x08009075   Thumb Code   346  stm32f1xx_hal_uart.o(.text)
    HAL_UART_DMAResume                       0x080091d1   Thumb Code   348  stm32f1xx_hal_uart.o(.text)
    HAL_UART_DMAStop                         0x0800932d   Thumb Code   548  stm32f1xx_hal_uart.o(.text)
    HAL_UARTEx_ReceiveToIdle                 0x08009551   Thumb Code   410  stm32f1xx_hal_uart.o(.text)
    HAL_UARTEx_ReceiveToIdle_IT              0x080096ed   Thumb Code   224  stm32f1xx_hal_uart.o(.text)
    HAL_UARTEx_ReceiveToIdle_DMA             0x080097cd   Thumb Code   486  stm32f1xx_hal_uart.o(.text)
    HAL_UARTEx_GetRxEventType                0x080099b5   Thumb Code     4  stm32f1xx_hal_uart.o(.text)
    HAL_UART_Abort                           0x080099b9   Thumb Code   482  stm32f1xx_hal_uart.o(.text)
    HAL_UART_AbortTransmit                   0x08009b9d   Thumb Code   208  stm32f1xx_hal_uart.o(.text)
    HAL_UART_AbortReceive                    0x08009c6d   Thumb Code   366  stm32f1xx_hal_uart.o(.text)
    HAL_UART_Abort_IT                        0x08009ddd   Thumb Code   520  stm32f1xx_hal_uart.o(.text)
    HAL_UART_AbortCpltCallback               0x0800a03d   Thumb Code     2  stm32f1xx_hal_uart.o(.text)
    HAL_UART_AbortTransmit_IT                0x0800a041   Thumb Code   236  stm32f1xx_hal_uart.o(.text)
    HAL_UART_AbortTransmitCpltCallback       0x0800a13d   Thumb Code     2  stm32f1xx_hal_uart.o(.text)
    HAL_UART_AbortReceive_IT                 0x0800a141   Thumb Code   394  stm32f1xx_hal_uart.o(.text)
    HAL_UART_AbortReceiveCpltCallback        0x0800a2e1   Thumb Code     2  stm32f1xx_hal_uart.o(.text)
    HAL_UART_IRQHandler                      0x0800a2e5   Thumb Code  1406  stm32f1xx_hal_uart.o(.text)
    HAL_UART_ErrorCallback                   0x0800a975   Thumb Code     2  stm32f1xx_hal_uart.o(.text)
    HAL_UARTEx_RxEventCallback               0x0800a979   Thumb Code     2  stm32f1xx_hal_uart.o(.text)
    HAL_UART_TxCpltCallback                  0x0800a97d   Thumb Code     2  stm32f1xx_hal_uart.o(.text)
    HAL_UART_TxHalfCpltCallback              0x0800a981   Thumb Code     2  stm32f1xx_hal_uart.o(.text)
    HAL_UART_RxHalfCpltCallback              0x0800a989   Thumb Code     2  stm32f1xx_hal_uart.o(.text)
    HAL_LIN_SendBreak                        0x0800a98d   Thumb Code   114  stm32f1xx_hal_uart.o(.text)
    HAL_MultiProcessor_EnterMuteMode         0x0800aa01   Thumb Code   116  stm32f1xx_hal_uart.o(.text)
    HAL_MultiProcessor_ExitMuteMode          0x0800aa75   Thumb Code   116  stm32f1xx_hal_uart.o(.text)
    HAL_HalfDuplex_EnableTransmitter         0x0800aae9   Thumb Code    44  stm32f1xx_hal_uart.o(.text)
    HAL_HalfDuplex_EnableReceiver            0x0800ab15   Thumb Code    46  stm32f1xx_hal_uart.o(.text)
    HAL_UART_GetState                        0x0800ab45   Thumb Code    14  stm32f1xx_hal_uart.o(.text)
    HAL_UART_GetError                        0x0800ab55   Thumb Code     4  stm32f1xx_hal_uart.o(.text)
    SystemInit                               0x0800acd1   Thumb Code     2  system_stm32f1xx.o(.text)
    SystemCoreClockUpdate                    0x0800acd5   Thumb Code   112  system_stm32f1xx.o(.text)
    strchr                                   0x0800ad45   Thumb Code    20  strchr.o(.text)
    strlen                                   0x0800ad59   Thumb Code    62  strlen.o(.text)
    __use_two_region_memory                  0x0800ad97   Thumb Code     2  heapauxi.o(.text)
    __rt_heap_escrow$2region                 0x0800ad99   Thumb Code     2  heapauxi.o(.text)
    __rt_heap_expand$2region                 0x0800ad9b   Thumb Code     2  heapauxi.o(.text)
    __read_errno                             0x0800ad9d   Thumb Code    10  _rserrno.o(.text)
    __set_errno                              0x0800ada7   Thumb Code    12  _rserrno.o(.text)
    __strtod_int                             0x0800adf9   Thumb Code    94  strtod.o(.text)
    __aeabi_errno_addr                       0x0800ae65   Thumb Code     8  rt_errno_addr_intlibspace.o(.text)
    __errno$intlibspace                      0x0800ae65   Thumb Code     0  rt_errno_addr_intlibspace.o(.text)
    __rt_errno_addr$intlibspace              0x0800ae65   Thumb Code     0  rt_errno_addr_intlibspace.o(.text)
    isspace                                  0x0800ae6d   Thumb Code    18  isspace.o(.text)
    _sgetc                                   0x0800ae7f   Thumb Code    30  _sgetc.o(.text)
    _sbackspace                              0x0800ae9d   Thumb Code    34  _sgetc.o(.text)
    __user_libspace                          0x0800aec1   Thumb Code     8  libspace.o(.text)
    __user_perproc_libspace                  0x0800aec1   Thumb Code     0  libspace.o(.text)
    __user_perthread_libspace                0x0800aec1   Thumb Code     0  libspace.o(.text)
    __user_setup_stackheap                   0x0800aec9   Thumb Code    74  sys_stackheap_outer.o(.text)
    __rt_ctype_table                         0x0800af15   Thumb Code    16  rt_ctype_table.o(.text)
    _scanf_really_real                       0x0800b171   Thumb Code   684  scanf_fp.o(.text)
    exit                                     0x0800b41d   Thumb Code    18  exit.o(.text)
    strcmp                                   0x0800b431   Thumb Code   128  strcmpv7m.o(.text)
    __rt_locale                              0x0800b4b1   Thumb Code     8  rt_locale_intlibspace.o(.text)
    __aeabi_llsl                             0x0800b4b9   Thumb Code     0  llshl.o(.text)
    _ll_shift_l                              0x0800b4b9   Thumb Code    38  llshl.o(.text)
    _btod_etento                             0x0800b4e1   Thumb Code   224  bigflt0.o(.text)
    _scanf_really_hex_real                   0x0800b5c5   Thumb Code   786  scanf_hexfp.o(.text)
    _scanf_really_infnan                     0x0800b8e5   Thumb Code   292  scanf_infnan.o(.text)
    _sys_exit                                0x0800ba19   Thumb Code     8  sys_exit.o(.text)
    _chval                                   0x0800ba25   Thumb Code    28  _chval.o(.text)
    __I$use$semihosting                      0x0800ba41   Thumb Code     0  use_no_semi.o(.text)
    __use_no_semihosting_swi                 0x0800ba41   Thumb Code     2  use_no_semi.o(.text)
    __semihosting_library_function           0x0800ba43   Thumb Code     0  indicate_semi.o(.text)
    __btod_div_common                        0x0800ba45   Thumb Code   696  btod.o(CL$$btod_div_common)
    _e2d                                     0x0800bd7d   Thumb Code   122  btod.o(CL$$btod_e2d)
    _e2e                                     0x0800be01   Thumb Code   220  btod.o(CL$$btod_e2e)
    _btod_ediv                               0x0800bedd   Thumb Code    42  btod.o(CL$$btod_ediv)
    _btod_edivd                              0x0800bf07   Thumb Code    42  btod.o(CL$$btod_edivd)
    _btod_emul                               0x0800bf31   Thumb Code    42  btod.o(CL$$btod_emul)
    _btod_emuld                              0x0800bf5b   Thumb Code    42  btod.o(CL$$btod_emuld)
    __btod_mult_common                       0x0800bf85   Thumb Code   580  btod.o(CL$$btod_mult_common)
    __mathlib_dbl_overflow                   0x0800c1c9   Thumb Code    14  dunder.o(i.__mathlib_dbl_overflow)
    __mathlib_dbl_underflow                  0x0800c1d9   Thumb Code    10  dunder.o(i.__mathlib_dbl_underflow)
    __mathlib_narrow                         0x0800c1e9   Thumb Code    16  narrow.o(i.__mathlib_narrow)
    __mathlib_tofloat                        0x0800c1f9   Thumb Code   184  narrow.o(i.__mathlib_tofloat)
    __support_ldexp                          0x0800c2b5   Thumb Code    22  ldexp.o(i.__support_ldexp)
    _is_digit                                0x0800c2cb   Thumb Code    14  scanf_fp.o(i._is_digit)
    atof                                     0x0800c2d9   Thumb Code    44  atof.o(i.atof)
    frexp                                    0x0800c305   Thumb Code    80  frexp.o(i.frexp)
    ldexp                                    0x0800c35d   Thumb Code   116  ldexp.o(i.ldexp)
    _get_lc_numeric                          0x0800c3d1   Thumb Code    44  lc_numeric_c.o(locale$$code)
    _get_lc_ctype                            0x0800c3fd   Thumb Code    44  lc_ctype_c.o(locale$$code)
    __aeabi_d2f                              0x0800c429   Thumb Code     0  d2f.o(x$fpl$d2f)
    _d2f                                     0x0800c429   Thumb Code    98  d2f.o(x$fpl$d2f)
    __fpl_dcheck_NaN1                        0x0800c48d   Thumb Code    10  dcheck1.o(x$fpl$dcheck1)
    __fpl_dcmp_Inf                           0x0800c49d   Thumb Code    24  dcmpi.o(x$fpl$dcmpinf)
    __aeabi_ddiv                             0x0800c4b5   Thumb Code     0  ddiv.o(x$fpl$ddiv)
    _ddiv                                    0x0800c4b5   Thumb Code   556  ddiv.o(x$fpl$ddiv)
    __aeabi_cdcmpeq                          0x0800c769   Thumb Code     0  deqf.o(x$fpl$deqf)
    _dcmpeq                                  0x0800c769   Thumb Code   120  deqf.o(x$fpl$deqf)
    __aeabi_d2iz                             0x0800c7e1   Thumb Code     0  dfix.o(x$fpl$dfix)
    _dfix                                    0x0800c7e1   Thumb Code    94  dfix.o(x$fpl$dfix)
    __aeabi_cdcmple                          0x0800c841   Thumb Code     0  dleqf.o(x$fpl$dleqf)
    _dcmple                                  0x0800c841   Thumb Code   120  dleqf.o(x$fpl$dleqf)
    __fpl_dcmple_InfNaN                      0x0800c8a3   Thumb Code     0  dleqf.o(x$fpl$dleqf)
    __fpl_dnaninf                            0x0800c8b9   Thumb Code   156  dnaninf.o(x$fpl$dnaninf)
    __fpl_dretinf                            0x0800c955   Thumb Code    12  dretinf.o(x$fpl$dretinf)
    __aeabi_cdrcmple                         0x0800c961   Thumb Code     0  drleqf.o(x$fpl$drleqf)
    _drcmple                                 0x0800c961   Thumb Code   108  drleqf.o(x$fpl$drleqf)
    __aeabi_f2d                              0x0800c9cd   Thumb Code     0  f2d.o(x$fpl$f2d)
    _f2d                                     0x0800c9cd   Thumb Code    86  f2d.o(x$fpl$f2d)
    __aeabi_fadd                             0x0800ca25   Thumb Code     0  faddsub_clz.o(x$fpl$fadd)
    _fadd                                    0x0800ca25   Thumb Code   196  faddsub_clz.o(x$fpl$fadd)
    __aeabi_fcmpeq                           0x0800cae9   Thumb Code     0  fcmp.o(x$fpl$fcmp)
    _feq                                     0x0800cae9   Thumb Code    14  fcmp.o(x$fpl$fcmp)
    _fneq                                    0x0800caf7   Thumb Code    14  fcmp.o(x$fpl$fcmp)
    __aeabi_fcmpgt                           0x0800cb05   Thumb Code     0  fcmp.o(x$fpl$fcmp)
    _fgr                                     0x0800cb05   Thumb Code    14  fcmp.o(x$fpl$fcmp)
    __aeabi_fcmpge                           0x0800cb13   Thumb Code     0  fcmp.o(x$fpl$fcmp)
    _fgeq                                    0x0800cb13   Thumb Code    14  fcmp.o(x$fpl$fcmp)
    __aeabi_fcmple                           0x0800cb21   Thumb Code     0  fcmp.o(x$fpl$fcmp)
    _fleq                                    0x0800cb21   Thumb Code    14  fcmp.o(x$fpl$fcmp)
    __aeabi_fcmplt                           0x0800cb2f   Thumb Code     0  fcmp.o(x$fpl$fcmp)
    _fls                                     0x0800cb2f   Thumb Code    14  fcmp.o(x$fpl$fcmp)
    __fpl_fcmp_Inf                           0x0800cb3d   Thumb Code    24  fcmpi.o(x$fpl$fcmpinf)
    __aeabi_cfcmpeq                          0x0800cb55   Thumb Code     0  feqf.o(x$fpl$feqf)
    _fcmpeq                                  0x0800cb55   Thumb Code   104  feqf.o(x$fpl$feqf)
    __aeabi_f2iz                             0x0800cbbd   Thumb Code     0  ffix.o(x$fpl$ffix)
    _ffix                                    0x0800cbbd   Thumb Code    54  ffix.o(x$fpl$ffix)
    _fcmpge                                  0x0800cbf5   Thumb Code   104  fgeqf.o(x$fpl$fgeqf)
    __aeabi_cfcmple                          0x0800cc5d   Thumb Code     0  fleqf.o(x$fpl$fleqf)
    _fcmple                                  0x0800cc5d   Thumb Code   104  fleqf.o(x$fpl$fleqf)
    __fpl_fcmple_InfNaN                      0x0800ccaf   Thumb Code     0  fleqf.o(x$fpl$fleqf)
    __fpl_fnaninf                            0x0800ccc5   Thumb Code   140  fnaninf.o(x$fpl$fnaninf)
    __fpl_fretinf                            0x0800cd51   Thumb Code    10  fretinf.o(x$fpl$fretinf)
    __aeabi_fsub                             0x0800cd5d   Thumb Code     0  faddsub_clz.o(x$fpl$fsub)
    _fsub                                    0x0800cd5d   Thumb Code   234  faddsub_clz.o(x$fpl$fsub)
    __ieee_status                            0x0800ce47   Thumb Code     6  istatus.o(x$fpl$ieeestatus)
    __fpl_return_NaN                         0x0800ce4d   Thumb Code   100  retnan.o(x$fpl$retnan)
    __ARM_scalbn                             0x0800ceb1   Thumb Code    92  scalbn.o(x$fpl$scalbn)
    _scanf_real                              0x0800cf0d   Thumb Code     4  scanf1.o(x$fpl$scanf1)
    _scanf_hex_real                          0x0800cf11   Thumb Code     4  scanf2.o(x$fpl$scanf2)
    _scanf_infnan                            0x0800cf15   Thumb Code     4  scanf2.o(x$fpl$scanf2)
    __fpl_cmpreturn                          0x0800cf19   Thumb Code    48  trapv.o(x$fpl$trapveneer)
    __I$use$fp                               0x0800cf48   Number         0  usenofp.o(x$fpl$usenofp)
    AHBPrescTable                            0x0800d005   Data          16  system_stm32f1xx.o(.rodata.AHBPrescTable)
    APBPrescTable                            0x0800d015   Data           8  system_stm32f1xx.o(.rodata.APBPrescTable)
    Region$$Table$$Base                      0x0800d050   Number         0  anon$$obj.o(Region$$Table)
    Region$$Table$$Limit                     0x0800d070   Number         0  anon$$obj.o(Region$$Table)
    __aeabi_HUGE_VAL                         0x0800d070   Data           0  fpconst.o(c$$dinf)
    __aeabi_HUGE_VALL                        0x0800d070   Data           0  fpconst.o(c$$dinf)
    __aeabi_INFINITY                         0x0800d070   Data           0  fpconst.o(c$$dinf)
    __dInf                                   0x0800d070   Data           0  fpconst.o(c$$dinf)
    __huge_val                               0x0800d070   Data           0  fpconst.o(c$$dinf)
    __dbl_max                                0x0800d078   Data           0  fpconst.o(c$$dmax)
    __ctype                                  0x0800d0a9   Data           0  lc_ctype_c.o(locale$$data)
    uwTickFreq                               0x20000000   Data           1  stm32f1xx_hal.o(.data..L_MergedGlobals)
    uwTickPrio                               0x20000004   Data           4  stm32f1xx_hal.o(.data..L_MergedGlobals)
    SystemCoreClock                          0x20000008   Data           4  system_stm32f1xx.o(.data.SystemCoreClock)
    __libspace_start                         0x20000010   Data          96  libspace.o(.bss)
    __temporary_stack_top$libspace           0x20000070   Data           0  libspace.o(.bss)
    cmdLen                                   0x20000070   Data           1  cnc-logic.o(.bss..L_MergedGlobals)
    sqn                                      0x20000071   Data           1  cnc-logic.o(.bss..L_MergedGlobals)
    receivedCrc                              0x20000072   Data           1  cnc-logic.o(.bss..L_MergedGlobals)
    signReceivedFlag                         0x20000073   Data           1  cnc-logic.o(.bss..L_MergedGlobals)
    lenReceivedFlag                          0x20000074   Data           1  cnc-logic.o(.bss..L_MergedGlobals)
    sqnReceivedFlag                          0x20000075   Data           1  cnc-logic.o(.bss..L_MergedGlobals)
    addrReceivedFlag                         0x20000076   Data           1  cnc-logic.o(.bss..L_MergedGlobals)
    uartRxComplete                           0x20000077   Data           1  cnc-logic.o(.bss..L_MergedGlobals)
    uartRxSuccess                            0x20000078   Data           1  cnc-logic.o(.bss..L_MergedGlobals)
    badPackageFlag                           0x20000079   Data           1  cnc-logic.o(.bss..L_MergedGlobals)
    badCmdFlag                               0x2000007a   Data           1  cnc-logic.o(.bss..L_MergedGlobals)
    errorFlag                                0x2000007b   Data           1  cnc-logic.o(.bss..L_MergedGlobals)
    commandRunSuccess                        0x2000007c   Data           1  cnc-logic.o(.bss..L_MergedGlobals)
    command                                  0x2000007d   Data           1  cnc-logic.o(.bss..L_MergedGlobals)
    numberOfReceivedBytes                    0x2000007e   Data           2  cnc-logic.o(.bss..L_MergedGlobals)
    stepsQuantityX                           0x20000080   Data           4  cnc-logic.o(.bss..L_MergedGlobals)
    stepsQuantityY                           0x20000084   Data           4  cnc-logic.o(.bss..L_MergedGlobals)
    periph                                   0x20000088   Data           4  cnc-logic.o(.bss..L_MergedGlobals)
    params                                   0x2000008c   Data           4  cnc-logic.o(.bss..L_MergedGlobals)
    error                                    0x20000090   Data          12  cnc-logic.o(.bss..L_MergedGlobals)
    Cnc                                      0x2000009c   Data          24  cnc-logic.o(.bss..L_MergedGlobals)
    gArgs                                    0x200000b4   Data          24  cnc-logic.o(.bss..L_MergedGlobals)
    hdma_usart1_rx                           0x200000cc   Data          68  main.o(.bss.hdma_usart1_rx)
    hdma_usart1_tx                           0x20000110   Data          68  main.o(.bss.hdma_usart1_tx)
    htim1                                    0x20000154   Data          72  main.o(.bss.htim1)
    htim2                                    0x2000019c   Data          72  main.o(.bss.htim2)
    htim3                                    0x200001e4   Data          72  main.o(.bss.htim3)
    htim4                                    0x2000022c   Data          72  main.o(.bss.htim4)
    huart1                                   0x20000274   Data          72  main.o(.bss.huart1)
    uartRxBuffer                             0x200002bc   Data         257  cnc-logic.o(.bss.uartRxBuffer)
    uwTick                                   0x200003c0   Data           4  stm32f1xx_hal.o(.bss.uwTick)



==============================================================================

Memory Map of the image

  Image Entry point : 0x080000ed

  Load Region LR_IROM1 (Base: 0x08000000, Size: 0x0000d1c0, Max: 0x00010000, ABSOLUTE)

    Execution Region ER_IROM1 (Exec base: 0x08000000, Load base: 0x08000000, Size: 0x0000d1ac, Max: 0x00010000, ABSOLUTE)

    Exec Addr    Load Addr    Size         Type   Attr      Idx    E Section Name        Object

    0x08000000   0x08000000   0x000000ec   Data   RO            3    RESET               startup_stm32f103xb.o
    0x080000ec   0x080000ec   0x00000008   Code   RO          206  * !!!main             c_w.l(__main.o)
    0x080000f4   0x080000f4   0x00000034   Code   RO          578    !!!scatter          c_w.l(__scatter.o)
    0x08000128   0x08000128   0x0000001a   Code   RO          580    !!handler_copy      c_w.l(__scatter_copy.o)
    0x08000142   0x08000142   0x00000002   PAD
    0x08000144   0x08000144   0x0000001c   Code   RO          582    !!handler_zi        c_w.l(__scatter_zi.o)
    0x08000160   0x08000160   0x00000002   Code   RO          309    .ARM.Collect$$libinit$$00000000  c_w.l(libinit.o)
    0x08000162   0x08000162   0x00000000   Code   RO          311    .ARM.Collect$$libinit$$00000002  c_w.l(libinit2.o)
    0x08000162   0x08000162   0x00000000   Code   RO          313    .ARM.Collect$$libinit$$00000004  c_w.l(libinit2.o)
    0x08000162   0x08000162   0x00000000   Code   RO          316    .ARM.Collect$$libinit$$0000000A  c_w.l(libinit2.o)
    0x08000162   0x08000162   0x00000000   Code   RO          318    .ARM.Collect$$libinit$$0000000C  c_w.l(libinit2.o)
    0x08000162   0x08000162   0x00000000   Code   RO          320    .ARM.Collect$$libinit$$0000000E  c_w.l(libinit2.o)
    0x08000162   0x08000162   0x00000006   Code   RO          321    .ARM.Collect$$libinit$$0000000F  c_w.l(libinit2.o)
    0x08000168   0x08000168   0x00000000   Code   RO          323    .ARM.Collect$$libinit$$00000011  c_w.l(libinit2.o)
    0x08000168   0x08000168   0x0000000c   Code   RO          324    .ARM.Collect$$libinit$$00000012  c_w.l(libinit2.o)
    0x08000174   0x08000174   0x00000000   Code   RO          325    .ARM.Collect$$libinit$$00000013  c_w.l(libinit2.o)
    0x08000174   0x08000174   0x00000000   Code   RO          327    .ARM.Collect$$libinit$$00000015  c_w.l(libinit2.o)
    0x08000174   0x08000174   0x0000000a   Code   RO          328    .ARM.Collect$$libinit$$00000016  c_w.l(libinit2.o)
    0x0800017e   0x0800017e   0x00000000   Code   RO          329    .ARM.Collect$$libinit$$00000017  c_w.l(libinit2.o)
    0x0800017e   0x0800017e   0x00000000   Code   RO          331    .ARM.Collect$$libinit$$00000019  c_w.l(libinit2.o)
    0x0800017e   0x0800017e   0x00000000   Code   RO          333    .ARM.Collect$$libinit$$0000001B  c_w.l(libinit2.o)
    0x0800017e   0x0800017e   0x00000000   Code   RO          335    .ARM.Collect$$libinit$$0000001D  c_w.l(libinit2.o)
    0x0800017e   0x0800017e   0x00000000   Code   RO          337    .ARM.Collect$$libinit$$0000001F  c_w.l(libinit2.o)
    0x0800017e   0x0800017e   0x00000000   Code   RO          339    .ARM.Collect$$libinit$$00000021  c_w.l(libinit2.o)
    0x0800017e   0x0800017e   0x00000000   Code   RO          341    .ARM.Collect$$libinit$$00000023  c_w.l(libinit2.o)
    0x0800017e   0x0800017e   0x00000000   Code   RO          343    .ARM.Collect$$libinit$$00000025  c_w.l(libinit2.o)
    0x0800017e   0x0800017e   0x00000000   Code   RO          347    .ARM.Collect$$libinit$$0000002C  c_w.l(libinit2.o)
    0x0800017e   0x0800017e   0x00000000   Code   RO          349    .ARM.Collect$$libinit$$0000002E  c_w.l(libinit2.o)
    0x0800017e   0x0800017e   0x00000000   Code   RO          351    .ARM.Collect$$libinit$$00000030  c_w.l(libinit2.o)
    0x0800017e   0x0800017e   0x00000000   Code   RO          353    .ARM.Collect$$libinit$$00000032  c_w.l(libinit2.o)
    0x0800017e   0x0800017e   0x00000002   Code   RO          354    .ARM.Collect$$libinit$$00000033  c_w.l(libinit2.o)
    0x08000180   0x08000180   0x00000002   Code   RO          484    .ARM.Collect$$libshutdown$$00000000  c_w.l(libshutdown.o)
    0x08000182   0x08000182   0x00000000   Code   RO          507    .ARM.Collect$$libshutdown$$00000002  c_w.l(libshutdown2.o)
    0x08000182   0x08000182   0x00000000   Code   RO          509    .ARM.Collect$$libshutdown$$00000004  c_w.l(libshutdown2.o)
    0x08000182   0x08000182   0x00000000   Code   RO          512    .ARM.Collect$$libshutdown$$00000007  c_w.l(libshutdown2.o)
    0x08000182   0x08000182   0x00000000   Code   RO          515    .ARM.Collect$$libshutdown$$0000000A  c_w.l(libshutdown2.o)
    0x08000182   0x08000182   0x00000000   Code   RO          517    .ARM.Collect$$libshutdown$$0000000C  c_w.l(libshutdown2.o)
    0x08000182   0x08000182   0x00000000   Code   RO          520    .ARM.Collect$$libshutdown$$0000000F  c_w.l(libshutdown2.o)
    0x08000182   0x08000182   0x00000002   Code   RO          521    .ARM.Collect$$libshutdown$$00000010  c_w.l(libshutdown2.o)
    0x08000184   0x08000184   0x00000000   Code   RO          236    .ARM.Collect$$rtentry$$00000000  c_w.l(__rtentry.o)
    0x08000184   0x08000184   0x00000000   Code   RO          257    .ARM.Collect$$rtentry$$00000002  c_w.l(__rtentry2.o)
    0x08000184   0x08000184   0x00000006   Code   RO          269    .ARM.Collect$$rtentry$$00000004  c_w.l(__rtentry4.o)
    0x0800018a   0x0800018a   0x00000000   Code   RO          259    .ARM.Collect$$rtentry$$00000009  c_w.l(__rtentry2.o)
    0x0800018a   0x0800018a   0x00000004   Code   RO          260    .ARM.Collect$$rtentry$$0000000A  c_w.l(__rtentry2.o)
    0x0800018e   0x0800018e   0x00000000   Code   RO          262    .ARM.Collect$$rtentry$$0000000C  c_w.l(__rtentry2.o)
    0x0800018e   0x0800018e   0x00000008   Code   RO          263    .ARM.Collect$$rtentry$$0000000D  c_w.l(__rtentry2.o)
    0x08000196   0x08000196   0x00000002   Code   RO          355    .ARM.Collect$$rtexit$$00000000  c_w.l(rtexit.o)
    0x08000198   0x08000198   0x00000000   Code   RO          420    .ARM.Collect$$rtexit$$00000002  c_w.l(rtexit2.o)
    0x08000198   0x08000198   0x00000004   Code   RO          421    .ARM.Collect$$rtexit$$00000003  c_w.l(rtexit2.o)
    0x0800019c   0x0800019c   0x00000006   Code   RO          422    .ARM.Collect$$rtexit$$00000004  c_w.l(rtexit2.o)
    0x080001a2   0x080001a2   0x00000002   PAD
    0x080001a4   0x080001a4   0x00000040   Code   RO            4    .text               startup_stm32f103xb.o
    0x080001e4   0x080001e4   0x00000c90   Code   RO           10    .text               cnc-logic.o
    0x08000e74   0x08000e74   0x00000470   Code   RO           26    .text               main.o
    0x080012e4   0x080012e4   0x00000048   Code   RO           43    .text               stm32f1xx_it.o
    0x0800132c   0x0800132c   0x0000034e   Code   RO           50    .text               stm32f1xx_hal_msp.o
    0x0800167a   0x0800167a   0x00000002   PAD
    0x0800167c   0x0800167c   0x00003c9a   Code   RO           67    .text               stm32f1xx_hal_tim.o
    0x08005316   0x08005316   0x00000002   PAD
    0x08005318   0x08005318   0x000014de   Code   RO           77    .text               stm32f1xx_hal_tim_ex.o
    0x080067f6   0x080067f6   0x00000002   PAD
    0x080067f8   0x080067f8   0x00000216   Code   RO           86    .text               stm32f1xx_hal.o
    0x08006a0e   0x08006a0e   0x00000002   PAD
    0x08006a10   0x08006a10   0x00000862   Code   RO           96    .text               stm32f1xx_hal_rcc.o
    0x08007272   0x08007272   0x00000002   PAD
    0x08007274   0x08007274   0x00000446   Code   RO          116    .text               stm32f1xx_hal_gpio.o
    0x080076ba   0x080076ba   0x00000002   PAD
    0x080076bc   0x080076bc   0x00000958   Code   RO          125    .text               stm32f1xx_hal_dma.o
    0x08008014   0x08008014   0x0000022a   Code   RO          134    .text               stm32f1xx_hal_cortex.o
    0x0800823e   0x0800823e   0x00000002   PAD
    0x08008240   0x08008240   0x00002a90   Code   RO          178    .text               stm32f1xx_hal_uart.o
    0x0800acd0   0x0800acd0   0x00000074   Code   RO          187    .text               system_stm32f1xx.o
    0x0800ad44   0x0800ad44   0x00000014   Code   RO          200    .text               c_w.l(strchr.o)
    0x0800ad58   0x0800ad58   0x0000003e   Code   RO          202    .text               c_w.l(strlen.o)
    0x0800ad96   0x0800ad96   0x00000006   Code   RO          204    .text               c_w.l(heapauxi.o)
    0x0800ad9c   0x0800ad9c   0x00000016   Code   RO          237    .text               c_w.l(_rserrno.o)
    0x0800adb2   0x0800adb2   0x00000002   PAD
    0x0800adb4   0x0800adb4   0x000000b0   Code   RO          239    .text               c_w.l(strtod.o)
    0x0800ae64   0x0800ae64   0x00000008   Code   RO          274    .text               c_w.l(rt_errno_addr_intlibspace.o)
    0x0800ae6c   0x0800ae6c   0x00000012   Code   RO          276    .text               c_w.l(isspace.o)
    0x0800ae7e   0x0800ae7e   0x00000040   Code   RO          278    .text               c_w.l(_sgetc.o)
    0x0800aebe   0x0800aebe   0x00000002   PAD
    0x0800aec0   0x0800aec0   0x00000008   Code   RO          287    .text               c_w.l(libspace.o)
    0x0800aec8   0x0800aec8   0x0000004a   Code   RO          290    .text               c_w.l(sys_stackheap_outer.o)
    0x0800af12   0x0800af12   0x00000002   PAD
    0x0800af14   0x0800af14   0x00000010   Code   RO          292    .text               c_w.l(rt_ctype_table.o)
    0x0800af24   0x0800af24   0x000004f8   Code   RO          294    .text               c_w.l(scanf_fp.o)
    0x0800b41c   0x0800b41c   0x00000012   Code   RO          300    .text               c_w.l(exit.o)
    0x0800b42e   0x0800b42e   0x00000002   PAD
    0x0800b430   0x0800b430   0x00000080   Code   RO          302    .text               c_w.l(strcmpv7m.o)
    0x0800b4b0   0x0800b4b0   0x00000008   Code   RO          360    .text               c_w.l(rt_locale_intlibspace.o)
    0x0800b4b8   0x0800b4b8   0x00000026   Code   RO          362    .text               c_w.l(llshl.o)
    0x0800b4de   0x0800b4de   0x00000002   PAD
    0x0800b4e0   0x0800b4e0   0x000000e4   Code   RO          366    .text               c_w.l(bigflt0.o)
    0x0800b5c4   0x0800b5c4   0x00000320   Code   RO          445    .text               c_w.l(scanf_hexfp.o)
    0x0800b8e4   0x0800b8e4   0x00000134   Code   RO          447    .text               c_w.l(scanf_infnan.o)
    0x0800ba18   0x0800ba18   0x0000000c   Code   RO          465    .text               c_w.l(sys_exit.o)
    0x0800ba24   0x0800ba24   0x0000001c   Code   RO          476    .text               c_w.l(_chval.o)
    0x0800ba40   0x0800ba40   0x00000002   Code   RO          497    .text               c_w.l(use_no_semi.o)
    0x0800ba42   0x0800ba42   0x00000000   Code   RO          499    .text               c_w.l(indicate_semi.o)
    0x0800ba42   0x0800ba42   0x00000002   PAD
    0x0800ba44   0x0800ba44   0x00000338   Code   RO          379    CL$$btod_div_common  c_w.l(btod.o)
    0x0800bd7c   0x0800bd7c   0x00000084   Code   RO          377    CL$$btod_e2d        c_w.l(btod.o)
    0x0800be00   0x0800be00   0x000000dc   Code   RO          376    CL$$btod_e2e        c_w.l(btod.o)
    0x0800bedc   0x0800bedc   0x0000002a   Code   RO          373    CL$$btod_ediv       c_w.l(btod.o)
    0x0800bf06   0x0800bf06   0x0000002a   Code   RO          375    CL$$btod_edivd      c_w.l(btod.o)
    0x0800bf30   0x0800bf30   0x0000002a   Code   RO          372    CL$$btod_emul       c_w.l(btod.o)
    0x0800bf5a   0x0800bf5a   0x0000002a   Code   RO          374    CL$$btod_emuld      c_w.l(btod.o)
    0x0800bf84   0x0800bf84   0x00000244   Code   RO          378    CL$$btod_mult_common  c_w.l(btod.o)
    0x0800c1c8   0x0800c1c8   0x0000000e   Code   RO          528    i.__mathlib_dbl_overflow  m_ws.l(dunder.o)
    0x0800c1d6   0x0800c1d6   0x00000002   PAD
    0x0800c1d8   0x0800c1d8   0x00000010   Code   RO          530    i.__mathlib_dbl_underflow  m_ws.l(dunder.o)
    0x0800c1e8   0x0800c1e8   0x00000010   Code   RO          413    i.__mathlib_narrow  m_ws.l(narrow.o)
    0x0800c1f8   0x0800c1f8   0x000000bc   Code   RO          414    i.__mathlib_tofloat  m_ws.l(narrow.o)
    0x0800c2b4   0x0800c2b4   0x00000016   Code   RO          492    i.__support_ldexp   m_ws.l(ldexp.o)
    0x0800c2ca   0x0800c2ca   0x0000000e   Code   RO          296    i._is_digit         c_w.l(scanf_fp.o)
    0x0800c2d8   0x0800c2d8   0x0000002c   Code   RO          233    i.atof              m_ws.l(atof.o)
    0x0800c304   0x0800c304   0x00000058   Code   RO          460    i.frexp             m_ws.l(frexp.o)
    0x0800c35c   0x0800c35c   0x00000074   Code   RO          493    i.ldexp             m_ws.l(ldexp.o)
    0x0800c3d0   0x0800c3d0   0x0000002c   Code   RO          281    locale$$code        c_w.l(lc_numeric_c.o)
    0x0800c3fc   0x0800c3fc   0x0000002c   Code   RO          395    locale$$code        c_w.l(lc_ctype_c.o)
    0x0800c428   0x0800c428   0x00000062   Code   RO          208    x$fpl$d2f           fz_ws.l(d2f.o)
    0x0800c48a   0x0800c48a   0x00000002   PAD
    0x0800c48c   0x0800c48c   0x00000010   Code   RO          522    x$fpl$dcheck1       fz_ws.l(dcheck1.o)
    0x0800c49c   0x0800c49c   0x00000018   Code   RO          485    x$fpl$dcmpinf       fz_ws.l(dcmpi.o)
    0x0800c4b4   0x0800c4b4   0x000002b4   Code   RO          211    x$fpl$ddiv          fz_ws.l(ddiv.o)
    0x0800c768   0x0800c768   0x00000078   Code   RO          455    x$fpl$deqf          fz_ws.l(deqf.o)
    0x0800c7e0   0x0800c7e0   0x0000005e   Code   RO          214    x$fpl$dfix          fz_ws.l(dfix.o)
    0x0800c83e   0x0800c83e   0x00000002   PAD
    0x0800c840   0x0800c840   0x00000078   Code   RO          487    x$fpl$dleqf         fz_ws.l(dleqf.o)
    0x0800c8b8   0x0800c8b8   0x0000009c   Code   RO          241    x$fpl$dnaninf       fz_ws.l(dnaninf.o)
    0x0800c954   0x0800c954   0x0000000c   Code   RO          243    x$fpl$dretinf       fz_ws.l(dretinf.o)
    0x0800c960   0x0800c960   0x0000006c   Code   RO          457    x$fpl$drleqf        fz_ws.l(drleqf.o)
    0x0800c9cc   0x0800c9cc   0x00000056   Code   RO          218    x$fpl$f2d           fz_ws.l(f2d.o)
    0x0800ca22   0x0800ca22   0x00000002   PAD
    0x0800ca24   0x0800ca24   0x000000c4   Code   RO          220    x$fpl$fadd          fz_ws.l(faddsub_clz.o)
    0x0800cae8   0x0800cae8   0x00000054   Code   RO          226    x$fpl$fcmp          fz_ws.l(fcmp.o)
    0x0800cb3c   0x0800cb3c   0x00000018   Code   RO          283    x$fpl$fcmpinf       fz_ws.l(fcmpi.o)
    0x0800cb54   0x0800cb54   0x00000068   Code   RO          245    x$fpl$feqf          fz_ws.l(feqf.o)
    0x0800cbbc   0x0800cbbc   0x00000036   Code   RO          228    x$fpl$ffix          fz_ws.l(ffix.o)
    0x0800cbf2   0x0800cbf2   0x00000002   PAD
    0x0800cbf4   0x0800cbf4   0x00000068   Code   RO          247    x$fpl$fgeqf         fz_ws.l(fgeqf.o)
    0x0800cc5c   0x0800cc5c   0x00000068   Code   RO          249    x$fpl$fleqf         fz_ws.l(fleqf.o)
    0x0800ccc4   0x0800ccc4   0x0000008c   Code   RO          251    x$fpl$fnaninf       fz_ws.l(fnaninf.o)
    0x0800cd50   0x0800cd50   0x0000000a   Code   RO          253    x$fpl$fretinf       fz_ws.l(fretinf.o)
    0x0800cd5a   0x0800cd5a   0x00000002   PAD
    0x0800cd5c   0x0800cd5c   0x000000ea   Code   RO          222    x$fpl$fsub          fz_ws.l(faddsub_clz.o)
    0x0800ce46   0x0800ce46   0x00000006   Code   RO          405    x$fpl$ieeestatus    fz_ws.l(istatus.o)
    0x0800ce4c   0x0800ce4c   0x00000064   Code   RO          550    x$fpl$retnan        fz_ws.l(retnan.o)
    0x0800ceb0   0x0800ceb0   0x0000005c   Code   RO          489    x$fpl$scalbn        fz_ws.l(scalbn.o)
    0x0800cf0c   0x0800cf0c   0x00000004   Code   RO          285    x$fpl$scanf1        fz_ws.l(scanf1.o)
    0x0800cf10   0x0800cf10   0x00000008   Code   RO          407    x$fpl$scanf2        fz_ws.l(scanf2.o)
    0x0800cf18   0x0800cf18   0x00000030   Code   RO          558    x$fpl$trapveneer    fz_ws.l(trapv.o)
    0x0800cf48   0x0800cf48   0x00000000   Code   RO          255    x$fpl$usenofp       fz_ws.l(usenofp.o)
    0x0800cf48   0x0800cf48   0x00000094   Data   RO          367    .constdata          c_w.l(bigflt0.o)
    0x0800cfdc   0x0800cfdc   0x00000016   Data   RO           12    .rodata..L.str.8    cnc-logic.o
    0x0800cff2   0x0800cff2   0x00000013   Data   RO           13    .rodata..L.str.9    cnc-logic.o
    0x0800d005   0x0800d005   0x00000010   Data   RO          190    .rodata.AHBPrescTable  system_stm32f1xx.o
    0x0800d015   0x0800d015   0x00000008   Data   RO          191    .rodata.APBPrescTable  system_stm32f1xx.o
    0x0800d01d   0x0800d01d   0x00000002   Data   RO           99    .rodata.HAL_RCC_GetSysClockFreq.aPredivFactorTable  stm32f1xx_hal_rcc.o
    0x0800d01f   0x0800d01f   0x00000001   PAD
    0x0800d020   0x0800d020   0x00000020   Data   RO           69    .rodata.cst16       stm32f1xx_hal_tim.o
    0x0800d040   0x0800d040   0x00000010   Data   RO           98    .rodata.cst16       stm32f1xx_hal_rcc.o
    0x0800d050   0x0800d050   0x00000020   Data   RO          577    Region$$Table       anon$$obj.o
    0x0800d070   0x0800d070   0x00000008   Data   RO          399    c$$dinf             fz_ws.l(fpconst.o)
    0x0800d078   0x0800d078   0x00000008   Data   RO          402    c$$dmax             fz_ws.l(fpconst.o)
    0x0800d080   0x0800d080   0x0000001c   Data   RO          280    locale$$data        c_w.l(lc_numeric_c.o)
    0x0800d09c   0x0800d09c   0x00000110   Data   RO          394    locale$$data        c_w.l(lc_ctype_c.o)


    Execution Region RW_IRAM1 (Exec base: 0x20000000, Load base: 0x0800d1b0, Size: 0x000009c8, Max: 0x00005000, ABSOLUTE)

    Exec Addr    Load Addr    Size         Type   Attr      Idx    E Section Name        Object

    0x20000000   0x0800d1b0   0x00000008   Data   RW           89    .data..L_MergedGlobals  stm32f1xx_hal.o
    0x20000008   0x0800d1b8   0x00000004   Data   RW          189    .data.SystemCoreClock  system_stm32f1xx.o
    0x2000000c   0x0800d1bc   0x00000004   PAD
    0x20000010        -       0x00000060   Zero   RW          288    .bss                c_w.l(libspace.o)
    0x20000070        -       0x0000005c   Zero   RW           18    .bss..L_MergedGlobals  cnc-logic.o
    0x200000cc        -       0x00000044   Zero   RW           34    .bss.hdma_usart1_rx  main.o
    0x20000110        -       0x00000044   Zero   RW           33    .bss.hdma_usart1_tx  main.o
    0x20000154        -       0x00000048   Zero   RW           29    .bss.htim1          main.o
    0x2000019c        -       0x00000048   Zero   RW           30    .bss.htim2          main.o
    0x200001e4        -       0x00000048   Zero   RW           31    .bss.htim3          main.o
    0x2000022c        -       0x00000048   Zero   RW           32    .bss.htim4          main.o
    0x20000274        -       0x00000048   Zero   RW           28    .bss.huart1         main.o
    0x200002bc        -       0x00000101   Zero   RW           15    .bss.uartRxBuffer   cnc-logic.o
    0x200003bd   0x0800d1bc   0x00000003   PAD
    0x200003c0        -       0x00000004   Zero   RW           88    .bss.uwTick         stm32f1xx_hal.o
    0x200003c4   0x0800d1bc   0x00000004   PAD
    0x200003c8        -       0x00000200   Zero   RW            2    HEAP                startup_stm32f103xb.o
    0x200005c8        -       0x00000400   Zero   RW            1    STACK               startup_stm32f103xb.o


==============================================================================

Image component sizes


      Code (inc. data)   RO Data    RW Data    ZI Data      Debug   Object Name

      3216        148         41          0        349      12651   cnc-logic.o
      1136          0          0          0        496      10426   main.o
        64         26        236          0       1536        792   startup_stm32f103xb.o
       534          0          0          8          4       5162   stm32f1xx_hal.o
       554          0          0          0          0       7910   stm32f1xx_hal_cortex.o
      2392         12          0          0          0       7672   stm32f1xx_hal_dma.o
      1094         22          0          0          0       4506   stm32f1xx_hal_gpio.o
       846          0          0          0          0       8346   stm32f1xx_hal_msp.o
      2146          0         18          0          0       7189   stm32f1xx_hal_rcc.o
     15514         66         32          0          0      50197   stm32f1xx_hal_tim.o
      5342          0          0          0          0      18903   stm32f1xx_hal_tim_ex.o
     10896          0          0          0          0      29750   stm32f1xx_hal_uart.o
        72          0          0          0          0       3743   stm32f1xx_it.o
       116          0         24          4          0       1560   system_stm32f1xx.o

    ----------------------------------------------------------------------
     43936        274        384         12       2396     168807   Object Totals
         0          0         32          0          0          0   (incl. Generated)
        14          0          1          0         11          0   (incl. Padding)

    ----------------------------------------------------------------------

      Code (inc. data)   RO Data    RW Data    ZI Data      Debug   Library Member Name

         8          0          0          0          0         68   __main.o
         0          0          0          0          0          0   __rtentry.o
        12          0          0          0          0          0   __rtentry2.o
         6          0          0          0          0          0   __rtentry4.o
        52          8          0          0          0          0   __scatter.o
        26          0          0          0          0          0   __scatter_copy.o
        28          0          0          0          0          0   __scatter_zi.o
        28          0          0          0          0         68   _chval.o
        22          0          0          0          0        100   _rserrno.o
        64          0          0          0          0         84   _sgetc.o
       228          4        148          0          0         96   bigflt0.o
      1924        136          0          0          0        752   btod.o
        18          0          0          0          0         80   exit.o
         6          0          0          0          0        152   heapauxi.o
         0          0          0          0          0          0   indicate_semi.o
        18          0          0          0          0         76   isspace.o
        44         10        272          0          0         76   lc_ctype_c.o
        44         10         28          0          0         76   lc_numeric_c.o
         2          0          0          0          0          0   libinit.o
        30          0          0          0          0          0   libinit2.o
         2          0          0          0          0          0   libshutdown.o
         2          0          0          0          0          0   libshutdown2.o
         8          4          0          0         96         68   libspace.o
        38          0          0          0          0         68   llshl.o
        16          4          0          0          0         76   rt_ctype_table.o
         8          4          0          0          0         68   rt_errno_addr_intlibspace.o
         8          4          0          0          0         68   rt_locale_intlibspace.o
         2          0          0          0          0          0   rtexit.o
        10          0          0          0          0          0   rtexit2.o
      1286         16          0          0          0        236   scanf_fp.o
       800         14          0          0          0        100   scanf_hexfp.o
       308         16          0          0          0        100   scanf_infnan.o
        20          0          0          0          0         68   strchr.o
       128          0          0          0          0         68   strcmpv7m.o
        62          0          0          0          0         76   strlen.o
       176         14          0          0          0        124   strtod.o
        12          4          0          0          0         68   sys_exit.o
        74          0          0          0          0         80   sys_stackheap_outer.o
         2          0          0          0          0         68   use_no_semi.o
        98          4          0          0          0         92   d2f.o
        16          4          0          0          0         68   dcheck1.o
        24          0          0          0          0         68   dcmpi.o
       692        140          0          0          0        216   ddiv.o
       120          4          0          0          0         92   deqf.o
        94          4          0          0          0         92   dfix.o
       120          4          0          0          0         92   dleqf.o
       156          4          0          0          0         92   dnaninf.o
        12          0          0          0          0         68   dretinf.o
       108          0          0          0          0         80   drleqf.o
        86          4          0          0          0         84   f2d.o
       430          8          0          0          0        168   faddsub_clz.o
        84          0          0          0          0        196   fcmp.o
        24          0          0          0          0         68   fcmpi.o
       104          4          0          0          0         84   feqf.o
        54          4          0          0          0         84   ffix.o
       104          4          0          0          0         84   fgeqf.o
       104          4          0          0          0         84   fleqf.o
       140          4          0          0          0         84   fnaninf.o
         0          0         16          0          0          0   fpconst.o
        10          0          0          0          0         68   fretinf.o
         6          0          0          0          0         68   istatus.o
       100          0          0          0          0         68   retnan.o
        92          0          0          0          0         68   scalbn.o
         4          0          0          0          0         68   scanf1.o
         8          0          0          0          0         84   scanf2.o
        48          0          0          0          0         68   trapv.o
         0          0          0          0          0          0   usenofp.o
        44          0          0          0          0         84   atof.o
        30          6          0          0          0        136   dunder.o
        88          8          0          0          0         76   frexp.o
       138          0          0          0          0        160   ldexp.o
       204          4          0          0          0        168   narrow.o

    ----------------------------------------------------------------------
      8892        462        464          0         96       5976   Library Totals
        28          0          0          0          0          0   (incl. Padding)

    ----------------------------------------------------------------------

      Code (inc. data)   RO Data    RW Data    ZI Data      Debug   Library Name

      5522        248        448          0         96       2964   c_w.l
      2838        196         16          0          0       2388   fz_ws.l
       504         18          0          0          0        624   m_ws.l

    ----------------------------------------------------------------------
      8892        462        464          0         96       5976   Library Totals

    ----------------------------------------------------------------------

==============================================================================


      Code (inc. data)   RO Data    RW Data    ZI Data      Debug   

     52828        736        848         12       2492     171211   Grand Totals
     52828        736        848         12       2492     171211   ELF Image Totals
     52828        736        848         12          0          0   ROM Totals

==============================================================================

    Total RO  Size (Code + RO Data)                53676 (  52.42kB)
    Total RW  Size (RW Data + ZI Data)              2504 (   2.45kB)
    Total ROM Size (Code + RO Data + RW Data)      53688 (  52.43kB)

==============================================================================

